<html>
<body>
<pre>
<h1>µVision Build Log</h1>
<h2>Tool Versions:</h2>
IDE-Version: ¥ìVision V5.33.0.0
Copyright (C) 2020 ARM Ltd and ARM Germany GmbH. All rights reserved.
License Information: haewon seo, kyunghee univ, LIC=XRMHK-Z2L9L-95SMC-K3LFP-CZLPV-2AW1Z
 
Tool Versions:
Toolchain:       MDK-ARM Cortex-M0/M23 for Nuvoton  Version: 5.33.0.0
Toolchain Path:  C:\Keil_v5\ARM\ARMCLANG\Bin
C Compiler:      ArmClang.exe V6.15
Assembler:       Armasm.exe V6.15
Linker/Locator:  ArmLink.exe V6.15
Library Manager: ArmAr.exe V6.15
Hex Converter:   FromElf.exe V6.15
CPU DLL:         
Dialog DLL:      
Target DLL:      NULink\Nu_Link.dll V3.05
Dialog DLL:      TCM.DLL V1.48.0.0
 
<h2>Project:</h2>
C:\Users\shw26\OneDrive\Desktop\2021\2021-1\Ä¸½ºÅæµðÀÚÀÎ2\Nuvoton\M2351_BSP_v3.00.004\M2351Series_BSP_CMSIS_V3.00.004\MyProject\PulseMonitoring\Secure\Secure.uvprojx
Project File Date:  06/07/2021

<h2>Output:</h2>
*** Using Compiler 'V6.15', folder: 'C:\Keil_v5\ARM\ARMCLANG\Bin'
Build Project 'Secure' - Target 'Secure'
creating preprocessor file for clk.c...
creating preprocessor file for i2c.c...
creating preprocessor file for retarget.c...
creating preprocessor file for fmc.c...
creating preprocessor file for gpio.c...
creating preprocessor file for system_M2351.c...
creating preprocessor file for crypto.c...
creating preprocessor file for spi.c...
creating preprocessor file for sys.c...
creating preprocessor file for uart.c...
compiling MAX30102.c...
creating preprocessor file for M2351_crypto.c...
creating list file for MAX30102.c...
creating preprocessor file for MAX30102.c...
creating preprocessor file for nsc.c...
creating preprocessor file for main.c...
linking...
Program Size: Code=15720 RO-data=16476 RW-data=916 ZI-data=3556  
".\Objects\Secure.axf" - 0 Error(s), 0 Warning(s).

<h2>Software Packages used:</h2>

Package Vendor: Nuvoton
                http://www.nuvoton.com/hq/enu/Documents/KEILSoftwarePack/Nuvoton.NuMicro_DFP.1.3.10.pack
                Nuvoton.NuMicro_DFP.1.3.10
                Nuvoton ARM Cortex-M NuMicro Family Device Support

<h2>Collection of Component include folders:</h2>
  C:\Users\shw26\AppData\Local\Arm\Packs\Nuvoton\NuMicro_DFP\1.3.10\Device\M2351\Include

<h2>Collection of Component Files used:</h2>
Build Time Elapsed:  00:00:17
</pre>
</body>
</html>
