	.text
	.syntax unified
	.eabi_attribute	67, "2.09"	@ Tag_conformance
	.cpu	cortex-m23
	.eabi_attribute	6, 16	@ Tag_CPU_arch
	.eabi_attribute	7, 77	@ Tag_CPU_arch_profile
	.eabi_attribute	8, 0	@ Tag_ARM_ISA_use
	.eabi_attribute	9, 3	@ Tag_THUMB_ISA_use
	.eabi_attribute	34, 0	@ Tag_CPU_unaligned_access
	.eabi_attribute	17, 1	@ Tag_ABI_PCS_GOT_use
	.eabi_attribute	20, 2	@ Tag_ABI_FP_denormal
	.eabi_attribute	21, 0	@ Tag_ABI_FP_exceptions
	.eabi_attribute	23, 1	@ Tag_ABI_FP_number_model
	.eabi_attribute	24, 1	@ Tag_ABI_align_needed
	.eabi_attribute	25, 1	@ Tag_ABI_align_preserved
	.eabi_attribute	38, 1	@ Tag_ABI_FP_16bit_format
	.eabi_attribute	18, 4	@ Tag_ABI_PCS_wchar_t
	.eabi_attribute	26, 2	@ Tag_ABI_enum_size
	.eabi_attribute	14, 0	@ Tag_ABI_PCS_R9_use
	.file	"main_ns.c"
	.file	1 "C:\\Users\\shw26\\OneDrive\\Desktop\\2021\\2021-1\\\354\272\241\354\212\244\355\206\244\353\224\224\354\236\220\354\235\2702\\Nuvoton\\M2351_BSP_v3.00.004\\M2351Series_BSP_CMSIS_V3.00.004\\MyProject\\NonSecure" "main_ns.c"
	.file	2 "C:\\" "Keil_v5\\ARM\\ARMCLANG\\Bin\\..\\include\\stdint.h"
	.section	.text.LED_On,"ax",%progbits
	.hidden	LED_On                          @ -- Begin function LED_On
	.globl	LED_On
	.p2align	2
	.type	LED_On,%function
	.code	16                              @ @LED_On
	.thumb_func
LED_On:
.Lfunc_begin0:
	.loc	1 28 0                          @ main_ns.c:28:0
	.fnstart
	.cfi_sections .debug_frame
	.cfi_startproc
@ %bb.0:
	.save	{r7, lr}
	push	{r7, lr}
	.cfi_def_cfa_offset 8
	.cfi_offset lr, -4
	.cfi_offset r7, -8
	.pad	#8
	sub	sp, #8
	.cfi_def_cfa_offset 16
	str	r0, [sp, #4]
.Ltmp0:
	.loc	1 29 5 prologue_end             @ main_ns.c:29:5
	ldr	r0, __arm_cp.0_0
	bl	printf
	ldr	r1, __arm_cp.0_1
	movs	r2, #0
	.loc	1 30 12                         @ main_ns.c:30:12
	str	r2, [r1]
	.loc	1 31 1                          @ main_ns.c:31:1
	add	sp, #8
	pop	{r7, pc}
.Ltmp1:
	.p2align	2
@ %bb.1:
	.loc	1 0 1 is_stmt 0                 @ main_ns.c:0:1
__arm_cp.0_0:
	.long	.L.str
.Lcpi_end0:
	.size	__arm_cp.0_0, .Lcpi_end0-__arm_cp.0_0
__arm_cp.0_1:
	.long	1342195840                      @ 0x50004880
.Lcpi_end1:
	.size	__arm_cp.0_1, .Lcpi_end1-__arm_cp.0_1
.Lfunc_end0:
	.size	LED_On, .Lfunc_end0-LED_On
	.cfi_endproc
	.cantunwind
	.fnend
                                        @ -- End function
	.section	.text.LED_Off,"ax",%progbits
	.hidden	LED_Off                         @ -- Begin function LED_Off
	.globl	LED_Off
	.p2align	2
	.type	LED_Off,%function
	.code	16                              @ @LED_Off
	.thumb_func
LED_Off:
.Lfunc_begin1:
	.loc	1 34 0 is_stmt 1                @ main_ns.c:34:0
	.fnstart
	.cfi_startproc
@ %bb.0:
	.save	{r7, lr}
	push	{r7, lr}
	.cfi_def_cfa_offset 8
	.cfi_offset lr, -4
	.cfi_offset r7, -8
	.pad	#8
	sub	sp, #8
	.cfi_def_cfa_offset 16
	str	r0, [sp, #4]
.Ltmp2:
	.loc	1 35 5 prologue_end             @ main_ns.c:35:5
	ldr	r0, __arm_cp.1_0
	bl	printf
	ldr	r1, __arm_cp.1_1
	movs	r2, #1
	.loc	1 36 12                         @ main_ns.c:36:12
	str	r2, [r1]
	.loc	1 37 1                          @ main_ns.c:37:1
	add	sp, #8
	pop	{r7, pc}
.Ltmp3:
	.p2align	2
@ %bb.1:
	.loc	1 0 1 is_stmt 0                 @ main_ns.c:0:1
__arm_cp.1_0:
	.long	.L.str.1
.Lcpi_end2:
	.size	__arm_cp.1_0, .Lcpi_end2-__arm_cp.1_0
__arm_cp.1_1:
	.long	1342195840                      @ 0x50004880
.Lcpi_end3:
	.size	__arm_cp.1_1, .Lcpi_end3-__arm_cp.1_1
.Lfunc_end1:
	.size	LED_Off, .Lfunc_end1-LED_Off
	.cfi_endproc
	.cantunwind
	.fnend
                                        @ -- End function
	.section	.text.ft_strdup,"ax",%progbits
	.hidden	ft_strdup                       @ -- Begin function ft_strdup
	.globl	ft_strdup
	.p2align	1
	.type	ft_strdup,%function
	.code	16                              @ @ft_strdup
	.thumb_func
ft_strdup:
.Lfunc_begin2:
	.loc	1 40 0 is_stmt 1                @ main_ns.c:40:0
	.fnstart
	.cfi_startproc
@ %bb.0:
	.save	{r7, lr}
	push	{r7, lr}
	.cfi_def_cfa_offset 8
	.cfi_offset lr, -4
	.cfi_offset r7, -8
	.pad	#16
	sub	sp, #16
	.cfi_def_cfa_offset 24
	str	r0, [sp, #8]
.Ltmp4:
	.loc	1 44 51 prologue_end            @ main_ns.c:44:51
	ldr	r0, [sp, #8]
	.loc	1 44 44 is_stmt 0               @ main_ns.c:44:44
	bl	strlen
	.loc	1 44 56                         @ main_ns.c:44:56
	adds	r0, r0, #1
	.loc	1 44 22                         @ main_ns.c:44:22
	bl	malloc
	.loc	1 44 12                         @ main_ns.c:44:12
	str	r0, [sp]
.Ltmp5:
	.loc	1 44 6                          @ main_ns.c:44:6
	cmp	r0, #0
	bne	.LBB2_2
	b	.LBB2_1
.LBB2_1:
	.loc	1 0 6                           @ main_ns.c:0:6
	movs	r0, #0
.Ltmp6:
	.loc	1 45 3 is_stmt 1                @ main_ns.c:45:3
	str	r0, [sp, #12]
	b	.LBB2_6
.Ltmp7:
.LBB2_2:
	.loc	1 0 3 is_stmt 0                 @ main_ns.c:0:3
	movs	r0, #0
	.loc	1 46 4 is_stmt 1                @ main_ns.c:46:4
	str	r0, [sp, #4]
	.loc	1 47 2                          @ main_ns.c:47:2
	b	.LBB2_3
.LBB2_3:                                @ =>This Inner Loop Header: Depth=1
	.loc	1 47 9 is_stmt 0                @ main_ns.c:47:9
	ldr	r0, [sp, #8]
	.loc	1 47 13                         @ main_ns.c:47:13
	ldr	r1, [sp, #4]
	.loc	1 47 9                          @ main_ns.c:47:9
	ldrb	r0, [r0, r1]
	.loc	1 47 2                          @ main_ns.c:47:2
	cmp	r0, #0
	beq	.LBB2_5
	b	.LBB2_4
.LBB2_4:                                @   in Loop: Header=BB2_3 Depth=1
.Ltmp8:
	.loc	1 49 12 is_stmt 1               @ main_ns.c:49:12
	ldr	r0, [sp, #8]
	.loc	1 49 16 is_stmt 0               @ main_ns.c:49:16
	ldr	r1, [sp, #4]
	.loc	1 49 12                         @ main_ns.c:49:12
	ldrb	r0, [r0, r1]
	.loc	1 49 3                          @ main_ns.c:49:3
	ldr	r2, [sp]
	.loc	1 49 10                         @ main_ns.c:49:10
	strb	r0, [r2, r1]
	.loc	1 50 4 is_stmt 1                @ main_ns.c:50:4
	ldr	r0, [sp, #4]
	adds	r0, r0, #1
	str	r0, [sp, #4]
.Ltmp9:
	.loc	1 47 2                          @ main_ns.c:47:2
	b	.LBB2_3
.LBB2_5:
	.loc	1 52 2                          @ main_ns.c:52:2
	ldr	r0, [sp]
	.loc	1 52 6 is_stmt 0                @ main_ns.c:52:6
	ldr	r1, [sp, #4]
	movs	r2, #0
	.loc	1 52 9                          @ main_ns.c:52:9
	strb	r2, [r0, r1]
	.loc	1 53 10 is_stmt 1               @ main_ns.c:53:10
	ldr	r0, [sp]
	.loc	1 53 2 is_stmt 0                @ main_ns.c:53:2
	str	r0, [sp, #12]
	b	.LBB2_6
.LBB2_6:
	.loc	1 54 1 is_stmt 1                @ main_ns.c:54:1
	ldr	r0, [sp, #12]
	add	sp, #16
	pop	{r7, pc}
.Ltmp10:
.Lfunc_end2:
	.size	ft_strdup, .Lfunc_end2-ft_strdup
	.cfi_endproc
	.cantunwind
	.fnend
                                        @ -- End function
	.section	.text.Send_Pulse_To_Server,"ax",%progbits
	.hidden	Send_Pulse_To_Server            @ -- Begin function Send_Pulse_To_Server
	.globl	Send_Pulse_To_Server
	.p2align	2
	.type	Send_Pulse_To_Server,%function
	.code	16                              @ @Send_Pulse_To_Server
	.thumb_func
Send_Pulse_To_Server:
.Lfunc_begin3:
	.loc	1 58 0                          @ main_ns.c:58:0
	.fnstart
	.cfi_startproc
@ %bb.0:
	.save	{r7, lr}
	push	{r7, lr}
	.cfi_def_cfa_offset 8
	.cfi_offset lr, -4
	.cfi_offset r7, -8
	.pad	#48
	sub	sp, #48
	.cfi_def_cfa_offset 56
	movs	r0, #0
.Ltmp11:
	.loc	1 63 10 prologue_end            @ main_ns.c:63:10
	str	r0, [sp, #28]
	movs	r1, #1
	movs	r2, #8
	.loc	1 66 8                          @ main_ns.c:66:8
	str	r0, [sp, #20]                   @ 4-byte Spill
	mov	r0, r1
	str	r1, [sp, #16]                   @ 4-byte Spill
	mov	r1, r2
	bl	calloc
	.loc	1 66 6 is_stmt 0                @ main_ns.c:66:6
	str	r0, [sp, #44]
	movs	r0, #110
	.loc	1 67 14 is_stmt 1               @ main_ns.c:67:14
	ldr	r1, [sp, #16]                   @ 4-byte Reload
	bl	calloc
	.loc	1 67 2 is_stmt 0                @ main_ns.c:67:2
	ldr	r1, [sp, #44]
	.loc	1 67 12                         @ main_ns.c:67:12
	str	r0, [r1]
	.loc	1 68 13 is_stmt 1               @ main_ns.c:68:13
	ldr	r0, __arm_cp.3_0
	bl	strlen
	.loc	1 68 2 is_stmt 0                @ main_ns.c:68:2
	ldr	r1, [sp, #44]
	.loc	1 68 11                         @ main_ns.c:68:11
	str	r0, [r1, #4]
.Ltmp12:
	.loc	1 70 9 is_stmt 1                @ main_ns.c:70:9
	ldr	r0, [sp, #20]                   @ 4-byte Reload
	str	r0, [sp, #24]
	.loc	1 70 7 is_stmt 0                @ main_ns.c:70:7
	b	.LBB3_1
.LBB3_1:                                @ =>This Inner Loop Header: Depth=1
.Ltmp13:
	.loc	1 70 14                         @ main_ns.c:70:14
	ldr	r0, [sp, #24]
	.loc	1 70 18                         @ main_ns.c:70:18
	ldr	r1, [sp, #44]
	.loc	1 70 23                         @ main_ns.c:70:23
	ldr	r1, [r1, #4]
.Ltmp14:
	.loc	1 70 2                          @ main_ns.c:70:2
	cmp	r0, r1
	bge	.LBB3_4
	b	.LBB3_2
.LBB3_2:                                @   in Loop: Header=BB3_1 Depth=1
.Ltmp15:
	.loc	1 71 28 is_stmt 1               @ main_ns.c:71:28
	ldr	r0, [sp, #24]
	.loc	1 71 20 is_stmt 0               @ main_ns.c:71:20
	ldr	r1, __arm_cp.3_0
	ldrb	r1, [r1, r0]
	.loc	1 71 4                          @ main_ns.c:71:4
	ldr	r2, [sp, #44]
	.loc	1 71 9                          @ main_ns.c:71:9
	ldr	r2, [r2]
	.loc	1 71 18                         @ main_ns.c:71:18
	strb	r1, [r2, r0]
	.loc	1 71 3                          @ main_ns.c:71:3
	b	.LBB3_3
.LBB3_3:                                @   in Loop: Header=BB3_1 Depth=1
	.loc	1 70 29 is_stmt 1               @ main_ns.c:70:29
	ldr	r0, [sp, #24]
	adds	r0, r0, #1
	str	r0, [sp, #24]
	.loc	1 70 2 is_stmt 0                @ main_ns.c:70:2
	b	.LBB3_1
.Ltmp16:
.LBB3_4:
	.loc	1 95 34 is_stmt 1               @ main_ns.c:95:34
	ldr	r0, [sp, #44]
	.loc	1 95 39 is_stmt 0               @ main_ns.c:95:39
	ldr	r1, [r0]
	.loc	1 95 2                          @ main_ns.c:95:2
	ldr	r0, __arm_cp.3_1
	bl	printf
	.loc	1 96 33 is_stmt 1               @ main_ns.c:96:33
	ldr	r1, [sp, #44]
	.loc	1 96 38 is_stmt 0               @ main_ns.c:96:38
	ldr	r1, [r1, #4]
	.loc	1 96 3                          @ main_ns.c:96:3
	ldr	r2, __arm_cp.3_2
	str	r0, [sp, #12]                   @ 4-byte Spill
	mov	r0, r2
	bl	printf
	.loc	1 100 25 is_stmt 1              @ main_ns.c:100:25
	ldr	r1, [sp, #44]
	movs	r2, #1
	.loc	1 100 2 is_stmt 0               @ main_ns.c:100:2
	str	r0, [sp, #8]                    @ 4-byte Spill
	mov	r0, r2
	bl	WIFI_PORT_Send_Data
	.loc	1 102 7 is_stmt 1               @ main_ns.c:102:7
	ldr	r1, [sp, #44]
	.loc	1 102 12 is_stmt 0              @ main_ns.c:102:12
	ldr	r1, [r1]
	.loc	1 102 2                         @ main_ns.c:102:2
	str	r0, [sp, #4]                    @ 4-byte Spill
	mov	r0, r1
	bl	free
	.loc	1 103 7 is_stmt 1               @ main_ns.c:103:7
	ldr	r0, [sp, #44]
	.loc	1 103 2 is_stmt 0               @ main_ns.c:103:2
	bl	free
	.loc	1 105 1 is_stmt 1               @ main_ns.c:105:1
	add	sp, #48
	pop	{r7, pc}
.Ltmp17:
	.p2align	2
@ %bb.5:
	.loc	1 0 1 is_stmt 0                 @ main_ns.c:0:1
__arm_cp.3_0:
	.long	GET_MSG
.Lcpi_end4:
	.size	__arm_cp.3_0, .Lcpi_end4-__arm_cp.3_0
__arm_cp.3_1:
	.long	.L.str.2
.Lcpi_end5:
	.size	__arm_cp.3_1, .Lcpi_end5-__arm_cp.3_1
__arm_cp.3_2:
	.long	.L.str.3
.Lcpi_end6:
	.size	__arm_cp.3_2, .Lcpi_end6-__arm_cp.3_2
.Lfunc_end3:
	.size	Send_Pulse_To_Server, .Lfunc_end3-Send_Pulse_To_Server
	.cfi_endproc
	.cantunwind
	.fnend
                                        @ -- End function
	.section	.text.Control_SW,"ax",%progbits
	.hidden	Control_SW                      @ -- Begin function Control_SW
	.globl	Control_SW
	.p2align	1
	.type	Control_SW,%function
	.code	16                              @ @Control_SW
	.thumb_func
Control_SW:
.Lfunc_begin4:
	.loc	1 108 0 is_stmt 1               @ main_ns.c:108:0
	.fnstart
	.cfi_startproc
@ %bb.0:
	.loc	1 109 2 prologue_end            @ main_ns.c:109:2
	bx	lr
.Ltmp18:
.Lfunc_end4:
	.size	Control_SW, .Lfunc_end4-Control_SW
	.cfi_endproc
	.cantunwind
	.fnend
                                        @ -- End function
	.section	.text.SysTick_Handler,"ax",%progbits
	.hidden	SysTick_Handler                 @ -- Begin function SysTick_Handler
	.globl	SysTick_Handler
	.p2align	1
	.type	SysTick_Handler,%function
	.code	16                              @ @SysTick_Handler
	.thumb_func
SysTick_Handler:
.Lfunc_begin5:
	.loc	1 118 0                         @ main_ns.c:118:0
	.fnstart
	.cfi_startproc
@ %bb.0:
	.loc	1 183 1 prologue_end            @ main_ns.c:183:1
	bx	lr
.Ltmp19:
.Lfunc_end5:
	.size	SysTick_Handler, .Lfunc_end5-SysTick_Handler
	.cfi_endproc
	.cantunwind
	.fnend
                                        @ -- End function
	.section	.text.main,"ax",%progbits
	.hidden	main                            @ -- Begin function main
	.globl	main
	.p2align	2
	.type	main,%function
	.code	16                              @ @main
	.thumb_func
main:
.Lfunc_begin6:
	.loc	1 191 0                         @ main_ns.c:191:0
	.fnstart
	.cfi_startproc
@ %bb.0:
	.save	{r7, lr}
	push	{r7, lr}
	.cfi_def_cfa_offset 8
	.cfi_offset lr, -4
	.cfi_offset r7, -8
	.pad	#40
	sub	sp, #40
	.cfi_def_cfa_offset 48
	movs	r0, #0
	str	r0, [sp, #36]
.Ltmp20:
	.loc	1 192 5 prologue_end            @ main_ns.c:192:5
	ldr	r0, __arm_cp.6_0
	str	r0, [sp, #32]                   @ 4-byte Spill
	bl	printf
	.loc	1 193 5                         @ main_ns.c:193:5
	ldr	r1, __arm_cp.6_1
	str	r0, [sp, #28]                   @ 4-byte Spill
	mov	r0, r1
	bl	printf
	.loc	1 194 5                         @ main_ns.c:194:5
	ldr	r1, [sp, #32]                   @ 4-byte Reload
	str	r0, [sp, #24]                   @ 4-byte Spill
	mov	r0, r1
	bl	printf
	.loc	1 197 5                         @ main_ns.c:197:5
	ldr	r1, __arm_cp.6_2
	str	r0, [sp, #20]                   @ 4-byte Spill
	mov	r0, r1
	bl	printf
	.loc	1 198 5                         @ main_ns.c:198:5
	ldr	r1, [sp, #32]                   @ 4-byte Reload
	str	r0, [sp, #16]                   @ 4-byte Spill
	mov	r0, r1
	bl	printf
	.loc	1 199 5                         @ main_ns.c:199:5
	ldr	r1, __arm_cp.6_3
	str	r0, [sp, #12]                   @ 4-byte Spill
	mov	r0, r1
	bl	printf
	.loc	1 200 5                         @ main_ns.c:200:5
	ldr	r1, [sp, #32]                   @ 4-byte Reload
	str	r0, [sp, #8]                    @ 4-byte Spill
	mov	r0, r1
	bl	printf
	.loc	1 202 4                         @ main_ns.c:202:4
	str	r0, [sp, #4]                    @ 4-byte Spill
	bl	WIFI_PORT_Start
	.loc	1 204 3                         @ main_ns.c:204:3
	b	.LBB6_1
.LBB6_1:                                @ =>This Loop Header: Depth=1
                                        @     Child Loop BB6_3 Depth 2
                                        @     Child Loop BB6_8 Depth 2
	.loc	1 0 3 is_stmt 0                 @ main_ns.c:0:3
	ldr	r0, __arm_cp.6_4
.Ltmp21:
	.loc	1 206 7 is_stmt 1               @ main_ns.c:206:7
	ldr	r0, [r0]
.Ltmp22:
	.loc	1 206 7 is_stmt 0               @ main_ns.c:206:7
	cmp	r0, #0
	bne	.LBB6_6
	b	.LBB6_2
.LBB6_2:                                @   in Loop: Header=BB6_1 Depth=1
.Ltmp23:
	.loc	1 208 5 is_stmt 1               @ main_ns.c:208:5
	b	.LBB6_3
.LBB6_3:                                @   Parent Loop BB6_1 Depth=1
                                        @ =>  This Inner Loop Header: Depth=2
	.loc	1 0 5 is_stmt 0                 @ main_ns.c:0:5
	ldr	r0, __arm_cp.6_4
	.loc	1 208 11                        @ main_ns.c:208:11
	ldr	r0, [r0]
	.loc	1 208 5                         @ main_ns.c:208:5
	cmp	r0, #0
	bne	.LBB6_5
	b	.LBB6_4
.LBB6_4:                                @   in Loop: Header=BB6_3 Depth=2
	b	.LBB6_3
.LBB6_5:                                @   in Loop: Header=BB6_1 Depth=1
	.loc	1 209 5 is_stmt 1               @ main_ns.c:209:5
	bl	Control_SW
	.loc	1 210 4                         @ main_ns.c:210:4
	b	.LBB6_6
.Ltmp24:
.LBB6_6:                                @   in Loop: Header=BB6_1 Depth=1
	.loc	1 0 4 is_stmt 0                 @ main_ns.c:0:4
	ldr	r0, __arm_cp.6_5
.Ltmp25:
	.loc	1 211 7 is_stmt 1               @ main_ns.c:211:7
	ldr	r0, [r0]
.Ltmp26:
	.loc	1 211 7 is_stmt 0               @ main_ns.c:211:7
	cmp	r0, #0
	bne	.LBB6_11
	b	.LBB6_7
.LBB6_7:                                @   in Loop: Header=BB6_1 Depth=1
.Ltmp27:
	.loc	1 213 5 is_stmt 1               @ main_ns.c:213:5
	b	.LBB6_8
.LBB6_8:                                @   Parent Loop BB6_1 Depth=1
                                        @ =>  This Inner Loop Header: Depth=2
	.loc	1 0 5 is_stmt 0                 @ main_ns.c:0:5
	ldr	r0, __arm_cp.6_5
	.loc	1 213 11                        @ main_ns.c:213:11
	ldr	r0, [r0]
	.loc	1 213 5                         @ main_ns.c:213:5
	cmp	r0, #0
	bne	.LBB6_10
	b	.LBB6_9
.LBB6_9:                                @   in Loop: Header=BB6_8 Depth=2
	b	.LBB6_8
.LBB6_10:                               @   in Loop: Header=BB6_1 Depth=1
	.loc	1 214 5 is_stmt 1               @ main_ns.c:214:5
	bl	Send_Pulse_To_Server
	.loc	1 215 4                         @ main_ns.c:215:4
	b	.LBB6_11
.Ltmp28:
.LBB6_11:                               @   in Loop: Header=BB6_1 Depth=1
	.loc	1 204 3                         @ main_ns.c:204:3
	b	.LBB6_1
.Ltmp29:
	.p2align	2
@ %bb.12:
	.loc	1 0 3 is_stmt 0                 @ main_ns.c:0:3
__arm_cp.6_0:
	.long	.L.str.4
.Lcpi_end7:
	.size	__arm_cp.6_0, .Lcpi_end7-__arm_cp.6_0
__arm_cp.6_1:
	.long	.L.str.5
.Lcpi_end8:
	.size	__arm_cp.6_1, .Lcpi_end8-__arm_cp.6_1
__arm_cp.6_2:
	.long	.L.str.6
.Lcpi_end9:
	.size	__arm_cp.6_2, .Lcpi_end9-__arm_cp.6_2
__arm_cp.6_3:
	.long	.L.str.7
.Lcpi_end10:
	.size	__arm_cp.6_3, .Lcpi_end10-__arm_cp.6_3
__arm_cp.6_4:
	.long	1342195776                      @ 0x50004840
.Lcpi_end11:
	.size	__arm_cp.6_4, .Lcpi_end11-__arm_cp.6_4
__arm_cp.6_5:
	.long	1342195780                      @ 0x50004844
.Lcpi_end12:
	.size	__arm_cp.6_5, .Lcpi_end12-__arm_cp.6_5
.Lfunc_end6:
	.size	main, .Lfunc_end6-main
	.cfi_endproc
	.cantunwind
	.fnend
                                        @ -- End function
	.hidden	GET_MSG_HEAD                    @ @GET_MSG_HEAD
	.type	GET_MSG_HEAD,%object
	.section	.rodata.GET_MSG_HEAD,"a",%progbits
	.globl	GET_MSG_HEAD
GET_MSG_HEAD:
	.asciz	"GET /process.php?pulse="
	.size	GET_MSG_HEAD, 24

	.hidden	GET_MSG_TAIL                    @ @GET_MSG_TAIL
	.type	GET_MSG_TAIL,%object
	.section	.rodata.GET_MSG_TAIL,"a",%progbits
	.globl	GET_MSG_TAIL
GET_MSG_TAIL:
	.asciz	" HTTP/1.0\nHost: 192.168.35.128\nConnection: keep-alive\nAccept: */*\n\n"
	.size	GET_MSG_TAIL, 68

	.hidden	GET_MSG                         @ @GET_MSG
	.type	GET_MSG,%object
	.section	.rodata.GET_MSG,"a",%progbits
	.globl	GET_MSG
GET_MSG:
	.asciz	"GET /process.php?pulse=1234 HTTP/1.1\nHost: 192.168.35.128\nConnection: keep-alive\nAccept: */*\n\n"
	.size	GET_MSG, 95

	.type	.L.str,%object                  @ @.str
	.section	.rodata.str1.1,"aMS",%progbits,1
.L.str:
	.asciz	"NS LED On call by NS\n"
	.size	.L.str, 22

	.type	.L.str.1,%object                @ @.str.1
.L.str.1:
	.asciz	"NS LED Off call by NS\n"
	.size	.L.str.1, 23

	.type	.L.str.2,%object                @ @.str.2
.L.str.2:
	.asciz	"get->data\t\t\t : \n%s\n"
	.size	.L.str.2, 20

	.type	.L.str.3,%object                @ @.str.3
.L.str.3:
	.asciz	"get->len \t\t\t : %d\n"
	.size	.L.str.3, 19

	.type	SysTick_Handler.u32Ticks,%object @ @SysTick_Handler.u32Ticks
	.section	.bss.SysTick_Handler.u32Ticks,"aw",%nobits
	.p2align	2
SysTick_Handler.u32Ticks:
	.long	0                               @ 0x0
	.size	SysTick_Handler.u32Ticks, 4

	.type	.L.str.4,%object                @ @.str.4
	.section	.rodata.str1.1,"aMS",%progbits,1
.L.str.4:
	.asciz	"+---------------------------------------------+\n"
	.size	.L.str.4, 49

	.type	.L.str.5,%object                @ @.str.5
.L.str.5:
	.asciz	"|             Non-Secure is running ...       |\n"
	.size	.L.str.5, 49

	.type	.L.str.6,%object                @ @.str.6
.L.str.6:
	.asciz	"\n"
	.size	.L.str.6, 2

	.type	.L.str.7,%object                @ @.str.7
.L.str.7:
	.asciz	"|            ESP8266 WiFi Module Start        |\n"
	.size	.L.str.7, 49

	.type	__ARM_use_no_argv,%object       @ @__ARM_use_no_argv
	.section	.ARM.use_no_argv,"aw",%progbits
	.globl	__ARM_use_no_argv
	.p2align	2
__ARM_use_no_argv:
	.long	1                               @ 0x1
	.size	__ARM_use_no_argv, 4

	.globl	__ARM_use_no_argv
	.file	3 "C:\\Users\\shw26\\OneDrive\\Desktop\\2021\\2021-1\\\354\272\241\354\212\244\355\206\244\353\224\224\354\236\220\354\235\2702\\Nuvoton\\M2351_BSP_v3.00.004\\M2351Series_BSP_CMSIS_V3.00.004\\MyProject\\NonSecure" "../NonSecure/wifi.h"
	.section	.debug_abbrev,"",%progbits
	.byte	1                               @ Abbreviation Code
	.byte	17                              @ DW_TAG_compile_unit
	.byte	1                               @ DW_CHILDREN_yes
	.byte	37                              @ DW_AT_producer
	.byte	14                              @ DW_FORM_strp
	.byte	19                              @ DW_AT_language
	.byte	5                               @ DW_FORM_data2
	.byte	3                               @ DW_AT_name
	.byte	14                              @ DW_FORM_strp
	.byte	16                              @ DW_AT_stmt_list
	.byte	6                               @ DW_FORM_data4
	.byte	27                              @ DW_AT_comp_dir
	.byte	14                              @ DW_FORM_strp
	.byte	17                              @ DW_AT_low_pc
	.byte	1                               @ DW_FORM_addr
	.byte	85                              @ DW_AT_ranges
	.byte	6                               @ DW_FORM_data4
	.byte	0                               @ EOM(1)
	.byte	0                               @ EOM(2)
	.byte	2                               @ Abbreviation Code
	.byte	52                              @ DW_TAG_variable
	.byte	0                               @ DW_CHILDREN_no
	.byte	3                               @ DW_AT_name
	.byte	14                              @ DW_FORM_strp
	.byte	73                              @ DW_AT_type
	.byte	19                              @ DW_FORM_ref4
	.byte	63                              @ DW_AT_external
	.byte	12                              @ DW_FORM_flag
	.byte	58                              @ DW_AT_decl_file
	.byte	11                              @ DW_FORM_data1
	.byte	59                              @ DW_AT_decl_line
	.byte	11                              @ DW_FORM_data1
	.byte	2                               @ DW_AT_location
	.byte	10                              @ DW_FORM_block1
	.byte	0                               @ EOM(1)
	.byte	0                               @ EOM(2)
	.byte	3                               @ Abbreviation Code
	.byte	1                               @ DW_TAG_array_type
	.byte	1                               @ DW_CHILDREN_yes
	.byte	73                              @ DW_AT_type
	.byte	19                              @ DW_FORM_ref4
	.byte	0                               @ EOM(1)
	.byte	0                               @ EOM(2)
	.byte	4                               @ Abbreviation Code
	.byte	33                              @ DW_TAG_subrange_type
	.byte	0                               @ DW_CHILDREN_no
	.byte	73                              @ DW_AT_type
	.byte	19                              @ DW_FORM_ref4
	.byte	55                              @ DW_AT_count
	.byte	11                              @ DW_FORM_data1
	.byte	0                               @ EOM(1)
	.byte	0                               @ EOM(2)
	.byte	5                               @ Abbreviation Code
	.byte	38                              @ DW_TAG_const_type
	.byte	0                               @ DW_CHILDREN_no
	.byte	73                              @ DW_AT_type
	.byte	19                              @ DW_FORM_ref4
	.byte	0                               @ EOM(1)
	.byte	0                               @ EOM(2)
	.byte	6                               @ Abbreviation Code
	.byte	36                              @ DW_TAG_base_type
	.byte	0                               @ DW_CHILDREN_no
	.byte	3                               @ DW_AT_name
	.byte	14                              @ DW_FORM_strp
	.byte	62                              @ DW_AT_encoding
	.byte	11                              @ DW_FORM_data1
	.byte	11                              @ DW_AT_byte_size
	.byte	11                              @ DW_FORM_data1
	.byte	0                               @ EOM(1)
	.byte	0                               @ EOM(2)
	.byte	7                               @ Abbreviation Code
	.byte	36                              @ DW_TAG_base_type
	.byte	0                               @ DW_CHILDREN_no
	.byte	3                               @ DW_AT_name
	.byte	14                              @ DW_FORM_strp
	.byte	11                              @ DW_AT_byte_size
	.byte	11                              @ DW_FORM_data1
	.byte	62                              @ DW_AT_encoding
	.byte	11                              @ DW_FORM_data1
	.byte	0                               @ EOM(1)
	.byte	0                               @ EOM(2)
	.byte	8                               @ Abbreviation Code
	.byte	46                              @ DW_TAG_subprogram
	.byte	1                               @ DW_CHILDREN_yes
	.byte	17                              @ DW_AT_low_pc
	.byte	1                               @ DW_FORM_addr
	.byte	18                              @ DW_AT_high_pc
	.byte	1                               @ DW_FORM_addr
	.byte	64                              @ DW_AT_frame_base
	.byte	10                              @ DW_FORM_block1
	.byte	3                               @ DW_AT_name
	.byte	14                              @ DW_FORM_strp
	.byte	58                              @ DW_AT_decl_file
	.byte	11                              @ DW_FORM_data1
	.byte	59                              @ DW_AT_decl_line
	.byte	11                              @ DW_FORM_data1
	.byte	39                              @ DW_AT_prototyped
	.byte	12                              @ DW_FORM_flag
	.byte	63                              @ DW_AT_external
	.byte	12                              @ DW_FORM_flag
	.byte	0                               @ EOM(1)
	.byte	0                               @ EOM(2)
	.byte	9                               @ Abbreviation Code
	.byte	52                              @ DW_TAG_variable
	.byte	0                               @ DW_CHILDREN_no
	.byte	3                               @ DW_AT_name
	.byte	14                              @ DW_FORM_strp
	.byte	73                              @ DW_AT_type
	.byte	19                              @ DW_FORM_ref4
	.byte	58                              @ DW_AT_decl_file
	.byte	11                              @ DW_FORM_data1
	.byte	59                              @ DW_AT_decl_line
	.byte	11                              @ DW_FORM_data1
	.byte	2                               @ DW_AT_location
	.byte	10                              @ DW_FORM_block1
	.byte	0                               @ EOM(1)
	.byte	0                               @ EOM(2)
	.byte	10                              @ Abbreviation Code
	.byte	22                              @ DW_TAG_typedef
	.byte	0                               @ DW_CHILDREN_no
	.byte	73                              @ DW_AT_type
	.byte	19                              @ DW_FORM_ref4
	.byte	3                               @ DW_AT_name
	.byte	14                              @ DW_FORM_strp
	.byte	58                              @ DW_AT_decl_file
	.byte	11                              @ DW_FORM_data1
	.byte	59                              @ DW_AT_decl_line
	.byte	11                              @ DW_FORM_data1
	.byte	0                               @ EOM(1)
	.byte	0                               @ EOM(2)
	.byte	11                              @ Abbreviation Code
	.byte	15                              @ DW_TAG_pointer_type
	.byte	0                               @ DW_CHILDREN_no
	.byte	73                              @ DW_AT_type
	.byte	19                              @ DW_FORM_ref4
	.byte	0                               @ EOM(1)
	.byte	0                               @ EOM(2)
	.byte	12                              @ Abbreviation Code
	.byte	53                              @ DW_TAG_volatile_type
	.byte	0                               @ DW_CHILDREN_no
	.byte	73                              @ DW_AT_type
	.byte	19                              @ DW_FORM_ref4
	.byte	0                               @ EOM(1)
	.byte	0                               @ EOM(2)
	.byte	13                              @ Abbreviation Code
	.byte	5                               @ DW_TAG_formal_parameter
	.byte	0                               @ DW_CHILDREN_no
	.byte	2                               @ DW_AT_location
	.byte	10                              @ DW_FORM_block1
	.byte	3                               @ DW_AT_name
	.byte	14                              @ DW_FORM_strp
	.byte	58                              @ DW_AT_decl_file
	.byte	11                              @ DW_FORM_data1
	.byte	59                              @ DW_AT_decl_line
	.byte	11                              @ DW_FORM_data1
	.byte	73                              @ DW_AT_type
	.byte	19                              @ DW_FORM_ref4
	.byte	0                               @ EOM(1)
	.byte	0                               @ EOM(2)
	.byte	14                              @ Abbreviation Code
	.byte	46                              @ DW_TAG_subprogram
	.byte	1                               @ DW_CHILDREN_yes
	.byte	17                              @ DW_AT_low_pc
	.byte	1                               @ DW_FORM_addr
	.byte	18                              @ DW_AT_high_pc
	.byte	1                               @ DW_FORM_addr
	.byte	64                              @ DW_AT_frame_base
	.byte	10                              @ DW_FORM_block1
	.byte	3                               @ DW_AT_name
	.byte	14                              @ DW_FORM_strp
	.byte	58                              @ DW_AT_decl_file
	.byte	11                              @ DW_FORM_data1
	.byte	59                              @ DW_AT_decl_line
	.byte	11                              @ DW_FORM_data1
	.byte	39                              @ DW_AT_prototyped
	.byte	12                              @ DW_FORM_flag
	.byte	73                              @ DW_AT_type
	.byte	19                              @ DW_FORM_ref4
	.byte	63                              @ DW_AT_external
	.byte	12                              @ DW_FORM_flag
	.byte	0                               @ EOM(1)
	.byte	0                               @ EOM(2)
	.byte	15                              @ Abbreviation Code
	.byte	52                              @ DW_TAG_variable
	.byte	0                               @ DW_CHILDREN_no
	.byte	2                               @ DW_AT_location
	.byte	10                              @ DW_FORM_block1
	.byte	3                               @ DW_AT_name
	.byte	14                              @ DW_FORM_strp
	.byte	58                              @ DW_AT_decl_file
	.byte	11                              @ DW_FORM_data1
	.byte	59                              @ DW_AT_decl_line
	.byte	11                              @ DW_FORM_data1
	.byte	73                              @ DW_AT_type
	.byte	19                              @ DW_FORM_ref4
	.byte	0                               @ EOM(1)
	.byte	0                               @ EOM(2)
	.byte	16                              @ Abbreviation Code
	.byte	46                              @ DW_TAG_subprogram
	.byte	1                               @ DW_CHILDREN_yes
	.byte	17                              @ DW_AT_low_pc
	.byte	1                               @ DW_FORM_addr
	.byte	18                              @ DW_AT_high_pc
	.byte	1                               @ DW_FORM_addr
	.byte	64                              @ DW_AT_frame_base
	.byte	10                              @ DW_FORM_block1
	.byte	3                               @ DW_AT_name
	.byte	14                              @ DW_FORM_strp
	.byte	58                              @ DW_AT_decl_file
	.byte	11                              @ DW_FORM_data1
	.byte	59                              @ DW_AT_decl_line
	.byte	11                              @ DW_FORM_data1
	.byte	63                              @ DW_AT_external
	.byte	12                              @ DW_FORM_flag
	.byte	0                               @ EOM(1)
	.byte	0                               @ EOM(2)
	.byte	17                              @ Abbreviation Code
	.byte	46                              @ DW_TAG_subprogram
	.byte	0                               @ DW_CHILDREN_no
	.byte	17                              @ DW_AT_low_pc
	.byte	1                               @ DW_FORM_addr
	.byte	18                              @ DW_AT_high_pc
	.byte	1                               @ DW_FORM_addr
	.byte	64                              @ DW_AT_frame_base
	.byte	10                              @ DW_FORM_block1
	.byte	3                               @ DW_AT_name
	.byte	14                              @ DW_FORM_strp
	.byte	58                              @ DW_AT_decl_file
	.byte	11                              @ DW_FORM_data1
	.byte	59                              @ DW_AT_decl_line
	.byte	11                              @ DW_FORM_data1
	.byte	63                              @ DW_AT_external
	.byte	12                              @ DW_FORM_flag
	.byte	0                               @ EOM(1)
	.byte	0                               @ EOM(2)
	.byte	18                              @ Abbreviation Code
	.byte	46                              @ DW_TAG_subprogram
	.byte	0                               @ DW_CHILDREN_no
	.byte	17                              @ DW_AT_low_pc
	.byte	1                               @ DW_FORM_addr
	.byte	18                              @ DW_AT_high_pc
	.byte	1                               @ DW_FORM_addr
	.byte	64                              @ DW_AT_frame_base
	.byte	10                              @ DW_FORM_block1
	.byte	3                               @ DW_AT_name
	.byte	14                              @ DW_FORM_strp
	.byte	58                              @ DW_AT_decl_file
	.byte	11                              @ DW_FORM_data1
	.byte	59                              @ DW_AT_decl_line
	.byte	11                              @ DW_FORM_data1
	.byte	39                              @ DW_AT_prototyped
	.byte	12                              @ DW_FORM_flag
	.byte	73                              @ DW_AT_type
	.byte	19                              @ DW_FORM_ref4
	.byte	63                              @ DW_AT_external
	.byte	12                              @ DW_FORM_flag
	.byte	0                               @ EOM(1)
	.byte	0                               @ EOM(2)
	.byte	19                              @ Abbreviation Code
	.byte	19                              @ DW_TAG_structure_type
	.byte	1                               @ DW_CHILDREN_yes
	.byte	3                               @ DW_AT_name
	.byte	14                              @ DW_FORM_strp
	.byte	11                              @ DW_AT_byte_size
	.byte	11                              @ DW_FORM_data1
	.byte	58                              @ DW_AT_decl_file
	.byte	11                              @ DW_FORM_data1
	.byte	59                              @ DW_AT_decl_line
	.byte	11                              @ DW_FORM_data1
	.byte	0                               @ EOM(1)
	.byte	0                               @ EOM(2)
	.byte	20                              @ Abbreviation Code
	.byte	13                              @ DW_TAG_member
	.byte	0                               @ DW_CHILDREN_no
	.byte	3                               @ DW_AT_name
	.byte	14                              @ DW_FORM_strp
	.byte	73                              @ DW_AT_type
	.byte	19                              @ DW_FORM_ref4
	.byte	58                              @ DW_AT_decl_file
	.byte	11                              @ DW_FORM_data1
	.byte	59                              @ DW_AT_decl_line
	.byte	11                              @ DW_FORM_data1
	.byte	56                              @ DW_AT_data_member_location
	.byte	11                              @ DW_FORM_data1
	.byte	0                               @ EOM(1)
	.byte	0                               @ EOM(2)
	.byte	0                               @ EOM(3)
	.section	.debug_info,"",%progbits
.Lcu_begin0:
	.long	.Ldebug_info_end0-.Ldebug_info_start0 @ Length of Unit
.Ldebug_info_start0:
	.short	3                               @ DWARF version number
	.long	.debug_abbrev                   @ Offset Into Abbrev. Section
	.byte	4                               @ Address Size (in bytes)
	.byte	1                               @ Abbrev [1] 0xb:0x22d DW_TAG_compile_unit
	.long	.Linfo_string0                  @ DW_AT_producer
	.short	12                              @ DW_AT_language
	.long	.Linfo_string1                  @ DW_AT_name
	.long	.Lline_table_start0             @ DW_AT_stmt_list
	.long	.Linfo_string2                  @ DW_AT_comp_dir
	.long	0                               @ DW_AT_low_pc
	.long	.Ldebug_ranges0                 @ DW_AT_ranges
	.byte	2                               @ Abbrev [2] 0x26:0x12 DW_TAG_variable
	.long	.Linfo_string3                  @ DW_AT_name
	.long	56                              @ DW_AT_type
	.byte	1                               @ DW_AT_external
	.byte	1                               @ DW_AT_decl_file
	.byte	20                              @ DW_AT_decl_line
	.byte	5                               @ DW_AT_location
	.byte	3
	.long	GET_MSG_HEAD
	.byte	3                               @ Abbrev [3] 0x38:0xc DW_TAG_array_type
	.long	68                              @ DW_AT_type
	.byte	4                               @ Abbrev [4] 0x3d:0x6 DW_TAG_subrange_type
	.long	80                              @ DW_AT_type
	.byte	24                              @ DW_AT_count
	.byte	0                               @ End Of Children Mark
	.byte	5                               @ Abbrev [5] 0x44:0x5 DW_TAG_const_type
	.long	73                              @ DW_AT_type
	.byte	6                               @ Abbrev [6] 0x49:0x7 DW_TAG_base_type
	.long	.Linfo_string4                  @ DW_AT_name
	.byte	8                               @ DW_AT_encoding
	.byte	1                               @ DW_AT_byte_size
	.byte	7                               @ Abbrev [7] 0x50:0x7 DW_TAG_base_type
	.long	.Linfo_string5                  @ DW_AT_name
	.byte	8                               @ DW_AT_byte_size
	.byte	7                               @ DW_AT_encoding
	.byte	2                               @ Abbrev [2] 0x57:0x12 DW_TAG_variable
	.long	.Linfo_string6                  @ DW_AT_name
	.long	105                             @ DW_AT_type
	.byte	1                               @ DW_AT_external
	.byte	1                               @ DW_AT_decl_file
	.byte	21                              @ DW_AT_decl_line
	.byte	5                               @ DW_AT_location
	.byte	3
	.long	GET_MSG_TAIL
	.byte	3                               @ Abbrev [3] 0x69:0xc DW_TAG_array_type
	.long	68                              @ DW_AT_type
	.byte	4                               @ Abbrev [4] 0x6e:0x6 DW_TAG_subrange_type
	.long	80                              @ DW_AT_type
	.byte	68                              @ DW_AT_count
	.byte	0                               @ End Of Children Mark
	.byte	2                               @ Abbrev [2] 0x75:0x12 DW_TAG_variable
	.long	.Linfo_string7                  @ DW_AT_name
	.long	135                             @ DW_AT_type
	.byte	1                               @ DW_AT_external
	.byte	1                               @ DW_AT_decl_file
	.byte	22                              @ DW_AT_decl_line
	.byte	5                               @ DW_AT_location
	.byte	3
	.long	GET_MSG
	.byte	3                               @ Abbrev [3] 0x87:0xc DW_TAG_array_type
	.long	68                              @ DW_AT_type
	.byte	4                               @ Abbrev [4] 0x8c:0x6 DW_TAG_subrange_type
	.long	80                              @ DW_AT_type
	.byte	95                              @ DW_AT_count
	.byte	0                               @ End Of Children Mark
	.byte	8                               @ Abbrev [8] 0x93:0x25 DW_TAG_subprogram
	.long	.Lfunc_begin5                   @ DW_AT_low_pc
	.long	.Lfunc_end5                     @ DW_AT_high_pc
	.byte	1                               @ DW_AT_frame_base
	.byte	93
	.long	.Linfo_string16                 @ DW_AT_name
	.byte	1                               @ DW_AT_decl_file
	.byte	117                             @ DW_AT_decl_line
	.byte	1                               @ DW_AT_prototyped
	.byte	1                               @ DW_AT_external
	.byte	9                               @ Abbrev [9] 0xa6:0x11 DW_TAG_variable
	.long	.Linfo_string8                  @ DW_AT_name
	.long	184                             @ DW_AT_type
	.byte	1                               @ DW_AT_decl_file
	.byte	119                             @ DW_AT_decl_line
	.byte	5                               @ DW_AT_location
	.byte	3
	.long	SysTick_Handler.u32Ticks
	.byte	0                               @ End Of Children Mark
	.byte	10                              @ Abbrev [10] 0xb8:0xb DW_TAG_typedef
	.long	195                             @ DW_AT_type
	.long	.Linfo_string10                 @ DW_AT_name
	.byte	2                               @ DW_AT_decl_file
	.byte	64                              @ DW_AT_decl_line
	.byte	6                               @ Abbrev [6] 0xc3:0x7 DW_TAG_base_type
	.long	.Linfo_string9                  @ DW_AT_name
	.byte	7                               @ DW_AT_encoding
	.byte	4                               @ DW_AT_byte_size
	.byte	11                              @ Abbrev [11] 0xca:0x5 DW_TAG_pointer_type
	.long	207                             @ DW_AT_type
	.byte	12                              @ Abbrev [12] 0xcf:0x5 DW_TAG_volatile_type
	.long	184                             @ DW_AT_type
	.byte	11                              @ Abbrev [11] 0xd4:0x5 DW_TAG_pointer_type
	.long	73                              @ DW_AT_type
	.byte	8                               @ Abbrev [8] 0xd9:0x22 DW_TAG_subprogram
	.long	.Lfunc_begin0                   @ DW_AT_low_pc
	.long	.Lfunc_end0                     @ DW_AT_high_pc
	.byte	1                               @ DW_AT_frame_base
	.byte	93
	.long	.Linfo_string11                 @ DW_AT_name
	.byte	1                               @ DW_AT_decl_file
	.byte	27                              @ DW_AT_decl_line
	.byte	1                               @ DW_AT_prototyped
	.byte	1                               @ DW_AT_external
	.byte	13                              @ Abbrev [13] 0xec:0xe DW_TAG_formal_parameter
	.byte	2                               @ DW_AT_location
	.byte	145
	.byte	4
	.long	.Linfo_string19                 @ DW_AT_name
	.byte	1                               @ DW_AT_decl_file
	.byte	27                              @ DW_AT_decl_line
	.long	184                             @ DW_AT_type
	.byte	0                               @ End Of Children Mark
	.byte	8                               @ Abbrev [8] 0xfb:0x22 DW_TAG_subprogram
	.long	.Lfunc_begin1                   @ DW_AT_low_pc
	.long	.Lfunc_end1                     @ DW_AT_high_pc
	.byte	1                               @ DW_AT_frame_base
	.byte	93
	.long	.Linfo_string12                 @ DW_AT_name
	.byte	1                               @ DW_AT_decl_file
	.byte	33                              @ DW_AT_decl_line
	.byte	1                               @ DW_AT_prototyped
	.byte	1                               @ DW_AT_external
	.byte	13                              @ Abbrev [13] 0x10e:0xe DW_TAG_formal_parameter
	.byte	2                               @ DW_AT_location
	.byte	145
	.byte	4
	.long	.Linfo_string19                 @ DW_AT_name
	.byte	1                               @ DW_AT_decl_file
	.byte	33                              @ DW_AT_decl_line
	.long	184                             @ DW_AT_type
	.byte	0                               @ End Of Children Mark
	.byte	14                              @ Abbrev [14] 0x11d:0x42 DW_TAG_subprogram
	.long	.Lfunc_begin2                   @ DW_AT_low_pc
	.long	.Lfunc_end2                     @ DW_AT_high_pc
	.byte	1                               @ DW_AT_frame_base
	.byte	93
	.long	.Linfo_string13                 @ DW_AT_name
	.byte	1                               @ DW_AT_decl_file
	.byte	39                              @ DW_AT_decl_line
	.byte	1                               @ DW_AT_prototyped
	.long	212                             @ DW_AT_type
	.byte	1                               @ DW_AT_external
	.byte	13                              @ Abbrev [13] 0x134:0xe DW_TAG_formal_parameter
	.byte	2                               @ DW_AT_location
	.byte	145
	.byte	8
	.long	.Linfo_string20                 @ DW_AT_name
	.byte	1                               @ DW_AT_decl_file
	.byte	39                              @ DW_AT_decl_line
	.long	502                             @ DW_AT_type
	.byte	15                              @ Abbrev [15] 0x142:0xe DW_TAG_variable
	.byte	2                               @ DW_AT_location
	.byte	145
	.byte	4
	.long	.Linfo_string21                 @ DW_AT_name
	.byte	1                               @ DW_AT_decl_file
	.byte	41                              @ DW_AT_decl_line
	.long	495                             @ DW_AT_type
	.byte	15                              @ Abbrev [15] 0x150:0xe DW_TAG_variable
	.byte	2                               @ DW_AT_location
	.byte	145
	.byte	0
	.long	.Linfo_string22                 @ DW_AT_name
	.byte	1                               @ DW_AT_decl_file
	.byte	42                              @ DW_AT_decl_line
	.long	212                             @ DW_AT_type
	.byte	0                               @ End Of Children Mark
	.byte	16                              @ Abbrev [16] 0x15f:0x67 DW_TAG_subprogram
	.long	.Lfunc_begin3                   @ DW_AT_low_pc
	.long	.Lfunc_end3                     @ DW_AT_high_pc
	.byte	1                               @ DW_AT_frame_base
	.byte	93
	.long	.Linfo_string14                 @ DW_AT_name
	.byte	1                               @ DW_AT_decl_file
	.byte	57                              @ DW_AT_decl_line
	.byte	1                               @ DW_AT_external
	.byte	15                              @ Abbrev [15] 0x171:0xe DW_TAG_variable
	.byte	2                               @ DW_AT_location
	.byte	145
	.byte	44
	.long	.Linfo_string23                 @ DW_AT_name
	.byte	1                               @ DW_AT_decl_file
	.byte	59                              @ DW_AT_decl_line
	.long	507                             @ DW_AT_type
	.byte	15                              @ Abbrev [15] 0x17f:0xe DW_TAG_variable
	.byte	2                               @ DW_AT_location
	.byte	145
	.byte	40
	.long	.Linfo_string28                 @ DW_AT_name
	.byte	1                               @ DW_AT_decl_file
	.byte	60                              @ DW_AT_decl_line
	.long	556                             @ DW_AT_type
	.byte	15                              @ Abbrev [15] 0x18d:0xe DW_TAG_variable
	.byte	2                               @ DW_AT_location
	.byte	145
	.byte	36
	.long	.Linfo_string30                 @ DW_AT_name
	.byte	1                               @ DW_AT_decl_file
	.byte	61                              @ DW_AT_decl_line
	.long	556                             @ DW_AT_type
	.byte	15                              @ Abbrev [15] 0x19b:0xe DW_TAG_variable
	.byte	2                               @ DW_AT_location
	.byte	145
	.byte	32
	.long	.Linfo_string31                 @ DW_AT_name
	.byte	1                               @ DW_AT_decl_file
	.byte	62                              @ DW_AT_decl_line
	.long	212                             @ DW_AT_type
	.byte	15                              @ Abbrev [15] 0x1a9:0xe DW_TAG_variable
	.byte	2                               @ DW_AT_location
	.byte	145
	.byte	28
	.long	.Linfo_string32                 @ DW_AT_name
	.byte	1                               @ DW_AT_decl_file
	.byte	63                              @ DW_AT_decl_line
	.long	556                             @ DW_AT_type
	.byte	15                              @ Abbrev [15] 0x1b7:0xe DW_TAG_variable
	.byte	2                               @ DW_AT_location
	.byte	145
	.byte	24
	.long	.Linfo_string21                 @ DW_AT_name
	.byte	1                               @ DW_AT_decl_file
	.byte	64                              @ DW_AT_decl_line
	.long	495                             @ DW_AT_type
	.byte	0                               @ End Of Children Mark
	.byte	17                              @ Abbrev [17] 0x1c6:0x12 DW_TAG_subprogram
	.long	.Lfunc_begin4                   @ DW_AT_low_pc
	.long	.Lfunc_end4                     @ DW_AT_high_pc
	.byte	1                               @ DW_AT_frame_base
	.byte	93
	.long	.Linfo_string15                 @ DW_AT_name
	.byte	1                               @ DW_AT_decl_file
	.byte	107                             @ DW_AT_decl_line
	.byte	1                               @ DW_AT_external
	.byte	18                              @ Abbrev [18] 0x1d8:0x17 DW_TAG_subprogram
	.long	.Lfunc_begin6                   @ DW_AT_low_pc
	.long	.Lfunc_end6                     @ DW_AT_high_pc
	.byte	1                               @ DW_AT_frame_base
	.byte	93
	.long	.Linfo_string17                 @ DW_AT_name
	.byte	1                               @ DW_AT_decl_file
	.byte	190                             @ DW_AT_decl_line
	.byte	1                               @ DW_AT_prototyped
	.long	495                             @ DW_AT_type
	.byte	1                               @ DW_AT_external
	.byte	6                               @ Abbrev [6] 0x1ef:0x7 DW_TAG_base_type
	.long	.Linfo_string18                 @ DW_AT_name
	.byte	5                               @ DW_AT_encoding
	.byte	4                               @ DW_AT_byte_size
	.byte	11                              @ Abbrev [11] 0x1f6:0x5 DW_TAG_pointer_type
	.long	68                              @ DW_AT_type
	.byte	11                              @ Abbrev [11] 0x1fb:0x5 DW_TAG_pointer_type
	.long	512                             @ DW_AT_type
	.byte	10                              @ Abbrev [10] 0x200:0xb DW_TAG_typedef
	.long	523                             @ DW_AT_type
	.long	.Linfo_string27                 @ DW_AT_name
	.byte	3                               @ DW_AT_decl_file
	.byte	40                              @ DW_AT_decl_line
	.byte	19                              @ Abbrev [19] 0x20b:0x21 DW_TAG_structure_type
	.long	.Linfo_string26                 @ DW_AT_name
	.byte	8                               @ DW_AT_byte_size
	.byte	3                               @ DW_AT_decl_file
	.byte	36                              @ DW_AT_decl_line
	.byte	20                              @ Abbrev [20] 0x213:0xc DW_TAG_member
	.long	.Linfo_string24                 @ DW_AT_name
	.long	212                             @ DW_AT_type
	.byte	3                               @ DW_AT_decl_file
	.byte	38                              @ DW_AT_decl_line
	.byte	0                               @ DW_AT_data_member_location
	.byte	20                              @ Abbrev [20] 0x21f:0xc DW_TAG_member
	.long	.Linfo_string25                 @ DW_AT_name
	.long	495                             @ DW_AT_type
	.byte	3                               @ DW_AT_decl_file
	.byte	39                              @ DW_AT_decl_line
	.byte	4                               @ DW_AT_data_member_location
	.byte	0                               @ End Of Children Mark
	.byte	10                              @ Abbrev [10] 0x22c:0xb DW_TAG_typedef
	.long	495                             @ DW_AT_type
	.long	.Linfo_string29                 @ DW_AT_name
	.byte	2                               @ DW_AT_decl_file
	.byte	58                              @ DW_AT_decl_line
	.byte	0                               @ End Of Children Mark
.Ldebug_info_end0:
	.section	.debug_ranges,"",%progbits
.Ldebug_ranges0:
	.long	.Lfunc_begin0
	.long	.Lfunc_end0
	.long	.Lfunc_begin1
	.long	.Lfunc_end1
	.long	.Lfunc_begin2
	.long	.Lfunc_end2
	.long	.Lfunc_begin3
	.long	.Lfunc_end3
	.long	.Lfunc_begin4
	.long	.Lfunc_end4
	.long	.Lfunc_begin5
	.long	.Lfunc_end5
	.long	.Lfunc_begin6
	.long	.Lfunc_end6
	.long	0
	.long	0
	.section	.debug_str,"MS",%progbits,1
.Linfo_string0:
	.asciz	"Component: ARM Compiler 6.15 Tool: armclang [5dd79400]" @ string offset=0
.Linfo_string1:
	.asciz	"../NonSecure\\main_ns.c"       @ string offset=55
.Linfo_string2:
	.asciz	"C:\\Users\\shw26\\OneDrive\\Desktop\\2021\\2021-1\\\354\272\241\354\212\244\355\206\244\353\224\224\354\236\220\354\235\2702\\Nuvoton\\M2351_BSP_v3.00.004\\M2351Series_BSP_CMSIS_V3.00.004\\MyProject\\NonSecure" @ string offset=78
.Linfo_string3:
	.asciz	"GET_MSG_HEAD"                  @ string offset=222
.Linfo_string4:
	.asciz	"char"                          @ string offset=235
.Linfo_string5:
	.asciz	"__ARRAY_SIZE_TYPE__"           @ string offset=240
.Linfo_string6:
	.asciz	"GET_MSG_TAIL"                  @ string offset=260
.Linfo_string7:
	.asciz	"GET_MSG"                       @ string offset=273
.Linfo_string8:
	.asciz	"u32Ticks"                      @ string offset=281
.Linfo_string9:
	.asciz	"unsigned int"                  @ string offset=290
.Linfo_string10:
	.asciz	"uint32_t"                      @ string offset=303
.Linfo_string11:
	.asciz	"LED_On"                        @ string offset=312
.Linfo_string12:
	.asciz	"LED_Off"                       @ string offset=319
.Linfo_string13:
	.asciz	"ft_strdup"                     @ string offset=327
.Linfo_string14:
	.asciz	"Send_Pulse_To_Server"          @ string offset=337
.Linfo_string15:
	.asciz	"Control_SW"                    @ string offset=358
.Linfo_string16:
	.asciz	"SysTick_Handler"               @ string offset=369
.Linfo_string17:
	.asciz	"main"                          @ string offset=385
.Linfo_string18:
	.asciz	"int"                           @ string offset=390
.Linfo_string19:
	.asciz	"us"                            @ string offset=394
.Linfo_string20:
	.asciz	"str"                           @ string offset=397
.Linfo_string21:
	.asciz	"i"                             @ string offset=401
.Linfo_string22:
	.asciz	"dst"                           @ string offset=403
.Linfo_string23:
	.asciz	"get"                           @ string offset=407
.Linfo_string24:
	.asciz	"data"                          @ string offset=411
.Linfo_string25:
	.asciz	"len"                           @ string offset=416
.Linfo_string26:
	.asciz	"s_netData"                     @ string offset=420
.Linfo_string27:
	.asciz	"t_netData"                     @ string offset=430
.Linfo_string28:
	.asciz	"pulse"                         @ string offset=440
.Linfo_string29:
	.asciz	"int32_t"                       @ string offset=446
.Linfo_string30:
	.asciz	"tmpPulse"                      @ string offset=454
.Linfo_string31:
	.asciz	"strPulse"                      @ string offset=463
.Linfo_string32:
	.asciz	"strPulseLen"                   @ string offset=472
	.ident	"Component: ARM Compiler 6.15 Tool: armclang [5dd79400]"
	.section	".note.GNU-stack","",%progbits
	.eabi_attribute	30, 6	@ Tag_ABI_optimization_goals
	.ARM_attribute	16, 1	@ Tag_AV_eba
	.section	.debug_line,"",%progbits
.Lline_table_start0:
