	.text
	.syntax unified
	.eabi_attribute	67, "2.09"	@ Tag_conformance
	.cpu	cortex-m23
	.eabi_attribute	6, 16	@ Tag_CPU_arch
	.eabi_attribute	7, 77	@ Tag_CPU_arch_profile
	.eabi_attribute	8, 0	@ Tag_ARM_ISA_use
	.eabi_attribute	9, 3	@ Tag_THUMB_ISA_use
	.eabi_attribute	34, 0	@ Tag_CPU_unaligned_access
	.eabi_attribute	17, 1	@ Tag_ABI_PCS_GOT_use
	.eabi_attribute	20, 2	@ Tag_ABI_FP_denormal
	.eabi_attribute	21, 0	@ Tag_ABI_FP_exceptions
	.eabi_attribute	23, 1	@ Tag_ABI_FP_number_model
	.eabi_attribute	24, 1	@ Tag_ABI_align_needed
	.eabi_attribute	25, 1	@ Tag_ABI_align_preserved
	.eabi_attribute	38, 1	@ Tag_ABI_FP_16bit_format
	.eabi_attribute	18, 2	@ Tag_ABI_PCS_wchar_t
	.eabi_attribute	26, 1	@ Tag_ABI_enum_size
	.eabi_attribute	14, 0	@ Tag_ABI_PCS_R9_use
	.file	"LinkList.c"
	.section	.text.ListInit,"ax",%progbits
	.hidden	ListInit                        @ -- Begin function ListInit
	.globl	ListInit
	.p2align	1
	.type	ListInit,%function
	.code	16                              @ @ListInit
	.thumb_func
ListInit:
.Lfunc_begin0:
	.file	1 "C:/Users/shw26/AppData/Local/Arm/Packs/ARM/CMSIS-Driver/2.6.1/WiFi/ESP8266/BufList" "LinkList.c"
	.loc	1 54 0                          @ C:/Users/shw26/AppData/Local/Arm/Packs/ARM/CMSIS-Driver/2.6.1/WiFi/ESP8266/BufList/LinkList.c:54:0
	.fnstart
	.cfi_sections .debug_frame
	.cfi_startproc
@ %bb.0:
	@DEBUG_VALUE: ListInit:list <- $r0
	movs	r1, #0
	@DEBUG_VALUE: ListInit:list <- $r0
.Ltmp0:
	.loc	1 56 14 prologue_end            @ C:/Users/shw26/AppData/Local/Arm/Packs/ARM/CMSIS-Driver/2.6.1/WiFi/ESP8266/BufList/LinkList.c:56:14
	str	r1, [r0]
	.loc	1 57 14                         @ C:/Users/shw26/AppData/Local/Arm/Packs/ARM/CMSIS-Driver/2.6.1/WiFi/ESP8266/BufList/LinkList.c:57:14
	str	r1, [r0, #4]
	.loc	1 58 1                          @ C:/Users/shw26/AppData/Local/Arm/Packs/ARM/CMSIS-Driver/2.6.1/WiFi/ESP8266/BufList/LinkList.c:58:1
	bx	lr
.Ltmp1:
.Lfunc_end0:
	.size	ListInit, .Lfunc_end0-ListInit
	.cfi_endproc
	.cantunwind
	.fnend
                                        @ -- End function
	.section	.text.ListPut,"ax",%progbits
	.hidden	ListPut                         @ -- Begin function ListPut
	.globl	ListPut
	.p2align	1
	.type	ListPut,%function
	.code	16                              @ @ListPut
	.thumb_func
ListPut:
.Lfunc_begin1:
	.loc	1 68 0                          @ C:/Users/shw26/AppData/Local/Arm/Packs/ARM/CMSIS-Driver/2.6.1/WiFi/ESP8266/BufList/LinkList.c:68:0
	.fnstart
	.cfi_startproc
@ %bb.0:
	@DEBUG_VALUE: ListPut:list <- $r0
	@DEBUG_VALUE: ListPut:list <- $r0
	@DEBUG_VALUE: ListPut:link <- $r1
	@DEBUG_VALUE: ListPut:link <- $r1
	.save	{r4, lr}
	push	{r4, lr}
	.cfi_def_cfa_offset 8
	.cfi_offset lr, -4
	.cfi_offset r4, -8
.Ltmp2:
	.file	2 "C:\\Users\\shw26\\OneDrive\\Desktop\\2021\\2021-1\\\354\272\241\354\212\244\355\206\244\353\224\224\354\236\220\354\235\2702\\Nuvoton\\M2351_BSP_v3.00.004\\M2351Series_BSP_CMSIS_V3.00.004\\MyProject\\PulseMonitoring\\Secure" "../../../Library/CMSIS/Include/cmsis_armclang.h"
	.loc	2 372 3 prologue_end            @ ../../../Library/CMSIS/Include/cmsis_armclang.h:372:3
	@APP
	mrs	r2, primask
	@NO_APP
.Ltmp3:
	@DEBUG_VALUE: ListPut:primask <- $r2
	@DEBUG_VALUE: __get_PRIMASK:result <- $r2
	.loc	1 71 3                          @ C:/Users/shw26/AppData/Local/Arm/Packs/ARM/CMSIS-Driver/2.6.1/WiFi/ESP8266/BufList/LinkList.c:71:3
	@APP
	mrs	r3, primask
	cpsid i

	@NO_APP
	movs	r3, #0
	.loc	1 75 14                         @ C:/Users/shw26/AppData/Local/Arm/Packs/ARM/CMSIS-Driver/2.6.1/WiFi/ESP8266/BufList/LinkList.c:75:14
	str	r3, [r1]
	.loc	1 74 22                         @ C:/Users/shw26/AppData/Local/Arm/Packs/ARM/CMSIS-Driver/2.6.1/WiFi/ESP8266/BufList/LinkList.c:74:22
	ldr	r3, [r0, #4]
	.loc	1 74 14 is_stmt 0               @ C:/Users/shw26/AppData/Local/Arm/Packs/ARM/CMSIS-Driver/2.6.1/WiFi/ESP8266/BufList/LinkList.c:74:14
	str	r3, [r1, #4]
	.loc	1 77 7 is_stmt 1                @ C:/Users/shw26/AppData/Local/Arm/Packs/ARM/CMSIS-Driver/2.6.1/WiFi/ESP8266/BufList/LinkList.c:77:7
	mov	r4, r0
	cbz	r3, .LBB1_2
.Ltmp4:
@ %bb.1:
	@DEBUG_VALUE: ListPut:primask <- $r2
	@DEBUG_VALUE: ListPut:link <- $r1
	@DEBUG_VALUE: ListPut:list <- $r0
	mov	r4, r3
.Ltmp5:
.LBB1_2:
	@DEBUG_VALUE: ListPut:primask <- $r2
	@DEBUG_VALUE: ListPut:link <- $r1
	@DEBUG_VALUE: ListPut:list <- $r0
	.loc	1 0 0 is_stmt 0                 @ C:/Users/shw26/AppData/Local/Arm/Packs/ARM/CMSIS-Driver/2.6.1/WiFi/ESP8266/BufList/LinkList.c:0:0
	str	r1, [r4]
.Ltmp6:
	.loc	1 85 14 is_stmt 1               @ C:/Users/shw26/AppData/Local/Arm/Packs/ARM/CMSIS-Driver/2.6.1/WiFi/ESP8266/BufList/LinkList.c:85:14
	str	r1, [r0, #4]
	.loc	1 88 7                          @ C:/Users/shw26/AppData/Local/Arm/Packs/ARM/CMSIS-Driver/2.6.1/WiFi/ESP8266/BufList/LinkList.c:88:7
	cbz	r2, .LBB1_4
.Ltmp7:
@ %bb.3:
	@DEBUG_VALUE: ListPut:primask <- $r2
	@DEBUG_VALUE: ListPut:link <- $r1
	@DEBUG_VALUE: ListPut:list <- $r0
	.loc	1 91 1                          @ C:/Users/shw26/AppData/Local/Arm/Packs/ARM/CMSIS-Driver/2.6.1/WiFi/ESP8266/BufList/LinkList.c:91:1
	pop	{r4, pc}
.Ltmp8:
.LBB1_4:
	@DEBUG_VALUE: ListPut:primask <- $r2
	@DEBUG_VALUE: ListPut:link <- $r1
	@DEBUG_VALUE: ListPut:list <- $r0
	.loc	1 89 5                          @ C:/Users/shw26/AppData/Local/Arm/Packs/ARM/CMSIS-Driver/2.6.1/WiFi/ESP8266/BufList/LinkList.c:89:5
	@APP
	cpsie i
	@NO_APP
.Ltmp9:
	.loc	1 91 1                          @ C:/Users/shw26/AppData/Local/Arm/Packs/ARM/CMSIS-Driver/2.6.1/WiFi/ESP8266/BufList/LinkList.c:91:1
	pop	{r4, pc}
.Ltmp10:
.Lfunc_end1:
	.size	ListPut, .Lfunc_end1-ListPut
	.cfi_endproc
	.file	3 "C:\\" "Keil_v5\\ARM\\ARMCLANG\\Bin\\..\\include\\stdint.h"
	.cantunwind
	.fnend
                                        @ -- End function
	.section	.text.ListPutHead,"ax",%progbits
	.hidden	ListPutHead                     @ -- Begin function ListPutHead
	.globl	ListPutHead
	.p2align	1
	.type	ListPutHead,%function
	.code	16                              @ @ListPutHead
	.thumb_func
ListPutHead:
.Lfunc_begin2:
	.loc	1 101 0                         @ C:/Users/shw26/AppData/Local/Arm/Packs/ARM/CMSIS-Driver/2.6.1/WiFi/ESP8266/BufList/LinkList.c:101:0
	.fnstart
	.cfi_startproc
@ %bb.0:
	@DEBUG_VALUE: ListPutHead:list <- $r0
	@DEBUG_VALUE: ListPutHead:list <- $r0
	@DEBUG_VALUE: ListPutHead:link <- $r1
	@DEBUG_VALUE: ListPutHead:link <- $r1
	.loc	2 372 3 prologue_end            @ ../../../Library/CMSIS/Include/cmsis_armclang.h:372:3
	@APP
	mrs	r2, primask
	@NO_APP
.Ltmp11:
	@DEBUG_VALUE: ListPutHead:primask <- $r2
	@DEBUG_VALUE: __get_PRIMASK:result <- $r2
	.loc	1 104 3                         @ C:/Users/shw26/AppData/Local/Arm/Packs/ARM/CMSIS-Driver/2.6.1/WiFi/ESP8266/BufList/LinkList.c:104:3
	@APP
	mrs	r3, primask
	cpsid i

	@NO_APP
	movs	r3, #0
	.loc	1 107 14                        @ C:/Users/shw26/AppData/Local/Arm/Packs/ARM/CMSIS-Driver/2.6.1/WiFi/ESP8266/BufList/LinkList.c:107:14
	str	r3, [r1, #4]
	.loc	1 108 22                        @ C:/Users/shw26/AppData/Local/Arm/Packs/ARM/CMSIS-Driver/2.6.1/WiFi/ESP8266/BufList/LinkList.c:108:22
	ldr	r3, [r0]
	.loc	1 108 14 is_stmt 0              @ C:/Users/shw26/AppData/Local/Arm/Packs/ARM/CMSIS-Driver/2.6.1/WiFi/ESP8266/BufList/LinkList.c:108:14
	str	r3, [r1]
	.loc	1 110 7 is_stmt 1               @ C:/Users/shw26/AppData/Local/Arm/Packs/ARM/CMSIS-Driver/2.6.1/WiFi/ESP8266/BufList/LinkList.c:110:7
	cbz	r3, .LBB2_2
.Ltmp12:
@ %bb.1:
	@DEBUG_VALUE: __get_PRIMASK:result <- $r2
	@DEBUG_VALUE: ListPutHead:primask <- $r2
	@DEBUG_VALUE: ListPutHead:link <- $r1
	@DEBUG_VALUE: ListPutHead:list <- $r0
	.loc	1 0 7 is_stmt 0                 @ C:/Users/shw26/AppData/Local/Arm/Packs/ARM/CMSIS-Driver/2.6.1/WiFi/ESP8266/BufList/LinkList.c:0:7
	adds	r3, r3, #4
	b	.LBB2_3
.Ltmp13:
.LBB2_2:
	@DEBUG_VALUE: __get_PRIMASK:result <- $r2
	@DEBUG_VALUE: ListPutHead:primask <- $r2
	@DEBUG_VALUE: ListPutHead:link <- $r1
	@DEBUG_VALUE: ListPutHead:list <- $r0
	adds	r3, r0, #4
.Ltmp14:
.LBB2_3:
	@DEBUG_VALUE: ListPutHead:primask <- $r2
	@DEBUG_VALUE: ListPutHead:link <- $r1
	@DEBUG_VALUE: ListPutHead:list <- $r0
	str	r1, [r3]
.Ltmp15:
	.loc	1 118 14 is_stmt 1              @ C:/Users/shw26/AppData/Local/Arm/Packs/ARM/CMSIS-Driver/2.6.1/WiFi/ESP8266/BufList/LinkList.c:118:14
	str	r1, [r0]
	.loc	1 121 7                         @ C:/Users/shw26/AppData/Local/Arm/Packs/ARM/CMSIS-Driver/2.6.1/WiFi/ESP8266/BufList/LinkList.c:121:7
	cbz	r2, .LBB2_5
.Ltmp16:
@ %bb.4:
	@DEBUG_VALUE: ListPutHead:primask <- $r2
	@DEBUG_VALUE: ListPutHead:link <- $r1
	@DEBUG_VALUE: ListPutHead:list <- $r0
	.loc	1 124 1                         @ C:/Users/shw26/AppData/Local/Arm/Packs/ARM/CMSIS-Driver/2.6.1/WiFi/ESP8266/BufList/LinkList.c:124:1
	bx	lr
.Ltmp17:
.LBB2_5:
	@DEBUG_VALUE: ListPutHead:primask <- $r2
	@DEBUG_VALUE: ListPutHead:link <- $r1
	@DEBUG_VALUE: ListPutHead:list <- $r0
	.loc	1 122 5                         @ C:/Users/shw26/AppData/Local/Arm/Packs/ARM/CMSIS-Driver/2.6.1/WiFi/ESP8266/BufList/LinkList.c:122:5
	@APP
	cpsie i
	@NO_APP
.Ltmp18:
	.loc	1 124 1                         @ C:/Users/shw26/AppData/Local/Arm/Packs/ARM/CMSIS-Driver/2.6.1/WiFi/ESP8266/BufList/LinkList.c:124:1
	bx	lr
.Ltmp19:
.Lfunc_end2:
	.size	ListPutHead, .Lfunc_end2-ListPutHead
	.cfi_endproc
	.cantunwind
	.fnend
                                        @ -- End function
	.section	.text.ListGet,"ax",%progbits
	.hidden	ListGet                         @ -- Begin function ListGet
	.globl	ListGet
	.p2align	1
	.type	ListGet,%function
	.code	16                              @ @ListGet
	.thumb_func
ListGet:
.Lfunc_begin3:
	.loc	1 132 0                         @ C:/Users/shw26/AppData/Local/Arm/Packs/ARM/CMSIS-Driver/2.6.1/WiFi/ESP8266/BufList/LinkList.c:132:0
	.fnstart
	.cfi_startproc
@ %bb.0:
	@DEBUG_VALUE: ListGet:list <- $r0
	mov	r1, r0
.Ltmp20:
	@DEBUG_VALUE: ListGet:list <- $r1
	.loc	2 372 3 prologue_end            @ ../../../Library/CMSIS/Include/cmsis_armclang.h:372:3
	@APP
	mrs	r2, primask
	@NO_APP
.Ltmp21:
	@DEBUG_VALUE: ListGet:primask <- $r2
	@DEBUG_VALUE: __get_PRIMASK:result <- $r2
	.loc	1 136 3                         @ C:/Users/shw26/AppData/Local/Arm/Packs/ARM/CMSIS-Driver/2.6.1/WiFi/ESP8266/BufList/LinkList.c:136:3
	@APP
	mrs	r0, primask
	cpsid i

	@NO_APP
	.loc	1 139 16                        @ C:/Users/shw26/AppData/Local/Arm/Packs/ARM/CMSIS-Driver/2.6.1/WiFi/ESP8266/BufList/LinkList.c:139:16
	ldr	r0, [r1]
.Ltmp22:
	@DEBUG_VALUE: ListGet:link <- $r0
	.loc	1 141 7                         @ C:/Users/shw26/AppData/Local/Arm/Packs/ARM/CMSIS-Driver/2.6.1/WiFi/ESP8266/BufList/LinkList.c:141:7
	cbz	r0, .LBB3_4
.Ltmp23:
@ %bb.1:
	@DEBUG_VALUE: ListGet:primask <- $r2
	@DEBUG_VALUE: ListGet:list <- $r1
	@DEBUG_VALUE: ListGet:link <- $r0
	.loc	1 142 24                        @ C:/Users/shw26/AppData/Local/Arm/Packs/ARM/CMSIS-Driver/2.6.1/WiFi/ESP8266/BufList/LinkList.c:142:24
	ldr	r3, [r0]
	.loc	1 142 16 is_stmt 0              @ C:/Users/shw26/AppData/Local/Arm/Packs/ARM/CMSIS-Driver/2.6.1/WiFi/ESP8266/BufList/LinkList.c:142:16
	stm	r1!, {r3}
.Ltmp24:
	.loc	1 144 9 is_stmt 1               @ C:/Users/shw26/AppData/Local/Arm/Packs/ARM/CMSIS-Driver/2.6.1/WiFi/ESP8266/BufList/LinkList.c:144:9
	cbz	r3, .LBB3_3
.Ltmp25:
@ %bb.2:
	@DEBUG_VALUE: ListGet:primask <- $r2
	@DEBUG_VALUE: ListGet:link <- $r0
	.loc	1 0 9 is_stmt 0                 @ C:/Users/shw26/AppData/Local/Arm/Packs/ARM/CMSIS-Driver/2.6.1/WiFi/ESP8266/BufList/LinkList.c:0:9
	adds	r1, r3, #4
.Ltmp26:
.LBB3_3:
	@DEBUG_VALUE: ListGet:primask <- $r2
	@DEBUG_VALUE: ListGet:link <- $r0
	movs	r3, #0
.Ltmp27:
	str	r3, [r1]
.Ltmp28:
.LBB3_4:
	@DEBUG_VALUE: ListGet:primask <- $r2
	@DEBUG_VALUE: ListGet:link <- $r0
	.loc	1 154 7 is_stmt 1               @ C:/Users/shw26/AppData/Local/Arm/Packs/ARM/CMSIS-Driver/2.6.1/WiFi/ESP8266/BufList/LinkList.c:154:7
	cbz	r2, .LBB3_6
.Ltmp29:
@ %bb.5:
	@DEBUG_VALUE: ListGet:primask <- $r2
	@DEBUG_VALUE: ListGet:link <- $r0
	.loc	1 158 3                         @ C:/Users/shw26/AppData/Local/Arm/Packs/ARM/CMSIS-Driver/2.6.1/WiFi/ESP8266/BufList/LinkList.c:158:3
	bx	lr
.Ltmp30:
.LBB3_6:
	@DEBUG_VALUE: ListGet:primask <- $r2
	@DEBUG_VALUE: ListGet:link <- $r0
	.loc	1 155 5                         @ C:/Users/shw26/AppData/Local/Arm/Packs/ARM/CMSIS-Driver/2.6.1/WiFi/ESP8266/BufList/LinkList.c:155:5
	@APP
	cpsie i
	@NO_APP
.Ltmp31:
	.loc	1 158 3                         @ C:/Users/shw26/AppData/Local/Arm/Packs/ARM/CMSIS-Driver/2.6.1/WiFi/ESP8266/BufList/LinkList.c:158:3
	bx	lr
.Ltmp32:
.Lfunc_end3:
	.size	ListGet, .Lfunc_end3-ListGet
	.cfi_endproc
	.cantunwind
	.fnend
                                        @ -- End function
	.section	.text.ListPeekHead,"ax",%progbits
	.hidden	ListPeekHead                    @ -- Begin function ListPeekHead
	.globl	ListPeekHead
	.p2align	1
	.type	ListPeekHead,%function
	.code	16                              @ @ListPeekHead
	.thumb_func
ListPeekHead:
.Lfunc_begin4:
	.loc	1 176 0                         @ C:/Users/shw26/AppData/Local/Arm/Packs/ARM/CMSIS-Driver/2.6.1/WiFi/ESP8266/BufList/LinkList.c:176:0
	.fnstart
	.cfi_startproc
@ %bb.0:
	@DEBUG_VALUE: ListPeekHead:list <- $r0
	@DEBUG_VALUE: ListPeekHead:list <- $r0
	.loc	1 177 17 prologue_end           @ C:/Users/shw26/AppData/Local/Arm/Packs/ARM/CMSIS-Driver/2.6.1/WiFi/ESP8266/BufList/LinkList.c:177:17
	ldr	r0, [r0]
.Ltmp33:
	@DEBUG_VALUE: ListPeekHead:list <- [DW_OP_LLVM_entry_value 1] $r0
	.loc	1 177 3 is_stmt 0               @ C:/Users/shw26/AppData/Local/Arm/Packs/ARM/CMSIS-Driver/2.6.1/WiFi/ESP8266/BufList/LinkList.c:177:3
	bx	lr
.Ltmp34:
.Lfunc_end4:
	.size	ListPeekHead, .Lfunc_end4-ListPeekHead
	.cfi_endproc
	.cantunwind
	.fnend
                                        @ -- End function
	.section	.text.ListPeekTail,"ax",%progbits
	.hidden	ListPeekTail                    @ -- Begin function ListPeekTail
	.globl	ListPeekTail
	.p2align	1
	.type	ListPeekTail,%function
	.code	16                              @ @ListPeekTail
	.thumb_func
ListPeekTail:
.Lfunc_begin5:
	.loc	1 191 0 is_stmt 1               @ C:/Users/shw26/AppData/Local/Arm/Packs/ARM/CMSIS-Driver/2.6.1/WiFi/ESP8266/BufList/LinkList.c:191:0
	.fnstart
	.cfi_startproc
@ %bb.0:
	@DEBUG_VALUE: ListPeekTail:list <- $r0
	@DEBUG_VALUE: ListPeekTail:list <- $r0
	.loc	1 192 17 prologue_end           @ C:/Users/shw26/AppData/Local/Arm/Packs/ARM/CMSIS-Driver/2.6.1/WiFi/ESP8266/BufList/LinkList.c:192:17
	ldr	r0, [r0, #4]
.Ltmp35:
	@DEBUG_VALUE: ListPeekTail:list <- [DW_OP_LLVM_entry_value 1] $r0
	.loc	1 192 3 is_stmt 0               @ C:/Users/shw26/AppData/Local/Arm/Packs/ARM/CMSIS-Driver/2.6.1/WiFi/ESP8266/BufList/LinkList.c:192:3
	bx	lr
.Ltmp36:
.Lfunc_end5:
	.size	ListPeekTail, .Lfunc_end5-ListPeekTail
	.cfi_endproc
	.cantunwind
	.fnend
                                        @ -- End function
	.section	.text.ListPeekNext,"ax",%progbits
	.hidden	ListPeekNext                    @ -- Begin function ListPeekNext
	.globl	ListPeekNext
	.p2align	1
	.type	ListPeekNext,%function
	.code	16                              @ @ListPeekNext
	.thumb_func
ListPeekNext:
.Lfunc_begin6:
	.loc	1 201 0 is_stmt 1               @ C:/Users/shw26/AppData/Local/Arm/Packs/ARM/CMSIS-Driver/2.6.1/WiFi/ESP8266/BufList/LinkList.c:201:0
	.fnstart
	.cfi_startproc
@ %bb.0:
	@DEBUG_VALUE: ListPeekNext:link <- $r0
	@DEBUG_VALUE: ListPeekNext:link <- $r0
	.loc	1 202 17 prologue_end           @ C:/Users/shw26/AppData/Local/Arm/Packs/ARM/CMSIS-Driver/2.6.1/WiFi/ESP8266/BufList/LinkList.c:202:17
	ldr	r0, [r0]
.Ltmp37:
	@DEBUG_VALUE: ListPeekNext:link <- [DW_OP_LLVM_entry_value 1] $r0
	.loc	1 202 3 is_stmt 0               @ C:/Users/shw26/AppData/Local/Arm/Packs/ARM/CMSIS-Driver/2.6.1/WiFi/ESP8266/BufList/LinkList.c:202:3
	bx	lr
.Ltmp38:
.Lfunc_end6:
	.size	ListPeekNext, .Lfunc_end6-ListPeekNext
	.cfi_endproc
	.cantunwind
	.fnend
                                        @ -- End function
	.section	.text.ListPeekPrev,"ax",%progbits
	.hidden	ListPeekPrev                    @ -- Begin function ListPeekPrev
	.globl	ListPeekPrev
	.p2align	1
	.type	ListPeekPrev,%function
	.code	16                              @ @ListPeekPrev
	.thumb_func
ListPeekPrev:
.Lfunc_begin7:
	.loc	1 211 0 is_stmt 1               @ C:/Users/shw26/AppData/Local/Arm/Packs/ARM/CMSIS-Driver/2.6.1/WiFi/ESP8266/BufList/LinkList.c:211:0
	.fnstart
	.cfi_startproc
@ %bb.0:
	@DEBUG_VALUE: ListPeekPrev:link <- $r0
	@DEBUG_VALUE: ListPeekPrev:link <- $r0
	.loc	1 212 17 prologue_end           @ C:/Users/shw26/AppData/Local/Arm/Packs/ARM/CMSIS-Driver/2.6.1/WiFi/ESP8266/BufList/LinkList.c:212:17
	ldr	r0, [r0, #4]
.Ltmp39:
	@DEBUG_VALUE: ListPeekPrev:link <- [DW_OP_LLVM_entry_value 1] $r0
	.loc	1 212 3 is_stmt 0               @ C:/Users/shw26/AppData/Local/Arm/Packs/ARM/CMSIS-Driver/2.6.1/WiFi/ESP8266/BufList/LinkList.c:212:3
	bx	lr
.Ltmp40:
.Lfunc_end7:
	.size	ListPeekPrev, .Lfunc_end7-ListPeekPrev
	.cfi_endproc
	.cantunwind
	.fnend
                                        @ -- End function
	.section	.text.ListInsert,"ax",%progbits
	.hidden	ListInsert                      @ -- Begin function ListInsert
	.globl	ListInsert
	.p2align	1
	.type	ListInsert,%function
	.code	16                              @ @ListInsert
	.thumb_func
ListInsert:
.Lfunc_begin8:
	.loc	1 222 0 is_stmt 1               @ C:/Users/shw26/AppData/Local/Arm/Packs/ARM/CMSIS-Driver/2.6.1/WiFi/ESP8266/BufList/LinkList.c:222:0
	.fnstart
	.cfi_startproc
@ %bb.0:
	@DEBUG_VALUE: ListInsert:list <- $r0
	@DEBUG_VALUE: ListInsert:list <- $r0
	@DEBUG_VALUE: ListInsert:link <- $r1
	@DEBUG_VALUE: ListInsert:link <- $r1
	@DEBUG_VALUE: ListInsert:lnew <- $r2
	@DEBUG_VALUE: ListInsert:lnew <- $r2
	.save	{r4, lr}
	push	{r4, lr}
	.cfi_def_cfa_offset 8
	.cfi_offset lr, -4
	.cfi_offset r4, -8
.Ltmp41:
	.loc	2 372 3 prologue_end            @ ../../../Library/CMSIS/Include/cmsis_armclang.h:372:3
	@APP
	mrs	r3, primask
	@NO_APP
.Ltmp42:
	@DEBUG_VALUE: ListInsert:primask <- $r3
	@DEBUG_VALUE: __get_PRIMASK:result <- $r3
	.loc	1 225 3                         @ C:/Users/shw26/AppData/Local/Arm/Packs/ARM/CMSIS-Driver/2.6.1/WiFi/ESP8266/BufList/LinkList.c:225:3
	@APP
	mrs	r4, primask
	cpsid i

	@NO_APP
	.loc	1 229 22                        @ C:/Users/shw26/AppData/Local/Arm/Packs/ARM/CMSIS-Driver/2.6.1/WiFi/ESP8266/BufList/LinkList.c:229:22
	ldr	r4, [r1, #4]
	.loc	1 228 14                        @ C:/Users/shw26/AppData/Local/Arm/Packs/ARM/CMSIS-Driver/2.6.1/WiFi/ESP8266/BufList/LinkList.c:228:14
	stm	r2!, {r1, r4}
.Ltmp43:
	@DEBUG_VALUE: ListInsert:lnew <- [DW_OP_LLVM_entry_value 1] $r2
	.loc	1 231 13                        @ C:/Users/shw26/AppData/Local/Arm/Packs/ARM/CMSIS-Driver/2.6.1/WiFi/ESP8266/BufList/LinkList.c:231:13
	ldr	r4, [r1, #4]
.Ltmp44:
	.loc	1 228 14                        @ C:/Users/shw26/AppData/Local/Arm/Packs/ARM/CMSIS-Driver/2.6.1/WiFi/ESP8266/BufList/LinkList.c:228:14
	subs	r2, #8
	.loc	1 231 7                         @ C:/Users/shw26/AppData/Local/Arm/Packs/ARM/CMSIS-Driver/2.6.1/WiFi/ESP8266/BufList/LinkList.c:231:7
	cbz	r4, .LBB8_2
.Ltmp45:
@ %bb.1:
	@DEBUG_VALUE: ListInsert:primask <- $r3
	@DEBUG_VALUE: ListInsert:link <- $r1
	@DEBUG_VALUE: ListInsert:list <- $r0
	@DEBUG_VALUE: ListInsert:lnew <- [DW_OP_LLVM_entry_value 1] $r2
	mov	r0, r4
.Ltmp46:
	@DEBUG_VALUE: ListInsert:list <- [DW_OP_LLVM_entry_value 1] $r0
.LBB8_2:
	@DEBUG_VALUE: ListInsert:primask <- $r3
	@DEBUG_VALUE: ListInsert:link <- $r1
	@DEBUG_VALUE: ListInsert:lnew <- [DW_OP_LLVM_entry_value 1] $r2
	.loc	1 0 0 is_stmt 0                 @ C:/Users/shw26/AppData/Local/Arm/Packs/ARM/CMSIS-Driver/2.6.1/WiFi/ESP8266/BufList/LinkList.c:0:0
	str	r2, [r0]
.Ltmp47:
	.loc	1 239 14 is_stmt 1              @ C:/Users/shw26/AppData/Local/Arm/Packs/ARM/CMSIS-Driver/2.6.1/WiFi/ESP8266/BufList/LinkList.c:239:14
	str	r2, [r1, #4]
	.loc	1 242 7                         @ C:/Users/shw26/AppData/Local/Arm/Packs/ARM/CMSIS-Driver/2.6.1/WiFi/ESP8266/BufList/LinkList.c:242:7
	cbz	r3, .LBB8_4
.Ltmp48:
@ %bb.3:
	@DEBUG_VALUE: ListInsert:primask <- $r3
	@DEBUG_VALUE: ListInsert:link <- $r1
	@DEBUG_VALUE: ListInsert:lnew <- [DW_OP_LLVM_entry_value 1] $r2
	.loc	1 245 1                         @ C:/Users/shw26/AppData/Local/Arm/Packs/ARM/CMSIS-Driver/2.6.1/WiFi/ESP8266/BufList/LinkList.c:245:1
	pop	{r4, pc}
.Ltmp49:
.LBB8_4:
	@DEBUG_VALUE: ListInsert:primask <- $r3
	@DEBUG_VALUE: ListInsert:link <- $r1
	@DEBUG_VALUE: ListInsert:lnew <- [DW_OP_LLVM_entry_value 1] $r2
	.loc	1 243 5                         @ C:/Users/shw26/AppData/Local/Arm/Packs/ARM/CMSIS-Driver/2.6.1/WiFi/ESP8266/BufList/LinkList.c:243:5
	@APP
	cpsie i
	@NO_APP
.Ltmp50:
	.loc	1 245 1                         @ C:/Users/shw26/AppData/Local/Arm/Packs/ARM/CMSIS-Driver/2.6.1/WiFi/ESP8266/BufList/LinkList.c:245:1
	pop	{r4, pc}
.Ltmp51:
.Lfunc_end8:
	.size	ListInsert, .Lfunc_end8-ListInsert
	.cfi_endproc
	.cantunwind
	.fnend
                                        @ -- End function
	.section	.text.ListRemove,"ax",%progbits
	.hidden	ListRemove                      @ -- Begin function ListRemove
	.globl	ListRemove
	.p2align	1
	.type	ListRemove,%function
	.code	16                              @ @ListRemove
	.thumb_func
ListRemove:
.Lfunc_begin9:
	.loc	1 253 0                         @ C:/Users/shw26/AppData/Local/Arm/Packs/ARM/CMSIS-Driver/2.6.1/WiFi/ESP8266/BufList/LinkList.c:253:0
	.fnstart
	.cfi_startproc
@ %bb.0:
	@DEBUG_VALUE: ListRemove:list <- $r0
	@DEBUG_VALUE: ListRemove:list <- $r0
	@DEBUG_VALUE: ListRemove:link <- $r1
	@DEBUG_VALUE: ListRemove:link <- $r1
	.save	{r4, lr}
	push	{r4, lr}
	.cfi_def_cfa_offset 8
	.cfi_offset lr, -4
	.cfi_offset r4, -8
.Ltmp52:
	.loc	2 372 3 prologue_end            @ ../../../Library/CMSIS/Include/cmsis_armclang.h:372:3
	@APP
	mrs	r2, primask
	@NO_APP
.Ltmp53:
	@DEBUG_VALUE: ListRemove:primask <- $r2
	@DEBUG_VALUE: __get_PRIMASK:result <- $r2
	.loc	1 256 3                         @ C:/Users/shw26/AppData/Local/Arm/Packs/ARM/CMSIS-Driver/2.6.1/WiFi/ESP8266/BufList/LinkList.c:256:3
	@APP
	mrs	r3, primask
	cpsid i

	@NO_APP
.Ltmp54:
	.loc	1 259 13                        @ C:/Users/shw26/AppData/Local/Arm/Packs/ARM/CMSIS-Driver/2.6.1/WiFi/ESP8266/BufList/LinkList.c:259:13
	ldr	r3, [r1]
.Ltmp55:
	.loc	1 259 7 is_stmt 0               @ C:/Users/shw26/AppData/Local/Arm/Packs/ARM/CMSIS-Driver/2.6.1/WiFi/ESP8266/BufList/LinkList.c:259:7
	cbz	r3, .LBB9_2
.Ltmp56:
@ %bb.1:
	@DEBUG_VALUE: __get_PRIMASK:result <- $r2
	@DEBUG_VALUE: ListRemove:primask <- $r2
	@DEBUG_VALUE: ListRemove:link <- $r1
	@DEBUG_VALUE: ListRemove:list <- $r0
	.loc	1 0 7                           @ C:/Users/shw26/AppData/Local/Arm/Packs/ARM/CMSIS-Driver/2.6.1/WiFi/ESP8266/BufList/LinkList.c:0:7
	adds	r3, r3, #4
	b	.LBB9_3
.Ltmp57:
.LBB9_2:
	@DEBUG_VALUE: __get_PRIMASK:result <- $r2
	@DEBUG_VALUE: ListRemove:primask <- $r2
	@DEBUG_VALUE: ListRemove:link <- $r1
	@DEBUG_VALUE: ListRemove:list <- $r0
	adds	r3, r0, #4
.Ltmp58:
.LBB9_3:
	@DEBUG_VALUE: ListRemove:primask <- $r2
	@DEBUG_VALUE: ListRemove:link <- $r1
	@DEBUG_VALUE: ListRemove:list <- $r0
	ldr	r4, [r1, #4]
	str	r4, [r3]
.Ltmp59:
	.loc	1 267 13 is_stmt 1              @ C:/Users/shw26/AppData/Local/Arm/Packs/ARM/CMSIS-Driver/2.6.1/WiFi/ESP8266/BufList/LinkList.c:267:13
	ldr	r3, [r1, #4]
.Ltmp60:
	.loc	1 267 7 is_stmt 0               @ C:/Users/shw26/AppData/Local/Arm/Packs/ARM/CMSIS-Driver/2.6.1/WiFi/ESP8266/BufList/LinkList.c:267:7
	cbz	r3, .LBB9_5
.Ltmp61:
@ %bb.4:
	@DEBUG_VALUE: ListRemove:primask <- $r2
	@DEBUG_VALUE: ListRemove:link <- $r1
	@DEBUG_VALUE: ListRemove:list <- $r0
	mov	r0, r3
.Ltmp62:
	@DEBUG_VALUE: ListRemove:list <- [DW_OP_LLVM_entry_value 1] $r0
.LBB9_5:
	@DEBUG_VALUE: ListRemove:primask <- $r2
	@DEBUG_VALUE: ListRemove:link <- $r1
	.loc	1 0 0                           @ C:/Users/shw26/AppData/Local/Arm/Packs/ARM/CMSIS-Driver/2.6.1/WiFi/ESP8266/BufList/LinkList.c:0:0
	ldr	r1, [r1]
.Ltmp63:
	@DEBUG_VALUE: ListRemove:link <- [DW_OP_LLVM_entry_value 1] $r1
	str	r1, [r0]
.Ltmp64:
	.loc	1 276 7 is_stmt 1               @ C:/Users/shw26/AppData/Local/Arm/Packs/ARM/CMSIS-Driver/2.6.1/WiFi/ESP8266/BufList/LinkList.c:276:7
	cbz	r2, .LBB9_7
.Ltmp65:
@ %bb.6:
	@DEBUG_VALUE: ListRemove:primask <- $r2
	@DEBUG_VALUE: ListRemove:link <- [DW_OP_LLVM_entry_value 1] $r1
	.loc	1 279 1                         @ C:/Users/shw26/AppData/Local/Arm/Packs/ARM/CMSIS-Driver/2.6.1/WiFi/ESP8266/BufList/LinkList.c:279:1
	pop	{r4, pc}
.Ltmp66:
.LBB9_7:
	@DEBUG_VALUE: ListRemove:primask <- $r2
	@DEBUG_VALUE: ListRemove:link <- [DW_OP_LLVM_entry_value 1] $r1
	.loc	1 277 5                         @ C:/Users/shw26/AppData/Local/Arm/Packs/ARM/CMSIS-Driver/2.6.1/WiFi/ESP8266/BufList/LinkList.c:277:5
	@APP
	cpsie i
	@NO_APP
.Ltmp67:
	.loc	1 279 1                         @ C:/Users/shw26/AppData/Local/Arm/Packs/ARM/CMSIS-Driver/2.6.1/WiFi/ESP8266/BufList/LinkList.c:279:1
	pop	{r4, pc}
.Ltmp68:
.Lfunc_end9:
	.size	ListRemove, .Lfunc_end9-ListRemove
	.cfi_endproc
	.cantunwind
	.fnend
                                        @ -- End function
	.file	4 "C:/Users/shw26/AppData/Local/Arm/Packs/ARM/CMSIS-Driver/2.6.1/WiFi/ESP8266/BufList" "LinkList.h"
	.section	.debug_loc,"",%progbits
.Ldebug_loc0:
	.long	-1
	.long	.Lfunc_begin1                   @   base address
	.long	.Ltmp3-.Lfunc_begin1
	.long	.Lfunc_end1-.Lfunc_begin1
	.short	1                               @ Loc expr size
	.byte	82                              @ DW_OP_reg2
	.long	0
	.long	0
.Ldebug_loc1:
	.long	-1
	.long	.Lfunc_begin2                   @   base address
	.long	.Ltmp11-.Lfunc_begin2
	.long	.Lfunc_end2-.Lfunc_begin2
	.short	1                               @ Loc expr size
	.byte	82                              @ DW_OP_reg2
	.long	0
	.long	0
.Ldebug_loc2:
	.long	-1
	.long	.Lfunc_begin3                   @   base address
	.long	.Lfunc_begin3-.Lfunc_begin3
	.long	.Ltmp20-.Lfunc_begin3
	.short	1                               @ Loc expr size
	.byte	80                              @ DW_OP_reg0
	.long	.Ltmp20-.Lfunc_begin3
	.long	.Ltmp24-.Lfunc_begin3
	.short	1                               @ Loc expr size
	.byte	81                              @ DW_OP_reg1
	.long	0
	.long	0
.Ldebug_loc3:
	.long	-1
	.long	.Lfunc_begin3                   @   base address
	.long	.Ltmp21-.Lfunc_begin3
	.long	.Lfunc_end3-.Lfunc_begin3
	.short	1                               @ Loc expr size
	.byte	82                              @ DW_OP_reg2
	.long	0
	.long	0
.Ldebug_loc4:
	.long	-1
	.long	.Lfunc_begin3                   @   base address
	.long	.Ltmp22-.Lfunc_begin3
	.long	.Lfunc_end3-.Lfunc_begin3
	.short	1                               @ Loc expr size
	.byte	80                              @ DW_OP_reg0
	.long	0
	.long	0
.Ldebug_loc5:
	.long	-1
	.long	.Lfunc_begin4                   @   base address
	.long	.Lfunc_begin4-.Lfunc_begin4
	.long	.Ltmp33-.Lfunc_begin4
	.short	1                               @ Loc expr size
	.byte	80                              @ DW_OP_reg0
	.long	.Ltmp33-.Lfunc_begin4
	.long	.Lfunc_end4-.Lfunc_begin4
	.short	3                               @ Loc expr size
	.byte	163                             @ DW_OP_entry_value
	.byte	1                               @ 1
	.byte	80                              @ DW_OP_reg0
	.long	0
	.long	0
.Ldebug_loc6:
	.long	-1
	.long	.Lfunc_begin5                   @   base address
	.long	.Lfunc_begin5-.Lfunc_begin5
	.long	.Ltmp35-.Lfunc_begin5
	.short	1                               @ Loc expr size
	.byte	80                              @ DW_OP_reg0
	.long	.Ltmp35-.Lfunc_begin5
	.long	.Lfunc_end5-.Lfunc_begin5
	.short	3                               @ Loc expr size
	.byte	163                             @ DW_OP_entry_value
	.byte	1                               @ 1
	.byte	80                              @ DW_OP_reg0
	.long	0
	.long	0
.Ldebug_loc7:
	.long	-1
	.long	.Lfunc_begin6                   @   base address
	.long	.Lfunc_begin6-.Lfunc_begin6
	.long	.Ltmp37-.Lfunc_begin6
	.short	1                               @ Loc expr size
	.byte	80                              @ DW_OP_reg0
	.long	.Ltmp37-.Lfunc_begin6
	.long	.Lfunc_end6-.Lfunc_begin6
	.short	3                               @ Loc expr size
	.byte	163                             @ DW_OP_entry_value
	.byte	1                               @ 1
	.byte	80                              @ DW_OP_reg0
	.long	0
	.long	0
.Ldebug_loc8:
	.long	-1
	.long	.Lfunc_begin7                   @   base address
	.long	.Lfunc_begin7-.Lfunc_begin7
	.long	.Ltmp39-.Lfunc_begin7
	.short	1                               @ Loc expr size
	.byte	80                              @ DW_OP_reg0
	.long	.Ltmp39-.Lfunc_begin7
	.long	.Lfunc_end7-.Lfunc_begin7
	.short	3                               @ Loc expr size
	.byte	163                             @ DW_OP_entry_value
	.byte	1                               @ 1
	.byte	80                              @ DW_OP_reg0
	.long	0
	.long	0
.Ldebug_loc9:
	.long	-1
	.long	.Lfunc_begin8                   @   base address
	.long	.Lfunc_begin8-.Lfunc_begin8
	.long	.Ltmp46-.Lfunc_begin8
	.short	1                               @ Loc expr size
	.byte	80                              @ DW_OP_reg0
	.long	0
	.long	0
.Ldebug_loc10:
	.long	-1
	.long	.Lfunc_begin8                   @   base address
	.long	.Lfunc_begin8-.Lfunc_begin8
	.long	.Ltmp43-.Lfunc_begin8
	.short	1                               @ Loc expr size
	.byte	82                              @ DW_OP_reg2
	.long	.Ltmp43-.Lfunc_begin8
	.long	.Lfunc_end8-.Lfunc_begin8
	.short	3                               @ Loc expr size
	.byte	163                             @ DW_OP_entry_value
	.byte	1                               @ 1
	.byte	82                              @ DW_OP_reg2
	.long	0
	.long	0
.Ldebug_loc11:
	.long	-1
	.long	.Lfunc_begin8                   @   base address
	.long	.Ltmp42-.Lfunc_begin8
	.long	.Lfunc_end8-.Lfunc_begin8
	.short	1                               @ Loc expr size
	.byte	83                              @ DW_OP_reg3
	.long	0
	.long	0
.Ldebug_loc12:
	.long	-1
	.long	.Lfunc_begin9                   @   base address
	.long	.Lfunc_begin9-.Lfunc_begin9
	.long	.Ltmp62-.Lfunc_begin9
	.short	1                               @ Loc expr size
	.byte	80                              @ DW_OP_reg0
	.long	0
	.long	0
.Ldebug_loc13:
	.long	-1
	.long	.Lfunc_begin9                   @   base address
	.long	.Lfunc_begin9-.Lfunc_begin9
	.long	.Ltmp63-.Lfunc_begin9
	.short	1                               @ Loc expr size
	.byte	81                              @ DW_OP_reg1
	.long	.Ltmp63-.Lfunc_begin9
	.long	.Lfunc_end9-.Lfunc_begin9
	.short	3                               @ Loc expr size
	.byte	163                             @ DW_OP_entry_value
	.byte	1                               @ 1
	.byte	81                              @ DW_OP_reg1
	.long	0
	.long	0
.Ldebug_loc14:
	.long	-1
	.long	.Lfunc_begin9                   @   base address
	.long	.Ltmp53-.Lfunc_begin9
	.long	.Lfunc_end9-.Lfunc_begin9
	.short	1                               @ Loc expr size
	.byte	82                              @ DW_OP_reg2
	.long	0
	.long	0
	.section	.debug_abbrev,"",%progbits
	.byte	1                               @ Abbreviation Code
	.byte	17                              @ DW_TAG_compile_unit
	.byte	1                               @ DW_CHILDREN_yes
	.byte	37                              @ DW_AT_producer
	.byte	14                              @ DW_FORM_strp
	.byte	19                              @ DW_AT_language
	.byte	5                               @ DW_FORM_data2
	.byte	3                               @ DW_AT_name
	.byte	14                              @ DW_FORM_strp
	.byte	16                              @ DW_AT_stmt_list
	.byte	6                               @ DW_FORM_data4
	.byte	27                              @ DW_AT_comp_dir
	.byte	14                              @ DW_FORM_strp
	.byte	17                              @ DW_AT_low_pc
	.byte	1                               @ DW_FORM_addr
	.byte	85                              @ DW_AT_ranges
	.byte	6                               @ DW_FORM_data4
	.byte	0                               @ EOM(1)
	.byte	0                               @ EOM(2)
	.byte	2                               @ Abbreviation Code
	.byte	46                              @ DW_TAG_subprogram
	.byte	1                               @ DW_CHILDREN_yes
	.byte	17                              @ DW_AT_low_pc
	.byte	1                               @ DW_FORM_addr
	.byte	18                              @ DW_AT_high_pc
	.byte	1                               @ DW_FORM_addr
	.byte	64                              @ DW_AT_frame_base
	.byte	10                              @ DW_FORM_block1
	.byte	3                               @ DW_AT_name
	.byte	14                              @ DW_FORM_strp
	.byte	58                              @ DW_AT_decl_file
	.byte	11                              @ DW_FORM_data1
	.byte	59                              @ DW_AT_decl_line
	.byte	11                              @ DW_FORM_data1
	.byte	39                              @ DW_AT_prototyped
	.byte	12                              @ DW_FORM_flag
	.byte	63                              @ DW_AT_external
	.byte	12                              @ DW_FORM_flag
	.byte	0                               @ EOM(1)
	.byte	0                               @ EOM(2)
	.byte	3                               @ Abbreviation Code
	.byte	5                               @ DW_TAG_formal_parameter
	.byte	0                               @ DW_CHILDREN_no
	.byte	2                               @ DW_AT_location
	.byte	10                              @ DW_FORM_block1
	.byte	3                               @ DW_AT_name
	.byte	14                              @ DW_FORM_strp
	.byte	58                              @ DW_AT_decl_file
	.byte	11                              @ DW_FORM_data1
	.byte	59                              @ DW_AT_decl_line
	.byte	11                              @ DW_FORM_data1
	.byte	73                              @ DW_AT_type
	.byte	19                              @ DW_FORM_ref4
	.byte	0                               @ EOM(1)
	.byte	0                               @ EOM(2)
	.byte	4                               @ Abbreviation Code
	.byte	46                              @ DW_TAG_subprogram
	.byte	1                               @ DW_CHILDREN_yes
	.byte	3                               @ DW_AT_name
	.byte	14                              @ DW_FORM_strp
	.byte	58                              @ DW_AT_decl_file
	.byte	11                              @ DW_FORM_data1
	.byte	59                              @ DW_AT_decl_line
	.byte	5                               @ DW_FORM_data2
	.byte	39                              @ DW_AT_prototyped
	.byte	12                              @ DW_FORM_flag
	.byte	73                              @ DW_AT_type
	.byte	19                              @ DW_FORM_ref4
	.byte	32                              @ DW_AT_inline
	.byte	11                              @ DW_FORM_data1
	.byte	0                               @ EOM(1)
	.byte	0                               @ EOM(2)
	.byte	5                               @ Abbreviation Code
	.byte	52                              @ DW_TAG_variable
	.byte	0                               @ DW_CHILDREN_no
	.byte	3                               @ DW_AT_name
	.byte	14                              @ DW_FORM_strp
	.byte	58                              @ DW_AT_decl_file
	.byte	11                              @ DW_FORM_data1
	.byte	59                              @ DW_AT_decl_line
	.byte	5                               @ DW_FORM_data2
	.byte	73                              @ DW_AT_type
	.byte	19                              @ DW_FORM_ref4
	.byte	0                               @ EOM(1)
	.byte	0                               @ EOM(2)
	.byte	6                               @ Abbreviation Code
	.byte	22                              @ DW_TAG_typedef
	.byte	0                               @ DW_CHILDREN_no
	.byte	73                              @ DW_AT_type
	.byte	19                              @ DW_FORM_ref4
	.byte	3                               @ DW_AT_name
	.byte	14                              @ DW_FORM_strp
	.byte	58                              @ DW_AT_decl_file
	.byte	11                              @ DW_FORM_data1
	.byte	59                              @ DW_AT_decl_line
	.byte	11                              @ DW_FORM_data1
	.byte	0                               @ EOM(1)
	.byte	0                               @ EOM(2)
	.byte	7                               @ Abbreviation Code
	.byte	36                              @ DW_TAG_base_type
	.byte	0                               @ DW_CHILDREN_no
	.byte	3                               @ DW_AT_name
	.byte	14                              @ DW_FORM_strp
	.byte	62                              @ DW_AT_encoding
	.byte	11                              @ DW_FORM_data1
	.byte	11                              @ DW_AT_byte_size
	.byte	11                              @ DW_FORM_data1
	.byte	0                               @ EOM(1)
	.byte	0                               @ EOM(2)
	.byte	8                               @ Abbreviation Code
	.byte	52                              @ DW_TAG_variable
	.byte	0                               @ DW_CHILDREN_no
	.byte	2                               @ DW_AT_location
	.byte	6                               @ DW_FORM_data4
	.byte	3                               @ DW_AT_name
	.byte	14                              @ DW_FORM_strp
	.byte	58                              @ DW_AT_decl_file
	.byte	11                              @ DW_FORM_data1
	.byte	59                              @ DW_AT_decl_line
	.byte	11                              @ DW_FORM_data1
	.byte	73                              @ DW_AT_type
	.byte	19                              @ DW_FORM_ref4
	.byte	0                               @ EOM(1)
	.byte	0                               @ EOM(2)
	.byte	9                               @ Abbreviation Code
	.byte	29                              @ DW_TAG_inlined_subroutine
	.byte	0                               @ DW_CHILDREN_no
	.byte	49                              @ DW_AT_abstract_origin
	.byte	19                              @ DW_FORM_ref4
	.byte	17                              @ DW_AT_low_pc
	.byte	1                               @ DW_FORM_addr
	.byte	18                              @ DW_AT_high_pc
	.byte	1                               @ DW_FORM_addr
	.byte	88                              @ DW_AT_call_file
	.byte	11                              @ DW_FORM_data1
	.byte	89                              @ DW_AT_call_line
	.byte	11                              @ DW_FORM_data1
	.byte	87                              @ DW_AT_call_column
	.byte	11                              @ DW_FORM_data1
	.byte	0                               @ EOM(1)
	.byte	0                               @ EOM(2)
	.byte	10                              @ Abbreviation Code
	.byte	46                              @ DW_TAG_subprogram
	.byte	1                               @ DW_CHILDREN_yes
	.byte	17                              @ DW_AT_low_pc
	.byte	1                               @ DW_FORM_addr
	.byte	18                              @ DW_AT_high_pc
	.byte	1                               @ DW_FORM_addr
	.byte	64                              @ DW_AT_frame_base
	.byte	10                              @ DW_FORM_block1
	.byte	3                               @ DW_AT_name
	.byte	14                              @ DW_FORM_strp
	.byte	58                              @ DW_AT_decl_file
	.byte	11                              @ DW_FORM_data1
	.byte	59                              @ DW_AT_decl_line
	.byte	11                              @ DW_FORM_data1
	.byte	39                              @ DW_AT_prototyped
	.byte	12                              @ DW_FORM_flag
	.byte	73                              @ DW_AT_type
	.byte	19                              @ DW_FORM_ref4
	.byte	63                              @ DW_AT_external
	.byte	12                              @ DW_FORM_flag
	.byte	0                               @ EOM(1)
	.byte	0                               @ EOM(2)
	.byte	11                              @ Abbreviation Code
	.byte	5                               @ DW_TAG_formal_parameter
	.byte	0                               @ DW_CHILDREN_no
	.byte	2                               @ DW_AT_location
	.byte	6                               @ DW_FORM_data4
	.byte	3                               @ DW_AT_name
	.byte	14                              @ DW_FORM_strp
	.byte	58                              @ DW_AT_decl_file
	.byte	11                              @ DW_FORM_data1
	.byte	59                              @ DW_AT_decl_line
	.byte	11                              @ DW_FORM_data1
	.byte	73                              @ DW_AT_type
	.byte	19                              @ DW_FORM_ref4
	.byte	0                               @ EOM(1)
	.byte	0                               @ EOM(2)
	.byte	12                              @ Abbreviation Code
	.byte	15                              @ DW_TAG_pointer_type
	.byte	0                               @ DW_CHILDREN_no
	.byte	73                              @ DW_AT_type
	.byte	19                              @ DW_FORM_ref4
	.byte	0                               @ EOM(1)
	.byte	0                               @ EOM(2)
	.byte	13                              @ Abbreviation Code
	.byte	19                              @ DW_TAG_structure_type
	.byte	1                               @ DW_CHILDREN_yes
	.byte	3                               @ DW_AT_name
	.byte	14                              @ DW_FORM_strp
	.byte	11                              @ DW_AT_byte_size
	.byte	11                              @ DW_FORM_data1
	.byte	58                              @ DW_AT_decl_file
	.byte	11                              @ DW_FORM_data1
	.byte	59                              @ DW_AT_decl_line
	.byte	11                              @ DW_FORM_data1
	.byte	0                               @ EOM(1)
	.byte	0                               @ EOM(2)
	.byte	14                              @ Abbreviation Code
	.byte	13                              @ DW_TAG_member
	.byte	0                               @ DW_CHILDREN_no
	.byte	3                               @ DW_AT_name
	.byte	14                              @ DW_FORM_strp
	.byte	73                              @ DW_AT_type
	.byte	19                              @ DW_FORM_ref4
	.byte	58                              @ DW_AT_decl_file
	.byte	11                              @ DW_FORM_data1
	.byte	59                              @ DW_AT_decl_line
	.byte	11                              @ DW_FORM_data1
	.byte	56                              @ DW_AT_data_member_location
	.byte	11                              @ DW_FORM_data1
	.byte	0                               @ EOM(1)
	.byte	0                               @ EOM(2)
	.byte	15                              @ Abbreviation Code
	.byte	19                              @ DW_TAG_structure_type
	.byte	1                               @ DW_CHILDREN_yes
	.byte	11                              @ DW_AT_byte_size
	.byte	11                              @ DW_FORM_data1
	.byte	58                              @ DW_AT_decl_file
	.byte	11                              @ DW_FORM_data1
	.byte	59                              @ DW_AT_decl_line
	.byte	11                              @ DW_FORM_data1
	.byte	0                               @ EOM(1)
	.byte	0                               @ EOM(2)
	.byte	0                               @ EOM(3)
	.section	.debug_info,"",%progbits
.Lcu_begin0:
	.long	.Ldebug_info_end0-.Ldebug_info_start0 @ Length of Unit
.Ldebug_info_start0:
	.short	3                               @ DWARF version number
	.long	.debug_abbrev                   @ Offset Into Abbrev. Section
	.byte	4                               @ Address Size (in bytes)
	.byte	1                               @ Abbrev [1] 0xb:0x307 DW_TAG_compile_unit
	.long	.Linfo_string0                  @ DW_AT_producer
	.short	12                              @ DW_AT_language
	.long	.Linfo_string1                  @ DW_AT_name
	.long	.Lline_table_start0             @ DW_AT_stmt_list
	.long	.Linfo_string2                  @ DW_AT_comp_dir
	.long	0                               @ DW_AT_low_pc
	.long	.Ldebug_ranges0                 @ DW_AT_ranges
	.byte	2                               @ Abbrev [2] 0x26:0x21 DW_TAG_subprogram
	.long	.Lfunc_begin0                   @ DW_AT_low_pc
	.long	.Lfunc_end0                     @ DW_AT_high_pc
	.byte	1                               @ DW_AT_frame_base
	.byte	93
	.long	.Linfo_string7                  @ DW_AT_name
	.byte	1                               @ DW_AT_decl_file
	.byte	54                              @ DW_AT_decl_line
	.byte	1                               @ DW_AT_prototyped
	.byte	1                               @ DW_AT_external
	.byte	3                               @ Abbrev [3] 0x39:0xd DW_TAG_formal_parameter
	.byte	1                               @ DW_AT_location
	.byte	80
	.long	.Linfo_string21                 @ DW_AT_name
	.byte	1                               @ DW_AT_decl_file
	.byte	54                              @ DW_AT_decl_line
	.long	740                             @ DW_AT_type
	.byte	0                               @ End Of Children Mark
	.byte	4                               @ Abbrev [4] 0x47:0x1b DW_TAG_subprogram
	.long	.Linfo_string3                  @ DW_AT_name
	.byte	2                               @ DW_AT_decl_file
	.short	368                             @ DW_AT_decl_line
	.byte	1                               @ DW_AT_prototyped
	.long	98                              @ DW_AT_type
	.byte	1                               @ DW_AT_inline
	.byte	5                               @ Abbrev [5] 0x55:0xc DW_TAG_variable
	.long	.Linfo_string6                  @ DW_AT_name
	.byte	2                               @ DW_AT_decl_file
	.short	370                             @ DW_AT_decl_line
	.long	98                              @ DW_AT_type
	.byte	0                               @ End Of Children Mark
	.byte	6                               @ Abbrev [6] 0x62:0xb DW_TAG_typedef
	.long	109                             @ DW_AT_type
	.long	.Linfo_string5                  @ DW_AT_name
	.byte	3                               @ DW_AT_decl_file
	.byte	64                              @ DW_AT_decl_line
	.byte	7                               @ Abbrev [7] 0x6d:0x7 DW_TAG_base_type
	.long	.Linfo_string4                  @ DW_AT_name
	.byte	7                               @ DW_AT_encoding
	.byte	4                               @ DW_AT_byte_size
	.byte	2                               @ Abbrev [2] 0x74:0x4d DW_TAG_subprogram
	.long	.Lfunc_begin1                   @ DW_AT_low_pc
	.long	.Lfunc_end1                     @ DW_AT_high_pc
	.byte	1                               @ DW_AT_frame_base
	.byte	93
	.long	.Linfo_string8                  @ DW_AT_name
	.byte	1                               @ DW_AT_decl_file
	.byte	68                              @ DW_AT_decl_line
	.byte	1                               @ DW_AT_prototyped
	.byte	1                               @ DW_AT_external
	.byte	3                               @ Abbrev [3] 0x87:0xd DW_TAG_formal_parameter
	.byte	1                               @ DW_AT_location
	.byte	80
	.long	.Linfo_string21                 @ DW_AT_name
	.byte	1                               @ DW_AT_decl_file
	.byte	68                              @ DW_AT_decl_line
	.long	740                             @ DW_AT_type
	.byte	3                               @ Abbrev [3] 0x94:0xd DW_TAG_formal_parameter
	.byte	1                               @ DW_AT_location
	.byte	81
	.long	.Linfo_string25                 @ DW_AT_name
	.byte	1                               @ DW_AT_decl_file
	.byte	68                              @ DW_AT_decl_line
	.long	686                             @ DW_AT_type
	.byte	8                               @ Abbrev [8] 0xa1:0xf DW_TAG_variable
	.long	.Ldebug_loc0                    @ DW_AT_location
	.long	.Linfo_string26                 @ DW_AT_name
	.byte	1                               @ DW_AT_decl_file
	.byte	69                              @ DW_AT_decl_line
	.long	98                              @ DW_AT_type
	.byte	9                               @ Abbrev [9] 0xb0:0x10 DW_TAG_inlined_subroutine
	.long	71                              @ DW_AT_abstract_origin
	.long	.Ltmp2                          @ DW_AT_low_pc
	.long	.Ltmp3                          @ DW_AT_high_pc
	.byte	1                               @ DW_AT_call_file
	.byte	69                              @ DW_AT_call_line
	.byte	22                              @ DW_AT_call_column
	.byte	0                               @ End Of Children Mark
	.byte	2                               @ Abbrev [2] 0xc1:0x4d DW_TAG_subprogram
	.long	.Lfunc_begin2                   @ DW_AT_low_pc
	.long	.Lfunc_end2                     @ DW_AT_high_pc
	.byte	1                               @ DW_AT_frame_base
	.byte	93
	.long	.Linfo_string9                  @ DW_AT_name
	.byte	1                               @ DW_AT_decl_file
	.byte	101                             @ DW_AT_decl_line
	.byte	1                               @ DW_AT_prototyped
	.byte	1                               @ DW_AT_external
	.byte	3                               @ Abbrev [3] 0xd4:0xd DW_TAG_formal_parameter
	.byte	1                               @ DW_AT_location
	.byte	80
	.long	.Linfo_string21                 @ DW_AT_name
	.byte	1                               @ DW_AT_decl_file
	.byte	101                             @ DW_AT_decl_line
	.long	740                             @ DW_AT_type
	.byte	3                               @ Abbrev [3] 0xe1:0xd DW_TAG_formal_parameter
	.byte	1                               @ DW_AT_location
	.byte	81
	.long	.Linfo_string25                 @ DW_AT_name
	.byte	1                               @ DW_AT_decl_file
	.byte	101                             @ DW_AT_decl_line
	.long	686                             @ DW_AT_type
	.byte	8                               @ Abbrev [8] 0xee:0xf DW_TAG_variable
	.long	.Ldebug_loc1                    @ DW_AT_location
	.long	.Linfo_string26                 @ DW_AT_name
	.byte	1                               @ DW_AT_decl_file
	.byte	102                             @ DW_AT_decl_line
	.long	98                              @ DW_AT_type
	.byte	9                               @ Abbrev [9] 0xfd:0x10 DW_TAG_inlined_subroutine
	.long	71                              @ DW_AT_abstract_origin
	.long	.Lfunc_begin2                   @ DW_AT_low_pc
	.long	.Ltmp11                         @ DW_AT_high_pc
	.byte	1                               @ DW_AT_call_file
	.byte	102                             @ DW_AT_call_line
	.byte	22                              @ DW_AT_call_column
	.byte	0                               @ End Of Children Mark
	.byte	10                              @ Abbrev [10] 0x10e:0x55 DW_TAG_subprogram
	.long	.Lfunc_begin3                   @ DW_AT_low_pc
	.long	.Lfunc_end3                     @ DW_AT_high_pc
	.byte	1                               @ DW_AT_frame_base
	.byte	93
	.long	.Linfo_string10                 @ DW_AT_name
	.byte	1                               @ DW_AT_decl_file
	.byte	132                             @ DW_AT_decl_line
	.byte	1                               @ DW_AT_prototyped
	.long	686                             @ DW_AT_type
	.byte	1                               @ DW_AT_external
	.byte	11                              @ Abbrev [11] 0x125:0xf DW_TAG_formal_parameter
	.long	.Ldebug_loc2                    @ DW_AT_location
	.long	.Linfo_string21                 @ DW_AT_name
	.byte	1                               @ DW_AT_decl_file
	.byte	132                             @ DW_AT_decl_line
	.long	740                             @ DW_AT_type
	.byte	8                               @ Abbrev [8] 0x134:0xf DW_TAG_variable
	.long	.Ldebug_loc3                    @ DW_AT_location
	.long	.Linfo_string26                 @ DW_AT_name
	.byte	1                               @ DW_AT_decl_file
	.byte	133                             @ DW_AT_decl_line
	.long	98                              @ DW_AT_type
	.byte	8                               @ Abbrev [8] 0x143:0xf DW_TAG_variable
	.long	.Ldebug_loc4                    @ DW_AT_location
	.long	.Linfo_string25                 @ DW_AT_name
	.byte	1                               @ DW_AT_decl_file
	.byte	134                             @ DW_AT_decl_line
	.long	686                             @ DW_AT_type
	.byte	9                               @ Abbrev [9] 0x152:0x10 DW_TAG_inlined_subroutine
	.long	71                              @ DW_AT_abstract_origin
	.long	.Ltmp20                         @ DW_AT_low_pc
	.long	.Ltmp21                         @ DW_AT_high_pc
	.byte	1                               @ DW_AT_call_file
	.byte	133                             @ DW_AT_call_line
	.byte	22                              @ DW_AT_call_column
	.byte	0                               @ End Of Children Mark
	.byte	10                              @ Abbrev [10] 0x163:0x27 DW_TAG_subprogram
	.long	.Lfunc_begin4                   @ DW_AT_low_pc
	.long	.Lfunc_end4                     @ DW_AT_high_pc
	.byte	1                               @ DW_AT_frame_base
	.byte	93
	.long	.Linfo_string15                 @ DW_AT_name
	.byte	1                               @ DW_AT_decl_file
	.byte	176                             @ DW_AT_decl_line
	.byte	1                               @ DW_AT_prototyped
	.long	686                             @ DW_AT_type
	.byte	1                               @ DW_AT_external
	.byte	11                              @ Abbrev [11] 0x17a:0xf DW_TAG_formal_parameter
	.long	.Ldebug_loc5                    @ DW_AT_location
	.long	.Linfo_string21                 @ DW_AT_name
	.byte	1                               @ DW_AT_decl_file
	.byte	176                             @ DW_AT_decl_line
	.long	740                             @ DW_AT_type
	.byte	0                               @ End Of Children Mark
	.byte	10                              @ Abbrev [10] 0x18a:0x27 DW_TAG_subprogram
	.long	.Lfunc_begin5                   @ DW_AT_low_pc
	.long	.Lfunc_end5                     @ DW_AT_high_pc
	.byte	1                               @ DW_AT_frame_base
	.byte	93
	.long	.Linfo_string16                 @ DW_AT_name
	.byte	1                               @ DW_AT_decl_file
	.byte	191                             @ DW_AT_decl_line
	.byte	1                               @ DW_AT_prototyped
	.long	686                             @ DW_AT_type
	.byte	1                               @ DW_AT_external
	.byte	11                              @ Abbrev [11] 0x1a1:0xf DW_TAG_formal_parameter
	.long	.Ldebug_loc6                    @ DW_AT_location
	.long	.Linfo_string21                 @ DW_AT_name
	.byte	1                               @ DW_AT_decl_file
	.byte	191                             @ DW_AT_decl_line
	.long	740                             @ DW_AT_type
	.byte	0                               @ End Of Children Mark
	.byte	10                              @ Abbrev [10] 0x1b1:0x27 DW_TAG_subprogram
	.long	.Lfunc_begin6                   @ DW_AT_low_pc
	.long	.Lfunc_end6                     @ DW_AT_high_pc
	.byte	1                               @ DW_AT_frame_base
	.byte	93
	.long	.Linfo_string17                 @ DW_AT_name
	.byte	1                               @ DW_AT_decl_file
	.byte	201                             @ DW_AT_decl_line
	.byte	1                               @ DW_AT_prototyped
	.long	686                             @ DW_AT_type
	.byte	1                               @ DW_AT_external
	.byte	11                              @ Abbrev [11] 0x1c8:0xf DW_TAG_formal_parameter
	.long	.Ldebug_loc7                    @ DW_AT_location
	.long	.Linfo_string25                 @ DW_AT_name
	.byte	1                               @ DW_AT_decl_file
	.byte	201                             @ DW_AT_decl_line
	.long	686                             @ DW_AT_type
	.byte	0                               @ End Of Children Mark
	.byte	10                              @ Abbrev [10] 0x1d8:0x27 DW_TAG_subprogram
	.long	.Lfunc_begin7                   @ DW_AT_low_pc
	.long	.Lfunc_end7                     @ DW_AT_high_pc
	.byte	1                               @ DW_AT_frame_base
	.byte	93
	.long	.Linfo_string18                 @ DW_AT_name
	.byte	1                               @ DW_AT_decl_file
	.byte	211                             @ DW_AT_decl_line
	.byte	1                               @ DW_AT_prototyped
	.long	686                             @ DW_AT_type
	.byte	1                               @ DW_AT_external
	.byte	11                              @ Abbrev [11] 0x1ef:0xf DW_TAG_formal_parameter
	.long	.Ldebug_loc8                    @ DW_AT_location
	.long	.Linfo_string25                 @ DW_AT_name
	.byte	1                               @ DW_AT_decl_file
	.byte	211                             @ DW_AT_decl_line
	.long	686                             @ DW_AT_type
	.byte	0                               @ End Of Children Mark
	.byte	2                               @ Abbrev [2] 0x1ff:0x5e DW_TAG_subprogram
	.long	.Lfunc_begin8                   @ DW_AT_low_pc
	.long	.Lfunc_end8                     @ DW_AT_high_pc
	.byte	1                               @ DW_AT_frame_base
	.byte	93
	.long	.Linfo_string19                 @ DW_AT_name
	.byte	1                               @ DW_AT_decl_file
	.byte	222                             @ DW_AT_decl_line
	.byte	1                               @ DW_AT_prototyped
	.byte	1                               @ DW_AT_external
	.byte	11                              @ Abbrev [11] 0x212:0xf DW_TAG_formal_parameter
	.long	.Ldebug_loc9                    @ DW_AT_location
	.long	.Linfo_string21                 @ DW_AT_name
	.byte	1                               @ DW_AT_decl_file
	.byte	222                             @ DW_AT_decl_line
	.long	740                             @ DW_AT_type
	.byte	3                               @ Abbrev [3] 0x221:0xd DW_TAG_formal_parameter
	.byte	1                               @ DW_AT_location
	.byte	81
	.long	.Linfo_string25                 @ DW_AT_name
	.byte	1                               @ DW_AT_decl_file
	.byte	222                             @ DW_AT_decl_line
	.long	686                             @ DW_AT_type
	.byte	11                              @ Abbrev [11] 0x22e:0xf DW_TAG_formal_parameter
	.long	.Ldebug_loc10                   @ DW_AT_location
	.long	.Linfo_string27                 @ DW_AT_name
	.byte	1                               @ DW_AT_decl_file
	.byte	222                             @ DW_AT_decl_line
	.long	686                             @ DW_AT_type
	.byte	8                               @ Abbrev [8] 0x23d:0xf DW_TAG_variable
	.long	.Ldebug_loc11                   @ DW_AT_location
	.long	.Linfo_string26                 @ DW_AT_name
	.byte	1                               @ DW_AT_decl_file
	.byte	223                             @ DW_AT_decl_line
	.long	98                              @ DW_AT_type
	.byte	9                               @ Abbrev [9] 0x24c:0x10 DW_TAG_inlined_subroutine
	.long	71                              @ DW_AT_abstract_origin
	.long	.Ltmp41                         @ DW_AT_low_pc
	.long	.Ltmp42                         @ DW_AT_high_pc
	.byte	1                               @ DW_AT_call_file
	.byte	223                             @ DW_AT_call_line
	.byte	22                              @ DW_AT_call_column
	.byte	0                               @ End Of Children Mark
	.byte	2                               @ Abbrev [2] 0x25d:0x51 DW_TAG_subprogram
	.long	.Lfunc_begin9                   @ DW_AT_low_pc
	.long	.Lfunc_end9                     @ DW_AT_high_pc
	.byte	1                               @ DW_AT_frame_base
	.byte	93
	.long	.Linfo_string20                 @ DW_AT_name
	.byte	1                               @ DW_AT_decl_file
	.byte	253                             @ DW_AT_decl_line
	.byte	1                               @ DW_AT_prototyped
	.byte	1                               @ DW_AT_external
	.byte	11                              @ Abbrev [11] 0x270:0xf DW_TAG_formal_parameter
	.long	.Ldebug_loc12                   @ DW_AT_location
	.long	.Linfo_string21                 @ DW_AT_name
	.byte	1                               @ DW_AT_decl_file
	.byte	253                             @ DW_AT_decl_line
	.long	740                             @ DW_AT_type
	.byte	11                              @ Abbrev [11] 0x27f:0xf DW_TAG_formal_parameter
	.long	.Ldebug_loc13                   @ DW_AT_location
	.long	.Linfo_string25                 @ DW_AT_name
	.byte	1                               @ DW_AT_decl_file
	.byte	253                             @ DW_AT_decl_line
	.long	686                             @ DW_AT_type
	.byte	8                               @ Abbrev [8] 0x28e:0xf DW_TAG_variable
	.long	.Ldebug_loc14                   @ DW_AT_location
	.long	.Linfo_string26                 @ DW_AT_name
	.byte	1                               @ DW_AT_decl_file
	.byte	254                             @ DW_AT_decl_line
	.long	98                              @ DW_AT_type
	.byte	9                               @ Abbrev [9] 0x29d:0x10 DW_TAG_inlined_subroutine
	.long	71                              @ DW_AT_abstract_origin
	.long	.Ltmp52                         @ DW_AT_low_pc
	.long	.Ltmp53                         @ DW_AT_high_pc
	.byte	1                               @ DW_AT_call_file
	.byte	254                             @ DW_AT_call_line
	.byte	22                              @ DW_AT_call_column
	.byte	0                               @ End Of Children Mark
	.byte	12                              @ Abbrev [12] 0x2ae:0x5 DW_TAG_pointer_type
	.long	691                             @ DW_AT_type
	.byte	6                               @ Abbrev [6] 0x2b3:0xb DW_TAG_typedef
	.long	702                             @ DW_AT_type
	.long	.Linfo_string14                 @ DW_AT_name
	.byte	4                               @ DW_AT_decl_file
	.byte	34                              @ DW_AT_decl_line
	.byte	13                              @ Abbrev [13] 0x2be:0x21 DW_TAG_structure_type
	.long	.Linfo_string13                 @ DW_AT_name
	.byte	8                               @ DW_AT_byte_size
	.byte	4                               @ DW_AT_decl_file
	.byte	31                              @ DW_AT_decl_line
	.byte	14                              @ Abbrev [14] 0x2c6:0xc DW_TAG_member
	.long	.Linfo_string11                 @ DW_AT_name
	.long	735                             @ DW_AT_type
	.byte	4                               @ DW_AT_decl_file
	.byte	32                              @ DW_AT_decl_line
	.byte	0                               @ DW_AT_data_member_location
	.byte	14                              @ Abbrev [14] 0x2d2:0xc DW_TAG_member
	.long	.Linfo_string12                 @ DW_AT_name
	.long	735                             @ DW_AT_type
	.byte	4                               @ DW_AT_decl_file
	.byte	33                              @ DW_AT_decl_line
	.byte	4                               @ DW_AT_data_member_location
	.byte	0                               @ End Of Children Mark
	.byte	12                              @ Abbrev [12] 0x2df:0x5 DW_TAG_pointer_type
	.long	702                             @ DW_AT_type
	.byte	12                              @ Abbrev [12] 0x2e4:0x5 DW_TAG_pointer_type
	.long	745                             @ DW_AT_type
	.byte	6                               @ Abbrev [6] 0x2e9:0xb DW_TAG_typedef
	.long	756                             @ DW_AT_type
	.long	.Linfo_string24                 @ DW_AT_name
	.byte	4                               @ DW_AT_decl_file
	.byte	40                              @ DW_AT_decl_line
	.byte	15                              @ Abbrev [15] 0x2f4:0x1d DW_TAG_structure_type
	.byte	8                               @ DW_AT_byte_size
	.byte	4                               @ DW_AT_decl_file
	.byte	37                              @ DW_AT_decl_line
	.byte	14                              @ Abbrev [14] 0x2f8:0xc DW_TAG_member
	.long	.Linfo_string22                 @ DW_AT_name
	.long	686                             @ DW_AT_type
	.byte	4                               @ DW_AT_decl_file
	.byte	38                              @ DW_AT_decl_line
	.byte	0                               @ DW_AT_data_member_location
	.byte	14                              @ Abbrev [14] 0x304:0xc DW_TAG_member
	.long	.Linfo_string23                 @ DW_AT_name
	.long	686                             @ DW_AT_type
	.byte	4                               @ DW_AT_decl_file
	.byte	39                              @ DW_AT_decl_line
	.byte	4                               @ DW_AT_data_member_location
	.byte	0                               @ End Of Children Mark
	.byte	0                               @ End Of Children Mark
.Ldebug_info_end0:
	.section	.debug_ranges,"",%progbits
.Ldebug_ranges0:
	.long	.Lfunc_begin0
	.long	.Lfunc_end0
	.long	.Lfunc_begin1
	.long	.Lfunc_end1
	.long	.Lfunc_begin2
	.long	.Lfunc_end2
	.long	.Lfunc_begin3
	.long	.Lfunc_end3
	.long	.Lfunc_begin4
	.long	.Lfunc_end4
	.long	.Lfunc_begin5
	.long	.Lfunc_end5
	.long	.Lfunc_begin6
	.long	.Lfunc_end6
	.long	.Lfunc_begin7
	.long	.Lfunc_end7
	.long	.Lfunc_begin8
	.long	.Lfunc_end8
	.long	.Lfunc_begin9
	.long	.Lfunc_end9
	.long	0
	.long	0
	.section	.debug_str,"MS",%progbits,1
.Linfo_string0:
	.asciz	"Component: ARM Compiler 6.15 Tool: armclang [5dd79400]" @ string offset=0
.Linfo_string1:
	.asciz	"C:/Users/shw26/AppData/Local/Arm/Packs/ARM/CMSIS-Driver/2.6.1/WiFi/ESP8266/BufList\\LinkList.c" @ string offset=55
.Linfo_string2:
	.asciz	"C:\\Users\\shw26\\OneDrive\\Desktop\\2021\\2021-1\\\354\272\241\354\212\244\355\206\244\353\224\224\354\236\220\354\235\2702\\Nuvoton\\M2351_BSP_v3.00.004\\M2351Series_BSP_CMSIS_V3.00.004\\MyProject\\PulseMonitoring\\Secure" @ string offset=149
.Linfo_string3:
	.asciz	"__get_PRIMASK"                 @ string offset=306
.Linfo_string4:
	.asciz	"unsigned int"                  @ string offset=320
.Linfo_string5:
	.asciz	"uint32_t"                      @ string offset=333
.Linfo_string6:
	.asciz	"result"                        @ string offset=342
.Linfo_string7:
	.asciz	"ListInit"                      @ string offset=349
.Linfo_string8:
	.asciz	"ListPut"                       @ string offset=358
.Linfo_string9:
	.asciz	"ListPutHead"                   @ string offset=366
.Linfo_string10:
	.asciz	"ListGet"                       @ string offset=378
.Linfo_string11:
	.asciz	"next"                          @ string offset=386
.Linfo_string12:
	.asciz	"prev"                          @ string offset=391
.Linfo_string13:
	.asciz	"Link_s"                        @ string offset=396
.Linfo_string14:
	.asciz	"Link_t"                        @ string offset=403
.Linfo_string15:
	.asciz	"ListPeekHead"                  @ string offset=410
.Linfo_string16:
	.asciz	"ListPeekTail"                  @ string offset=423
.Linfo_string17:
	.asciz	"ListPeekNext"                  @ string offset=436
.Linfo_string18:
	.asciz	"ListPeekPrev"                  @ string offset=449
.Linfo_string19:
	.asciz	"ListInsert"                    @ string offset=462
.Linfo_string20:
	.asciz	"ListRemove"                    @ string offset=473
.Linfo_string21:
	.asciz	"list"                          @ string offset=484
.Linfo_string22:
	.asciz	"head"                          @ string offset=489
.Linfo_string23:
	.asciz	"tail"                          @ string offset=494
.Linfo_string24:
	.asciz	"List_t"                        @ string offset=499
.Linfo_string25:
	.asciz	"link"                          @ string offset=506
.Linfo_string26:
	.asciz	"primask"                       @ string offset=511
.Linfo_string27:
	.asciz	"lnew"                          @ string offset=519
	.ident	"Component: ARM Compiler 6.15 Tool: armclang [5dd79400]"
	.section	".note.GNU-stack","",%progbits
	.eabi_attribute	30, 1	@ Tag_ABI_optimization_goals
	.ARM_attribute	16, 1	@ Tag_AV_eba
	.section	.debug_line,"",%progbits
.Lline_table_start0:
