Component: ARM Compiler 6.15 Tool: armlink [5dd79300]

==============================================================================

Section Cross References

    system_m2351.o(.text.FMC_NSBA_Setup) refers to system_m2351.o(.text.SYS_UnlockReg) for SYS_UnlockReg
    system_m2351.o(.ARM.exidx.text.FMC_NSBA_Setup) refers to system_m2351.o(.text.FMC_NSBA_Setup) for [Anonymous Symbol]
    system_m2351.o(.ARM.exidx.text.SYS_UnlockReg) refers to system_m2351.o(.text.SYS_UnlockReg) for [Anonymous Symbol]
    system_m2351.o(.text.SCU_Setup) refers to system_m2351.o(.text.__NVIC_EnableIRQ) for __NVIC_EnableIRQ
    system_m2351.o(.ARM.exidx.text.SCU_Setup) refers to system_m2351.o(.text.SCU_Setup) for [Anonymous Symbol]
    system_m2351.o(.ARM.exidx.text.__NVIC_EnableIRQ) refers to system_m2351.o(.text.__NVIC_EnableIRQ) for [Anonymous Symbol]
    system_m2351.o(.text.SCU_IRQHandler) refers to memseta.o(.text) for __aeabi_memclr4
    system_m2351.o(.text.SCU_IRQHandler) refers to printfa.o(i.__0printf) for __2printf
    system_m2351.o(.text.SCU_IRQHandler) refers to system_m2351.o(.rodata.str1.1) for .L.str.5
    system_m2351.o(.text.SCU_IRQHandler) refers to system_m2351.o(.rodata..L__const.SCU_IRQHandler.ipname) for [Anonymous Symbol]
    system_m2351.o(.ARM.exidx.text.SCU_IRQHandler) refers to system_m2351.o(.text.SCU_IRQHandler) for [Anonymous Symbol]
    system_m2351.o(.ARM.exidx.text.NSC_Init) refers to system_m2351.o(.text.NSC_Init) for [Anonymous Symbol]
    system_m2351.o(.text.TZ_SAU_Setup) refers to system_m2351.o(.text.NSC_Init) for NSC_Init
    system_m2351.o(.ARM.exidx.text.TZ_SAU_Setup) refers to system_m2351.o(.text.TZ_SAU_Setup) for [Anonymous Symbol]
    system_m2351.o(.text.SystemCoreClockUpdate) refers to anon$$obj.o(Veneer$$CMSE) for CLK_GetPLLClockFreq
    system_m2351.o(.text.SystemCoreClockUpdate) refers to system_m2351.o(.data.PllClock) for PllClock
    system_m2351.o(.text.SystemCoreClockUpdate) refers to system_m2351.o(.data.SystemCoreClock) for SystemCoreClock
    system_m2351.o(.text.SystemCoreClockUpdate) refers to system_m2351.o(.data.CyclesPerUs) for CyclesPerUs
    system_m2351.o(.ARM.exidx.text.SystemCoreClockUpdate) refers to system_m2351.o(.text.SystemCoreClockUpdate) for [Anonymous Symbol]
    system_m2351.o(.text.SystemInit) refers to system_m2351.o(.text.TZ_SAU_Setup) for TZ_SAU_Setup
    system_m2351.o(.text.SystemInit) refers to system_m2351.o(.text.SCU_Setup) for SCU_Setup
    system_m2351.o(.text.SystemInit) refers to system_m2351.o(.text.FMC_NSBA_Setup) for FMC_NSBA_Setup
    system_m2351.o(.text.SystemInit) refers to startup_m2351.o(RESET) for __Vectors
    system_m2351.o(.ARM.exidx.text.SystemInit) refers to system_m2351.o(.text.SystemInit) for [Anonymous Symbol]
    system_m2351.o(.rodata..L__const.SCU_IRQHandler.ipname) refers to system_m2351.o(.rodata.str1.1) for .L.str.6
    startup_m2351.o(RESET) refers to startup_m2351.o(STACK) for __initial_sp
    startup_m2351.o(RESET) refers to startup_m2351.o(.text) for Reset_Handler
    startup_m2351.o(RESET) refers to main.o(.text.SysTick_Handler) for SysTick_Handler
    startup_m2351.o(RESET) refers to m2351_crypto.o(.text.CRPT_IRQHandler) for CRPT_IRQHandler
    startup_m2351.o(RESET) refers to system_m2351.o(.text.SCU_IRQHandler) for SCU_IRQHandler
    startup_m2351.o(.text) refers to system_m2351.o(.text.SystemInit) for SystemInit
    startup_m2351.o(.text) refers to entry.o(.ARM.Collect$$$$00000000) for __main
    startup_m2351.o(.text) refers to retarget.o(.text.ProcessHardFault) for ProcessHardFault
    startup_m2351.o(.text) refers to retarget.o(.text.SH_Return) for SH_Return
    clk.o(.ARM.exidx.text.CLK_DisableCKO) refers to clk.o(.text.CLK_DisableCKO) for [Anonymous Symbol]
    clk.o(.ARM.exidx.text.CLK_EnableCKO) refers to clk.o(.text.CLK_EnableCKO) for [Anonymous Symbol]
    clk.o(.ARM.exidx.text.CLK_PowerDown) refers to clk.o(.text.CLK_PowerDown) for [Anonymous Symbol]
    clk.o(.ARM.exidx.text.CLK_Idle) refers to clk.o(.text.CLK_Idle) for [Anonymous Symbol]
    clk.o(.ARM.exidx.text.CLK_GetHXTFreq) refers to clk.o(.text.CLK_GetHXTFreq) for [Anonymous Symbol]
    clk.o(.ARM.exidx.text.CLK_GetLXTFreq) refers to clk.o(.text.CLK_GetLXTFreq) for [Anonymous Symbol]
    clk.o(.text.CLK_GetHCLKFreq) refers to system_m2351.o(.text.SystemCoreClockUpdate) for SystemCoreClockUpdate
    clk.o(.text.CLK_GetHCLKFreq) refers to system_m2351.o(.data.SystemCoreClock) for SystemCoreClock
    clk.o(.ARM.exidx.text.CLK_GetHCLKFreq) refers to clk.o(.text.CLK_GetHCLKFreq) for [Anonymous Symbol]
    clk.o(.text.CLK_GetPCLK0Freq) refers to system_m2351.o(.text.SystemCoreClockUpdate) for SystemCoreClockUpdate
    clk.o(.text.CLK_GetPCLK0Freq) refers to system_m2351.o(.data.SystemCoreClock) for SystemCoreClock
    clk.o(.ARM.exidx.text.CLK_GetPCLK0Freq) refers to clk.o(.text.CLK_GetPCLK0Freq) for [Anonymous Symbol]
    clk.o(.text.CLK_GetPCLK1Freq) refers to system_m2351.o(.text.SystemCoreClockUpdate) for SystemCoreClockUpdate
[...]
    __arm_cp.0_14                            0x00002bcc   Number         4  spi.o(.text.SPI_Open)
    [Anonymous Symbol]                       0x00002bd0   Section        0  main.o(.text.SYS_Init)
    __arm_cp.1_0                             0x00002ccc   Number         4  main.o(.text.SYS_Init)
    __arm_cp.1_1                             0x00002cd0   Number         4  main.o(.text.SYS_Init)
    __arm_cp.1_2                             0x00002cd4   Number         4  main.o(.text.SYS_Init)
    __arm_cp.1_3                             0x00002cd8   Number         4  main.o(.text.SYS_Init)
    __arm_cp.1_4                             0x00002cdc   Number         4  main.o(.text.SYS_Init)
    __arm_cp.1_6                             0x00002ce0   Number         4  main.o(.text.SYS_Init)
    __arm_cp.1_8                             0x00002ce4   Number         4  main.o(.text.SYS_Init)
    __arm_cp.1_10                            0x00002ce8   Number         4  main.o(.text.SYS_Init)
    SYS_LockReg                              0x00002ced   Thumb Code     8  m2351_crypto.o(.text.SYS_LockReg)
    [Anonymous Symbol]                       0x00002cec   Section        0  m2351_crypto.o(.text.SYS_LockReg)
    SYS_LockReg                              0x00002cf5   Thumb Code     8  main.o(.text.SYS_LockReg)
    [Anonymous Symbol]                       0x00002cf4   Section        0  main.o(.text.SYS_LockReg)
    SYS_UnlockReg                            0x00002cfd   Thumb Code    24  system_m2351.o(.text.SYS_UnlockReg)
    [Anonymous Symbol]                       0x00002cfc   Section        0  system_m2351.o(.text.SYS_UnlockReg)
    SYS_UnlockReg                            0x00002d15   Thumb Code    24  m2351_crypto.o(.text.SYS_UnlockReg)
    [Anonymous Symbol]                       0x00002d14   Section        0  m2351_crypto.o(.text.SYS_UnlockReg)
    SYS_UnlockReg                            0x00002d2d   Thumb Code    28  main.o(.text.SYS_UnlockReg)
    [Anonymous Symbol]                       0x00002d2c   Section        0  main.o(.text.SYS_UnlockReg)
    __arm_cp.8_0                             0x00002d44   Number         4  main.o(.text.SYS_UnlockReg)
    [Anonymous Symbol]                       0x00002d48   Section        0  nsc.o(.text.Secure_OLED_Off_callback)
    __arm_cp.1_0                             0x00002d60   Number         4  nsc.o(.text.Secure_OLED_Off_callback)
    [Anonymous Symbol]                       0x00002d64   Section        0  nsc.o(.text.Secure_OLED_On_callback)
    __arm_cp.0_0                             0x00002d7c   Number         4  nsc.o(.text.Secure_OLED_On_callback)
    [Anonymous Symbol]                       0x00002d80   Section        0  retarget.o(.text.SendChar)
    [Anonymous Symbol]                       0x00002d88   Section        0  retarget.o(.text.SendChar_ToUART)
    __arm_cp.2_0                             0x00002da8   Number         4  retarget.o(.text.SendChar_ToUART)
    SysTick_Config                           0x00002dad   Thumb Code    32  main.o(.text.SysTick_Config)
    [Anonymous Symbol]                       0x00002dac   Section        0  main.o(.text.SysTick_Config)
    __arm_cp.10_0                            0x00002dc8   Number         4  main.o(.text.SysTick_Config)
    [Anonymous Symbol]                       0x00002dcc   Section        0  main.o(.text.SysTick_Handler)
    __arm_cp.0_0                             0x00002e28   Number         4  main.o(.text.SysTick_Handler)
    __arm_cp.0_1                             0x00002e2c   Number         4  main.o(.text.SysTick_Handler)
    __arm_cp.0_2                             0x00002e30   Number         4  main.o(.text.SysTick_Handler)
    [Anonymous Symbol]                       0x00002e34   Section        0  system_m2351.o(.text.SystemCoreClockUpdate)
    __arm_cp.7_0                             0x00002e58   Number         4  system_m2351.o(.text.SystemCoreClockUpdate)
    __arm_cp.7_1                             0x00002e5c   Number         4  system_m2351.o(.text.SystemCoreClockUpdate)
    __arm_cp.7_2                             0x00002e60   Number         4  system_m2351.o(.text.SystemCoreClockUpdate)
    __arm_cp.7_3                             0x00002e64   Number         4  system_m2351.o(.text.SystemCoreClockUpdate)
    __arm_cp.7_4                             0x00002e68   Number         4  system_m2351.o(.text.SystemCoreClockUpdate)
    [Anonymous Symbol]                       0x00002e6c   Section        0  system_m2351.o(.text.SystemInit)
    __arm_cp.8_0                             0x00002e84   Number         4  system_m2351.o(.text.SystemInit)
    __arm_cp.8_1                             0x00002e88   Number         4  system_m2351.o(.text.SystemInit)
    [Anonymous Symbol]                       0x00002e8c   Section        0  system_m2351.o(.text.TZ_SAU_Setup)
    __arm_cp.6_0                             0x00002eec   Number         4  system_m2351.o(.text.TZ_SAU_Setup)
    __arm_cp.6_1                             0x00002ef0   Number         4  system_m2351.o(.text.TZ_SAU_Setup)
    __arm_cp.6_2                             0x00002ef4   Number         4  system_m2351.o(.text.TZ_SAU_Setup)
    __arm_cp.6_3                             0x00002ef8   Number         4  system_m2351.o(.text.TZ_SAU_Setup)
    __arm_cp.6_4                             0x00002efc   Number         4  system_m2351.o(.text.TZ_SAU_Setup)
    __arm_cp.6_5                             0x00002f00   Number         4  system_m2351.o(.text.TZ_SAU_Setup)
    __arm_cp.6_6                             0x00002f04   Number         4  system_m2351.o(.text.TZ_SAU_Setup)
    __arm_cp.6_7                             0x00002f08   Number         4  system_m2351.o(.text.TZ_SAU_Setup)
    __arm_cp.6_8                             0x00002f0c   Number         4  system_m2351.o(.text.TZ_SAU_Setup)
    __arm_cp.6_9                             0x00002f10   Number         4  system_m2351.o(.text.TZ_SAU_Setup)
    __arm_cp.6_10                            0x00002f14   Number         4  system_m2351.o(.text.TZ_SAU_Setup)
    [Anonymous Symbol]                       0x00002f18   Section        0  main.o(.text.WIFI_PORT_Init)
    __arm_cp.3_0                             0x00002f48   Number         4  main.o(.text.WIFI_PORT_Init)
    __arm_cp.3_1                             0x00002f4c   Number         4  main.o(.text.WIFI_PORT_Init)
    __arm_cp.3_2                             0x00002f50   Number         4  main.o(.text.WIFI_PORT_Init)
    __arm_cp.3_3                             0x00002f54   Number         4  main.o(.text.WIFI_PORT_Init)
    __NVIC_EnableIRQ                         0x00002f59   Thumb Code    12  system_m2351.o(.text.__NVIC_EnableIRQ)
    [Anonymous Symbol]                       0x00002f58   Section        0  system_m2351.o(.text.__NVIC_EnableIRQ)
    __arm_cp.3_0                             0x00002f60   Number         4  system_m2351.o(.text.__NVIC_EnableIRQ)
    __NVIC_EnableIRQ                         0x00002f65   Thumb Code    12  m2351_crypto.o(.text.__NVIC_EnableIRQ)
    [Anonymous Symbol]                       0x00002f64   Section        0  m2351_crypto.o(.text.__NVIC_EnableIRQ)
    __arm_cp.2_0                             0x00002f6c   Number         4  m2351_crypto.o(.text.__NVIC_EnableIRQ)
    __NVIC_SetPriority                       0x00002f71   Thumb Code    24  main.o(.text.__NVIC_SetPriority)
    [Anonymous Symbol]                       0x00002f70   Section        0  main.o(.text.__NVIC_SetPriority)
    __arm_cp.11_0                            0x00002f84   Number         4  main.o(.text.__NVIC_SetPriority)
    [Anonymous Symbol]                       0x00002f88   Section        0  max30102.o(.text.averageDCEstimator)
    ch2hex                                   0x00002f9b   Thumb Code    32  crypto.o(.text.ch2hex)
    [Anonymous Symbol]                       0x00002f9a   Section        0  crypto.o(.text.ch2hex)
    [Anonymous Symbol]                       0x00002fbc   Section        0  max30102.o(.text.checkForBeat)
    __arm_cp.1_0                             0x00003064   Number         4  max30102.o(.text.checkForBeat)
    __arm_cp.1_1                             0x00003068   Number         4  max30102.o(.text.checkForBeat)
    __arm_cp.1_2                             0x0000306c   Number         4  max30102.o(.text.checkForBeat)
    __arm_cp.1_3                             0x00003070   Number         4  max30102.o(.text.checkForBeat)
    __arm_cp.1_4                             0x00003074   Number         4  max30102.o(.text.checkForBeat)
    __arm_cp.1_5                             0x00003078   Number         4  max30102.o(.text.checkForBeat)
    __arm_cp.1_6                             0x0000307c   Number         4  max30102.o(.text.checkForBeat)
    __arm_cp.1_7                             0x00003080   Number         4  max30102.o(.text.checkForBeat)
    __arm_cp.1_8                             0x00003084   Number         4  max30102.o(.text.checkForBeat)
    __arm_cp.1_9                             0x00003088   Number         4  max30102.o(.text.checkForBeat)
    __arm_cp.1_10                            0x0000308c   Number         4  max30102.o(.text.checkForBeat)
    ecc_init_curve                           0x00003091   Thumb Code   288  crypto.o(.text.ecc_init_curve)
    [Anonymous Symbol]                       0x00003090   Section        0  crypto.o(.text.ecc_init_curve)
    __arm_cp.22_0                            0x000031a0   Number         4  crypto.o(.text.ecc_init_curve)
    __arm_cp.22_1                            0x000031a4   Number         4  crypto.o(.text.ecc_init_curve)
    __arm_cp.22_2                            0x000031a8   Number         4  crypto.o(.text.ecc_init_curve)
    __arm_cp.22_3                            0x000031ac   Number         4  crypto.o(.text.ecc_init_curve)
    [Anonymous Symbol]                       0x000031b0   Section        0  retarget.o(.text.fputc)
    get_Nth_nibble_char                      0x000031bd   Thumb Code    36  crypto.o(.text.get_Nth_nibble_char)
    [Anonymous Symbol]                       0x000031bc   Section        0  crypto.o(.text.get_Nth_nibble_char)
    hex_char_tbl                             0x000031cc   Number         0  crypto.o(.text.get_Nth_nibble_char)
    get_Nth_nibble_char                      0x000031e1   Thumb Code    36  m2351_crypto.o(.text.get_Nth_nibble_char)
    [Anonymous Symbol]                       0x000031e0   Section        0  m2351_crypto.o(.text.get_Nth_nibble_char)
    hex_char_tbl                             0x000031f0   Number         0  m2351_crypto.o(.text.get_Nth_nibble_char)
    get_curve                                0x00003205   Thumb Code    72  crypto.o(.text.get_curve)
    [Anonymous Symbol]                       0x00003204   Section        0  crypto.o(.text.get_curve)
    __arm_cp.19_0                            0x00003244   Number         4  crypto.o(.text.get_curve)
    __arm_cp.19_1                            0x00003248   Number         4  crypto.o(.text.get_curve)
    [Anonymous Symbol]                       0x0000324c   Section        0  max30102.o(.text.lowPassFIRFilter)
    __arm_cp.3_0                             0x000032b0   Number         4  max30102.o(.text.lowPassFIRFilter)
    __arm_cp.3_1                             0x000032b4   Number         4  max30102.o(.text.lowPassFIRFilter)
    __arm_cp.3_2                             0x000032b8   Number         4  max30102.o(.text.lowPassFIRFilter)
    [Anonymous Symbol]                       0x000032bc   Section        0  main.o(.text.main)
    __arm_cp.7_0                             0x00003308   Number         4  main.o(.text.main)
    __arm_cp.7_1                             0x0000330c   Number         4  main.o(.text.main)
    [Anonymous Symbol]                       0x00003370   Section        0  max30102.o(.text.mul16)
    [Anonymous Symbol]                       0x00003374   Section        0  nsc.o(.text.printBlock)
    [Anonymous Symbol]                       0x000033d4   Section        0  nsc.o(.text.printDigitallySignedData)
    __arm_cp.11_1                            0x00003458   Number         4  nsc.o(.text.printDigitallySignedData)
    [Anonymous Symbol]                       0x0000348c   Section        0  nsc.o(.text.printSecure)
    run_ecc_codec                            0x000034cd   Thumb Code   108  crypto.o(.text.run_ecc_codec)
    [Anonymous Symbol]                       0x000034cc   Section        0  crypto.o(.text.run_ecc_codec)
    __arm_cp.28_0                            0x0000352c   Number         4  crypto.o(.text.run_ecc_codec)
    __arm_cp.28_1                            0x00003530   Number         4  crypto.o(.text.run_ecc_codec)
    __arm_cp.28_2                            0x00003534   Number         4  crypto.o(.text.run_ecc_codec)
    i.__0printf                              0x00003538   Section        0  printfa.o(i.__0printf)
    i.__ARM_clz                              0x00003558   Section        0  depilogue.o(i.__ARM_clz)
    i.__scatterload_copy                     0x00003586   Section       14  handlers.o(i.__scatterload_copy)
    i.__scatterload_null                     0x00003594   Section        2  handlers.o(i.__scatterload_null)
    i.__scatterload_zeroinit                 0x00003596   Section       14  handlers.o(i.__scatterload_zeroinit)
    _fp_digits                               0x000035a5   Thumb Code   344  printfa.o(i._fp_digits)
    i._fp_digits                             0x000035a4   Section        0  printfa.o(i._fp_digits)
    _printf_core                             0x00003719   Thumb Code  1754  printfa.o(i._printf_core)
    i._printf_core                           0x00003718   Section        0  printfa.o(i._printf_core)
    _printf_post_padding                     0x00003e05   Thumb Code    32  printfa.o(i._printf_post_padding)
    i._printf_post_padding                   0x00003e04   Section        0  printfa.o(i._printf_post_padding)
    _printf_pre_padding                      0x00003e25   Thumb Code    44  printfa.o(i._printf_pre_padding)
    i._printf_pre_padding                    0x00003e24   Section        0  printfa.o(i._printf_pre_padding)
    i.putchar                                0x00003e50   Section        0  putchar.o(i.putchar)
    i.puts                                   0x00003e60   Section        0  puts.o(i.puts)
    [Anonymous Symbol]                       0x00003e80   Section        0  system_m2351.o(.rodata..L__const.SCU_IRQHandler.ipname)
    FIRCoeffs                                0x00003ecc   Data          24  max30102.o(.rodata.FIRCoeffs)
    [Anonymous Symbol]                       0x00003ecc   Section        0  max30102.o(.rodata.FIRCoeffs)
    .L.str.1                                 0x00007760   Data           6  system_m2351.o(.rodata.str1.1)
    .L.str.20                                0x00007760   Data           6  system_m2351.o(.rodata.str1.1)
    [Anonymous Symbol]                       0x00007760   Section        0  system_m2351.o(.rodata.str1.1)
    .L.str.6                                 0x00007766   Data           5  system_m2351.o(.rodata.str1.1)
    .L.str.2                                 0x0000776b   Data           5  system_m2351.o(.rodata.str1.1)
    .L.str.24                                0x0000776b   Data           5  system_m2351.o(.rodata.str1.1)
    .L.str.11                                0x00007770   Data           6  system_m2351.o(.rodata.str1.1)
    .L.str.21                                0x00007776   Data           6  system_m2351.o(.rodata.str1.1)
    .L.str.5                                 0x00007776   Data           6  system_m2351.o(.rodata.str1.1)
    .L.str.7                                 0x0000777c   Data           5  system_m2351.o(.rodata.str1.1)
    .L.str.12                                0x00007781   Data           6  system_m2351.o(.rodata.str1.1)
    .L.str.13                                0x00007787   Data           4  system_m2351.o(.rodata.str1.1)
    .L.str.23                                0x00007787   Data           4  system_m2351.o(.rodata.str1.1)
    .L.str.10                                0x0000778b   Data           4  system_m2351.o(.rodata.str1.1)
    .L.str.27                                0x0000778b   Data           4  system_m2351.o(.rodata.str1.1)
    .L.str.22                                0x0000778f   Data           5  system_m2351.o(.rodata.str1.1)
    .L.str.4                                 0x0000778f   Data           5  system_m2351.o(.rodata.str1.1)
    .L.str.14                                0x00007794   Data           6  system_m2351.o(.rodata.str1.1)
    .L.str.25                                0x0000779a   Data           4  system_m2351.o(.rodata.str1.1)
    .L.str.9                                 0x0000779a   Data           4  system_m2351.o(.rodata.str1.1)
    .L.str.8                                 0x0000779e   Data           5  system_m2351.o(.rodata.str1.1)
    .L.str                                   0x000077a3   Data           4  system_m2351.o(.rodata.str1.1)
    .L.str.16                                0x000077a3   Data           4  system_m2351.o(.rodata.str1.1)
    .L.str.28                                0x000077a7   Data           5  system_m2351.o(.rodata.str1.1)
    .L.str.3                                 0x000077a7   Data           5  system_m2351.o(.rodata.str1.1)
    .L.str.15                                0x000077ac   Data           4  system_m2351.o(.rodata.str1.1)
    .L.str.26                                0x000077ac   Data           4  system_m2351.o(.rodata.str1.1)
    .L.str                                   0x000077b0   Data           4  system_m2351.o(.rodata.str1.1)
    .L.str.80                                0x000077b4   Data          46  retarget.o(.rodata.str1.1)
    [Anonymous Symbol]                       0x000077b4   Section        0  retarget.o(.rodata.str1.1)
    .L.str.83                                0x000077e2   Data          79  retarget.o(.rodata.str1.1)
    .L.str.75                                0x00007831   Data          33  retarget.o(.rodata.str1.1)
    .L.str.78                                0x00007852   Data          34  retarget.o(.rodata.str1.1)
    .L.str.84                                0x00007874   Data          67  retarget.o(.rodata.str1.1)
    .L.str.72                                0x000078b7   Data          51  retarget.o(.rodata.str1.1)
    .Lstr                                    0x000078ea   Data          68  retarget.o(.rodata.str1.1)
    .Lstr.86                                 0x000078ea   Data          68  retarget.o(.rodata.str1.1)
    .Lstr.88                                 0x0000792e   Data          43  retarget.o(.rodata.str1.1)
    .L.str.55                                0x00007959   Data           5  retarget.o(.rodata.str1.1)
    .L.str.34                                0x0000795e   Data           5  retarget.o(.rodata.str1.1)
    .L.str.58                                0x00007963   Data           4  retarget.o(.rodata.str1.1)
    .L.str.68                                0x00007967   Data           6  retarget.o(.rodata.str1.1)
    .L.str.62                                0x0000796d   Data           5  retarget.o(.rodata.str1.1)
    .L.str.44                                0x00007972   Data           6  retarget.o(.rodata.str1.1)
    .L.str.45                                0x00007973   Data           5  retarget.o(.rodata.str1.1)
    .L.str.42                                0x00007978   Data           6  retarget.o(.rodata.str1.1)
    .L.str.40                                0x0000797e   Data           6  retarget.o(.rodata.str1.1)
    .L.str.61                                0x00007984   Data           5  retarget.o(.rodata.str1.1)
    .L.str.64                                0x00007989   Data           6  retarget.o(.rodata.str1.1)
    .L.str.36                                0x0000798f   Data           5  retarget.o(.rodata.str1.1)
    .L.str.49                                0x00007994   Data           6  retarget.o(.rodata.str1.1)
    .L.str.33                                0x0000799a   Data           7  retarget.o(.rodata.str1.1)
    .L.str.38                                0x000079a1   Data           6  retarget.o(.rodata.str1.1)
    .L.str.56                                0x000079a7   Data           5  retarget.o(.rodata.str1.1)
    .L.str.35                                0x000079ac   Data           5  retarget.o(.rodata.str1.1)
    .L.str.59                                0x000079b1   Data           4  retarget.o(.rodata.str1.1)
    .L.str.69                                0x000079b5   Data           6  retarget.o(.rodata.str1.1)
    .L.str.63                                0x000079bb   Data           5  retarget.o(.rodata.str1.1)
    .L.str.46                                0x000079c0   Data           5  retarget.o(.rodata.str1.1)
    .L.str.43                                0x000079c5   Data           6  retarget.o(.rodata.str1.1)
    .L.str.41                                0x000079cb   Data           6  retarget.o(.rodata.str1.1)
    .L.str.65                                0x000079d1   Data           6  retarget.o(.rodata.str1.1)
    .L.str.50                                0x000079d7   Data           6  retarget.o(.rodata.str1.1)
    .L.str.57                                0x000079dd   Data           5  retarget.o(.rodata.str1.1)
    .L.str.60                                0x000079e2   Data           4  retarget.o(.rodata.str1.1)
    .L.str.47                                0x000079e6   Data           5  retarget.o(.rodata.str1.1)
    .L.str.51                                0x000079eb   Data           6  retarget.o(.rodata.str1.1)
    .L.str.39                                0x000079f1   Data           6  retarget.o(.rodata.str1.1)
    .L.str.48                                0x000079f7   Data           5  retarget.o(.rodata.str1.1)
    .L.str.52                                0x000079fc   Data           6  retarget.o(.rodata.str1.1)
    .L.str.53                                0x00007a02   Data           6  retarget.o(.rodata.str1.1)
    .L.str.54                                0x00007a08   Data           6  retarget.o(.rodata.str1.1)
    .L.str.3                                 0x00007a0e   Data           6  retarget.o(.rodata.str1.1)
    .L.str.12                                0x00007a14   Data           3  retarget.o(.rodata.str1.1)
    .L.str.4                                 0x00007a17   Data           6  retarget.o(.rodata.str1.1)
    .L.str.13                                0x00007a1d   Data           3  retarget.o(.rodata.str1.1)
    .L.str.32                                0x00007a20   Data           5  retarget.o(.rodata.str1.1)
    .L.str.5                                 0x00007a25   Data           6  retarget.o(.rodata.str1.1)
    .L.str.14                                0x00007a2b   Data           3  retarget.o(.rodata.str1.1)
    .L.str.31                                0x00007a2e   Data           4  retarget.o(.rodata.str1.1)
    .L.str.67                                0x00007a32   Data           5  retarget.o(.rodata.str1.1)
    .L.str.6                                 0x00007a37   Data           6  retarget.o(.rodata.str1.1)
    .L.str.15                                0x00007a3d   Data           3  retarget.o(.rodata.str1.1)
    .L.str.7                                 0x00007a40   Data           6  retarget.o(.rodata.str1.1)
    .L.str.16                                0x00007a46   Data           3  retarget.o(.rodata.str1.1)
    .L.str.8                                 0x00007a49   Data           6  retarget.o(.rodata.str1.1)
    .L.str.17                                0x00007a4f   Data           3  retarget.o(.rodata.str1.1)
    .L.str.66                                0x00007a52   Data           5  retarget.o(.rodata.str1.1)
    .L.str.9                                 0x00007a57   Data           6  retarget.o(.rodata.str1.1)
    .L.str.18                                0x00007a5d   Data           3  retarget.o(.rodata.str1.1)
    .L.str.37                                0x00007a60   Data           4  retarget.o(.rodata.str1.1)
    .L.str.10                                0x00007a64   Data           6  retarget.o(.rodata.str1.1)
    .L.str.19                                0x00007a6a   Data           3  retarget.o(.rodata.str1.1)
    .L.str.1                                 0x00007a6d   Data           4  retarget.o(.rodata.str1.1)
    .L.str.11                                0x00007a71   Data          11  retarget.o(.rodata.str1.1)
    .L.str.76                                0x00007a7c   Data           4  retarget.o(.rodata.str1.1)
    .L.str.77                                0x00007a80   Data           4  retarget.o(.rodata.str1.1)
    .L.str.30                                0x00007a84   Data           5  retarget.o(.rodata.str1.1)
    .L.str.29                                0x00007a85   Data           4  retarget.o(.rodata.str1.1)
    .L.str.2                                 0x00007a89   Data           4  retarget.o(.rodata.str1.1)
    .L.str.82                                0x00007a8d   Data           7  retarget.o(.rodata.str1.1)
    .L.str.81                                0x00007a94   Data          10  retarget.o(.rodata.str1.1)
    .Lstr                                    0x00007a9e   Data          48  max30102.o(.rodata.str1.1)
    .Lstr.14                                 0x00007a9e   Data          48  max30102.o(.rodata.str1.1)
    .Lstr.21                                 0x00007a9e   Data          48  max30102.o(.rodata.str1.1)
    .Lstr.22                                 0x00007a9e   Data          48  max30102.o(.rodata.str1.1)
    .Lstr.35                                 0x00007a9e   Data          48  max30102.o(.rodata.str1.1)
    .Lstr.41                                 0x00007a9e   Data          48  max30102.o(.rodata.str1.1)
    .Lstr.46                                 0x00007a9e   Data          48  max30102.o(.rodata.str1.1)
    .Lstr.50                                 0x00007a9e   Data          48  max30102.o(.rodata.str1.1)
    .Lstr.7                                  0x00007a9e   Data          48  max30102.o(.rodata.str1.1)
    [Anonymous Symbol]                       0x00007a9e   Section        0  max30102.o(.rodata.str1.1)
    .Lstr.22                                 0x00007ace   Data          47  max30102.o(.rodata.str1.1)
    .Lstr.18                                 0x00007afd   Data          48  max30102.o(.rodata.str1.1)
    .Lstr.17                                 0x00007b2d   Data          48  max30102.o(.rodata.str1.1)
    .Lstr.16                                 0x00007b5d   Data          48  max30102.o(.rodata.str1.1)
    .Lstr.15                                 0x00007b8d   Data          48  max30102.o(.rodata.str1.1)
    .Lstr.13                                 0x00007bbd   Data          48  max30102.o(.rodata.str1.1)
    .L.str.5                                 0x00007bed   Data          20  m2351_crypto.o(.rodata.str1.1)
    [Anonymous Symbol]                       0x00007bed   Section        0  m2351_crypto.o(.rodata.str1.1)
    .L.str.11                                0x00007c01   Data          37  m2351_crypto.o(.rodata.str1.1)
    .Lstr.54                                 0x00007c01   Data          34  m2351_crypto.o(.rodata.str1.1)
    .Lstr.45                                 0x00007c23   Data          28  m2351_crypto.o(.rodata.str1.1)
    .L.str.12                                0x00007c26   Data          29  m2351_crypto.o(.rodata.str1.1)
    .Lstr.53                                 0x00007c3f   Data          37  m2351_crypto.o(.rodata.str1.1)
    .L.str.13                                0x00007c43   Data          51  m2351_crypto.o(.rodata.str1.1)
    .Lstr.38                                 0x00007c64   Data          20  m2351_crypto.o(.rodata.str1.1)
    .L.str.15                                0x00007c76   Data          23  m2351_crypto.o(.rodata.str1.1)
    .L.str.15                                0x00007c78   Data           5  nsc.o(.rodata.str1.1)
    [Anonymous Symbol]                       0x00007c78   Section        0  nsc.o(.rodata.str1.1)
    .Lstr.23                                 0x00007c7d   Data          48  nsc.o(.rodata.str1.1)
    .L.str.16                                0x00007c8d   Data          37  m2351_crypto.o(.rodata.str1.1)
    .L__const.M2351_ECDSA_GenerateSignature.gK 0x00007cb0   Data          49  m2351_crypto.o(.rodata.str1.4)
    [Anonymous Symbol]                       0x00007cb0   Section        0  m2351_crypto.o(.rodata.str1.4)
    .L.str.17                                0x00007cb2   Data          40  m2351_crypto.o(.rodata.str1.1)
    .Lstr.39                                 0x00007d1e   Data          16  m2351_crypto.o(.rodata.str1.1)
    .Lstr.40                                 0x00007d2e   Data          26  m2351_crypto.o(.rodata.str1.1)
    .Lstr.55                                 0x00007e3b   Data          48  m2351_crypto.o(.rodata.str1.1)
    .Lstr.59                                 0x00007e6b   Data          36  m2351_crypto.o(.rodata.str1.1)
    Curve_Copy                               0x20000398   Data         964  crypto.o(.bss.Curve_Copy)
    [Anonymous Symbol]                       0x20000398   Section        0  crypto.o(.bss.Curve_Copy)
    Get_BPM.ticks                            0x2000075c   Data           4  nsc.o(.bss.Get_BPM.ticks)
    [Anonymous Symbol]                       0x2000075c   Section        0  nsc.o(.bss.Get_BPM.ticks)
    Get_EncryptedDigitallySignedData.ticks   0x20000760   Data           4  nsc.o(.bss.Get_EncryptedDigitallySignedData.ticks)
    [Anonymous Symbol]                       0x20000760   Section        0  nsc.o(.bss.Get_EncryptedDigitallySignedData.ticks)
    M2351_LoadKey.called                     0x20000770   Data           1  nsc.o(.bss.M2351_LoadKey.called)
    [Anonymous Symbol]                       0x20000770   Section        0  nsc.o(.bss.M2351_LoadKey.called)
    SysTick_Handler.u32Ticks                 0x200007dc   Data           4  main.o(.bss.SysTick_Handler.u32Ticks)
    [Anonymous Symbol]                       0x200007dc   Section        0  main.o(.bss.SysTick_Handler.u32Ticks)
    g_AES_CTL                                0x20000888   Data          16  crypto.o(.bss.g_AES_CTL)
    [Anonymous Symbol]                       0x20000888   Section        0  crypto.o(.bss.g_AES_CTL)
    g_AES_done                               0x20000898   Data           4  m2351_crypto.o(.bss.g_AES_done)
    [Anonymous Symbol]                       0x20000898   Section        0  m2351_crypto.o(.bss.g_AES_done)
    pCurve                                   0x200008b8   Data           4  crypto.o(.bss.pCurve)
    [Anonymous Symbol]                       0x200008b8   Section        0  crypto.o(.bss.pCurve)
    STACK                                    0x20000978   Section     2048  startup_m2351.o(STACK)

    Global Symbols

    Symbol Name                              Value     Ov Type        Size  Object(Section)

    BuildAttributes$$THM_ISAv3M$S$8M$PE$A:L22$X:L11$S22$IEEE1$IW$~IW$USESV6$~STKCKD$USESV7$~SHL$OTIME$ROPI$EBA8$MICROLIB$REQ8$PRES8$EABIv2 0x00000000   Number         0  anon$$obj.o ABSOLUTE
    __Vectors                                0x00000000   Data           4  startup_m2351.o(RESET)
    _printf_a                                0x00000000   Number         0  printfstubs.o ABSOLUTE
    _printf_c                                0x00000000   Number         0  printfstubs.o ABSOLUTE
    _printf_charcount                        0x00000000   Number         0  printfstubs.o ABSOLUTE
    _printf_d                                0x00000000   Number         0  printfstubs.o ABSOLUTE
    _printf_e                                0x00000000   Number         0  printfstubs.o ABSOLUTE
    _printf_f                                0x00000000   Number         0  printfstubs.o ABSOLUTE
    _printf_flags                            0x00000000   Number         0  printfstubs.o ABSOLUTE
    _printf_fp_dec                           0x00000000   Number         0  printfstubs.o ABSOLUTE
    _printf_fp_hex                           0x00000000   Number         0  printfstubs.o ABSOLUTE
    _printf_g                                0x00000000   Number         0  printfstubs.o ABSOLUTE
    _printf_i                                0x00000000   Number         0  printfstubs.o ABSOLUTE
    _printf_int_dec                          0x00000000   Number         0  printfstubs.o ABSOLUTE
    _printf_l                                0x00000000   Number         0  printfstubs.o ABSOLUTE
    _printf_lc                               0x00000000   Number         0  printfstubs.o ABSOLUTE
    _printf_ll                               0x00000000   Number         0  printfstubs.o ABSOLUTE
    _printf_lld                              0x00000000   Number         0  printfstubs.o ABSOLUTE
    _printf_lli                              0x00000000   Number         0  printfstubs.o ABSOLUTE
    _printf_llo                              0x00000000   Number         0  printfstubs.o ABSOLUTE
    _printf_llu                              0x00000000   Number         0  printfstubs.o ABSOLUTE
    _printf_llx                              0x00000000   Number         0  printfstubs.o ABSOLUTE
    _printf_longlong_dec                     0x00000000   Number         0  printfstubs.o ABSOLUTE
    _printf_longlong_hex                     0x00000000   Number         0  printfstubs.o ABSOLUTE
    _printf_longlong_oct                     0x00000000   Number         0  printfstubs.o ABSOLUTE
    _printf_ls                               0x00000000   Number         0  printfstubs.o ABSOLUTE
    _printf_mbtowc                           0x00000000   Number         0  printfstubs.o ABSOLUTE
    _printf_n                                0x00000000   Number         0  printfstubs.o ABSOLUTE
    _printf_o                                0x00000000   Number         0  printfstubs.o ABSOLUTE
    _printf_p                                0x00000000   Number         0  printfstubs.o ABSOLUTE
    _printf_percent                          0x00000000   Number         0  printfstubs.o ABSOLUTE
    _printf_pre_padding                      0x00000000   Number         0  printfstubs.o ABSOLUTE
    _printf_return_value                     0x00000000   Number         0  printfstubs.o ABSOLUTE
    _printf_s                                0x00000000   Number         0  printfstubs.o ABSOLUTE
    _printf_sizespec                         0x00000000   Number         0  printfstubs.o ABSOLUTE
    _printf_str                              0x00000000   Number         0  printfstubs.o ABSOLUTE
    _printf_truncate_signed                  0x00000000   Number         0  printfstubs.o ABSOLUTE
    _printf_truncate_unsigned                0x00000000   Number         0  printfstubs.o ABSOLUTE
    _printf_u                                0x00000000   Number         0  printfstubs.o ABSOLUTE
    _printf_wc                               0x00000000   Number         0  printfstubs.o ABSOLUTE
    _printf_wctomb                           0x00000000   Number         0  printfstubs.o ABSOLUTE
    _printf_widthprec                        0x00000000   Number         0  printfstubs.o ABSOLUTE
    _printf_x                                0x00000000   Number         0  printfstubs.o ABSOLUTE
    __cpp_initialize__aeabi_                  - Undefined Weak Reference
    __cxa_finalize                            - Undefined Weak Reference
    _clock_init                               - Undefined Weak Reference
    _microlib_exit                            - Undefined Weak Reference
    __Vectors_End                            0x000001d8   Data           0  startup_m2351.o(RESET)
    __Vectors_Size                           0x000001d8   Number         0  startup_m2351.o ABSOLUTE
    __main                                   0x000001d9   Thumb Code     0  entry.o(.ARM.Collect$$$$00000000)
    _main_stk                                0x000001d9   Thumb Code     0  entry2.o(.ARM.Collect$$$$00000001)
    _main_scatterload                        0x000001dd   Thumb Code     0  entry5.o(.ARM.Collect$$$$00000004)
    __main_after_scatterload                 0x000001e1   Thumb Code     0  entry5.o(.ARM.Collect$$$$00000004)
    _main_clock                              0x000001e1   Thumb Code     0  entry7b.o(.ARM.Collect$$$$00000008)
    _main_cpp_init                           0x000001e1   Thumb Code     0  entry8b.o(.ARM.Collect$$$$0000000A)
    _main_init                               0x000001e1   Thumb Code     0  entry9a.o(.ARM.Collect$$$$0000000B)
    __rt_final_cpp                           0x000001e9   Thumb Code     0  entry10a.o(.ARM.Collect$$$$0000000D)
    __rt_final_exit                          0x000001e9   Thumb Code     0  entry11a.o(.ARM.Collect$$$$0000000F)
    Reset_Handler                            0x000001ed   Thumb Code     8  startup_m2351.o(.text)
    NMI_Handler                              0x000001f5   Thumb Code     2  startup_m2351.o(.text)
    HardFault_Handler                        0x000001f7   Thumb Code    16  startup_m2351.o(.text)
    SVC_Handler                              0x00000207   Thumb Code     2  startup_m2351.o(.text)
    PendSV_Handler                           0x00000209   Thumb Code     2  startup_m2351.o(.text)
    ACMP01_IRQHandler                        0x0000020d   Thumb Code     0  startup_m2351.o(.text)
    BOD_IRQHandler                           0x0000020d   Thumb Code     0  startup_m2351.o(.text)
    BPWM0_IRQHandler                         0x0000020d   Thumb Code     0  startup_m2351.o(.text)
    BPWM1_IRQHandler                         0x0000020d   Thumb Code     0  startup_m2351.o(.text)
    BRAKE0_IRQHandler                        0x0000020d   Thumb Code     0  startup_m2351.o(.text)
    BRAKE1_IRQHandler                        0x0000020d   Thumb Code     0  startup_m2351.o(.text)
    CAN0_IRQHandler                          0x0000020d   Thumb Code     0  startup_m2351.o(.text)
    CAN1_IRQHandler                          0x0000020d   Thumb Code     0  startup_m2351.o(.text)
    CLKFAIL_IRQHandler                       0x0000020d   Thumb Code     0  startup_m2351.o(.text)
    DAC_IRQHandler                           0x0000020d   Thumb Code     0  startup_m2351.o(.text)
    DEFAULT_IRQHandler                       0x0000020d   Thumb Code     0  startup_m2351.o(.text)
    EADC0_IRQHandler                         0x0000020d   Thumb Code     0  startup_m2351.o(.text)
    EADC1_IRQHandler                         0x0000020d   Thumb Code     0  startup_m2351.o(.text)
    EADC2_IRQHandler                         0x0000020d   Thumb Code     0  startup_m2351.o(.text)
    EADC3_IRQHandler                         0x0000020d   Thumb Code     0  startup_m2351.o(.text)
    ECAP0_IRQHandler                         0x0000020d   Thumb Code     0  startup_m2351.o(.text)
    ECAP1_IRQHandler                         0x0000020d   Thumb Code     0  startup_m2351.o(.text)
    EINT0_IRQHandler                         0x0000020d   Thumb Code     0  startup_m2351.o(.text)
    EINT1_IRQHandler                         0x0000020d   Thumb Code     0  startup_m2351.o(.text)
    EINT2_IRQHandler                         0x0000020d   Thumb Code     0  startup_m2351.o(.text)
    EINT3_IRQHandler                         0x0000020d   Thumb Code     0  startup_m2351.o(.text)
    EINT4_IRQHandler                         0x0000020d   Thumb Code     0  startup_m2351.o(.text)
    EINT5_IRQHandler                         0x0000020d   Thumb Code     0  startup_m2351.o(.text)
    EINT6_IRQHandler                         0x0000020d   Thumb Code     0  startup_m2351.o(.text)
    EINT7_IRQHandler                         0x0000020d   Thumb Code     0  startup_m2351.o(.text)
    EPWM0_P0_IRQHandler                      0x0000020d   Thumb Code     0  startup_m2351.o(.text)
    EPWM0_P1_IRQHandler                      0x0000020d   Thumb Code     0  startup_m2351.o(.text)
    EPWM0_P2_IRQHandler                      0x0000020d   Thumb Code     0  startup_m2351.o(.text)
    EPWM1_P0_IRQHandler                      0x0000020d   Thumb Code     0  startup_m2351.o(.text)
    EPWM1_P1_IRQHandler                      0x0000020d   Thumb Code     0  startup_m2351.o(.text)
    EPWM1_P2_IRQHandler                      0x0000020d   Thumb Code     0  startup_m2351.o(.text)
    GPA_IRQHandler                           0x0000020d   Thumb Code     0  startup_m2351.o(.text)
    GPB_IRQHandler                           0x0000020d   Thumb Code     0  startup_m2351.o(.text)
    GPC_IRQHandler                           0x0000020d   Thumb Code     0  startup_m2351.o(.text)
    GPD_IRQHandler                           0x0000020d   Thumb Code     0  startup_m2351.o(.text)
    GPE_IRQHandler                           0x0000020d   Thumb Code     0  startup_m2351.o(.text)
    GPF_IRQHandler                           0x0000020d   Thumb Code     0  startup_m2351.o(.text)
    GPG_IRQHandler                           0x0000020d   Thumb Code     0  startup_m2351.o(.text)
    GPH_IRQHandler                           0x0000020d   Thumb Code     0  startup_m2351.o(.text)
    I2C0_IRQHandler                          0x0000020d   Thumb Code     0  startup_m2351.o(.text)
    I2C1_IRQHandler                          0x0000020d   Thumb Code     0  startup_m2351.o(.text)
    I2C2_IRQHandler                          0x0000020d   Thumb Code     0  startup_m2351.o(.text)
    I2S0_IRQHandler                          0x0000020d   Thumb Code     0  startup_m2351.o(.text)
    IRC_IRQHandler                           0x0000020d   Thumb Code     0  startup_m2351.o(.text)
    OPA0_IRQHandler                          0x0000020d   Thumb Code     0  startup_m2351.o(.text)
    PDMA0_IRQHandler                         0x0000020d   Thumb Code     0  startup_m2351.o(.text)
    PDMA1_IRQHandler                         0x0000020d   Thumb Code     0  startup_m2351.o(.text)
    PWRWU_IRQHandler                         0x0000020d   Thumb Code     0  startup_m2351.o(.text)
    QEI0_IRQHandler                          0x0000020d   Thumb Code     0  startup_m2351.o(.text)
    QEI1_IRQHandler                          0x0000020d   Thumb Code     0  startup_m2351.o(.text)
    QSPI0_IRQHandler                         0x0000020d   Thumb Code     0  startup_m2351.o(.text)
    RTC_IRQHandler                           0x0000020d   Thumb Code     0  startup_m2351.o(.text)
    SC0_IRQHandler                           0x0000020d   Thumb Code     0  startup_m2351.o(.text)
    SC1_IRQHandler                           0x0000020d   Thumb Code     0  startup_m2351.o(.text)
    SC2_IRQHandler                           0x0000020d   Thumb Code     0  startup_m2351.o(.text)
    SC3_IRQHandler                           0x0000020d   Thumb Code     0  startup_m2351.o(.text)
    SDH0_IRQHandler                          0x0000020d   Thumb Code     0  startup_m2351.o(.text)
    SDH1_IRQHandler                          0x0000020d   Thumb Code     0  startup_m2351.o(.text)
    SPI0_IRQHandler                          0x0000020d   Thumb Code     0  startup_m2351.o(.text)
    SPI1_IRQHandler                          0x0000020d   Thumb Code     0  startup_m2351.o(.text)
    SPI2_IRQHandler                          0x0000020d   Thumb Code     0  startup_m2351.o(.text)
    SPI3_IRQHandler                          0x0000020d   Thumb Code     0  startup_m2351.o(.text)
    SRAM_IRQHandler                          0x0000020d   Thumb Code     0  startup_m2351.o(.text)
    TAMPER_IRQHandler                        0x0000020d   Thumb Code     0  startup_m2351.o(.text)
    TMR0_IRQHandler                          0x0000020d   Thumb Code     0  startup_m2351.o(.text)
    TMR1_IRQHandler                          0x0000020d   Thumb Code     0  startup_m2351.o(.text)
    TMR2_IRQHandler                          0x0000020d   Thumb Code     0  startup_m2351.o(.text)
    TMR3_IRQHandler                          0x0000020d   Thumb Code     0  startup_m2351.o(.text)
    TRNG_IRQHandler                          0x0000020d   Thumb Code     0  startup_m2351.o(.text)
    UART0_IRQHandler                         0x0000020d   Thumb Code     0  startup_m2351.o(.text)
    UART1_IRQHandler                         0x0000020d   Thumb Code     0  startup_m2351.o(.text)
    UART2_IRQHandler                         0x0000020d   Thumb Code     0  startup_m2351.o(.text)
    UART3_IRQHandler                         0x0000020d   Thumb Code     0  startup_m2351.o(.text)
    UART4_IRQHandler                         0x0000020d   Thumb Code     0  startup_m2351.o(.text)
    UART5_IRQHandler                         0x0000020d   Thumb Code     0  startup_m2351.o(.text)
    USBD_IRQHandler                          0x0000020d   Thumb Code     0  startup_m2351.o(.text)
    USBH_IRQHandler                          0x0000020d   Thumb Code     0  startup_m2351.o(.text)
    USBOTG_IRQHandler                        0x0000020d   Thumb Code     0  startup_m2351.o(.text)
    USCI0_IRQHandler                         0x0000020d   Thumb Code     0  startup_m2351.o(.text)
    USCI1_IRQHandler                         0x0000020d   Thumb Code     0  startup_m2351.o(.text)
    WDT_IRQHandler                           0x0000020d   Thumb Code     0  startup_m2351.o(.text)
    WWDT_IRQHandler                          0x0000020d   Thumb Code     0  startup_m2351.o(.text)
    SH_DoCommand                             0x00000211   Thumb Code    10  startup_m2351.o(.text)
    __PC                                     0x0000021b   Thumb Code     6  startup_m2351.o(.text)
    __aeabi_memcpy                           0x00000231   Thumb Code    36  memcpya.o(.text)
    __aeabi_memcpy4                          0x00000231   Thumb Code     0  memcpya.o(.text)
    __aeabi_memcpy8                          0x00000231   Thumb Code     0  memcpya.o(.text)
    __aeabi_memset                           0x00000255   Thumb Code    14  memseta.o(.text)
    __aeabi_memset4                          0x00000255   Thumb Code     0  memseta.o(.text)
    __aeabi_memset8                          0x00000255   Thumb Code     0  memseta.o(.text)
    __aeabi_memclr                           0x00000263   Thumb Code     4  memseta.o(.text)
    __aeabi_memclr4                          0x00000263   Thumb Code     0  memseta.o(.text)
    __aeabi_memclr8                          0x00000263   Thumb Code     0  memseta.o(.text)
    _memset$wrapper                          0x00000267   Thumb Code    18  memseta.o(.text)
    strlen                                   0x00000279   Thumb Code    14  strlen.o(.text)
    __aeabi_ddiv                             0x00000289   Thumb Code   234  ddiv.o(.text)
    __aeabi_fcmple                           0x00000379   Thumb Code    28  fcmple.o(.text)
    __aeabi_fcmpge                           0x00000395   Thumb Code    28  fcmpge.o(.text)
    __aeabi_i2d                              0x000003b1   Thumb Code    34  dflti.o(.text)
    __aeabi_f2iz                             0x000003d9   Thumb Code    50  ffixi.o(.text)
    __aeabi_f2d                              0x0000040b   Thumb Code    40  f2d.o(.text)
    __aeabi_d2f                              0x00000433   Thumb Code    56  d2f.o(.text)
    __aeabi_uldivmod                         0x0000046b   Thumb Code    96  uldiv.o(.text)
    __I$use$fp                               0x000004cb   Thumb Code     0  iusefp.o(.text)
    _float_round                             0x000004cb   Thumb Code    16  fepilogue.o(.text)
    _float_epilogue                          0x000004db   Thumb Code   114  fepilogue.o(.text)
    _double_round                            0x0000054d   Thumb Code    26  depilogue.o(.text)
    _double_epilogue                         0x00000567   Thumb Code   164  depilogue.o(.text)
    __aeabi_dadd                             0x0000060d   Thumb Code   328  dadd.o(.text)
    __aeabi_dsub                             0x00000755   Thumb Code    12  dadd.o(.text)
    __aeabi_drsub                            0x00000761   Thumb Code    12  dadd.o(.text)
    __aeabi_dmul                             0x00000771   Thumb Code   202  dmul.o(.text)
    __aeabi_d2ulz                            0x00000841   Thumb Code    54  dfixul.o(.text)
    __aeabi_cdrcmple                         0x00000881   Thumb Code    38  cdrcmple.o(.text)
    __scatterload                            0x000008a9   Thumb Code    28  init.o(.text)
    __scatterload_rt2                        0x000008a9   Thumb Code     0  init.o(.text)
    __aeabi_uidiv$div0                       0x000008cd   Thumb Code     0  uidiv_div0.o(.text)
    __aeabi_uidivmod                         0x000008cd   Thumb Code    62  uidiv_div0.o(.text)
    __aeabi_llsl                             0x0000090b   Thumb Code    32  llshl.o(.text)
    _ll_shift_l                              0x0000090b   Thumb Code     0  llshl.o(.text)
    __aeabi_llsr                             0x0000092b   Thumb Code    34  llushr.o(.text)
    _ll_ushift_r                             0x0000092b   Thumb Code     0  llushr.o(.text)
    __aeabi_lasr                             0x0000094d   Thumb Code    38  llsshr.o(.text)
    _ll_sshift_r                             0x0000094d   Thumb Code     0  llsshr.o(.text)
    __decompress                             0x00000973   Thumb Code     0  __dczerorl2.o(.text)
    __decompress1                            0x00000973   Thumb Code    86  __dczerorl2.o(.text)
    AES_Open                                 0x000009c9   Thumb Code    40  crypto.o(.text.AES_Open)
    AES_SetDMATransfer                       0x000009f1   Thumb Code    30  crypto.o(.text.AES_SetDMATransfer)
    AES_SetInitVect                          0x00000a0f   Thumb Code    26  crypto.o(.text.AES_SetInitVect)
    AES_SetKey                               0x00000a29   Thumb Code    30  crypto.o(.text.AES_SetKey)
    AES_Start                                0x00000a49   Thumb Code    32  crypto.o(.text.AES_Start)
    CLK_EnableModuleClock                    0x00000a69   Thumb Code    28  clk.o(.text.CLK_EnableModuleClock)
    CLK_EnableXtalRC                         0x00000a85   Thumb Code    12  clk.o(.text.CLK_EnableXtalRC)
    __acle_se_CLK_GetCPUFreq                 0x00000a91   Thumb Code     0  clk.o(.text.CLK_GetCPUFreq)
    __acle_se_CLK_GetHCLKFreq                0x00000b85   Thumb Code     0  clk.o(.text.CLK_GetHCLKFreq)
    __acle_se_CLK_GetHXTFreq                 0x00000ba5   Thumb Code     0  clk.o(.text.CLK_GetHXTFreq)
    __acle_se_CLK_GetLXTFreq                 0x00000bc1   Thumb Code     0  clk.o(.text.CLK_GetLXTFreq)
    __acle_se_CLK_GetModuleClockDivider      0x00000bdd   Thumb Code     0  clk.o(.text.CLK_GetModuleClockDivider)
    __acle_se_CLK_GetModuleClockSource       0x00000c2d   Thumb Code     0  clk.o(.text.CLK_GetModuleClockSource)
    __acle_se_CLK_GetPCLK0Freq               0x00000cbd   Thumb Code     0  clk.o(.text.CLK_GetPCLK0Freq)
    __acle_se_CLK_GetPCLK1Freq               0x00000ce5   Thumb Code     0  clk.o(.text.CLK_GetPCLK1Freq)
    __acle_se_CLK_GetPLLClockFreq            0x00000d15   Thumb Code     0  clk.o(.text.CLK_GetPLLClockFreq)
    CLK_SetHCLK                              0x00000d69   Thumb Code   120  clk.o(.text.CLK_SetHCLK)
    CLK_SetModuleClock                       0x00000de1   Thumb Code   104  clk.o(.text.CLK_SetModuleClock)
    CLK_WaitClockReady                       0x00000e49   Thumb Code    36  clk.o(.text.CLK_WaitClockReady)
    CRPT_IRQHandler                          0x00000e6d   Thumb Code    36  m2351_crypto.o(.text.CRPT_IRQHandler)
    DEBUG_PORT_Init                          0x00000e91   Thumb Code    20  main.o(.text.DEBUG_PORT_Init)
    __acle_se_Decrypt_data                   0x00000ea5   Thumb Code     0  nsc.o(.text.Decrypt_data)
    ECC_DriverISR                            0x00000f1d   Thumb Code    32  crypto.o(.text.ECC_DriverISR)
    ECC_GeneratePublicKey                    0x00000f3d   Thumb Code   164  crypto.o(.text.ECC_GeneratePublicKey)
    ECC_GenerateSignature                    0x00000fe1   Thumb Code   536  crypto.o(.text.ECC_GenerateSignature)
    __acle_se_Encrypt_data                   0x000011f9   Thumb Code     0  nsc.o(.text.Encrypt_data)
    FMC_Close                                0x00001271   Thumb Code    12  fmc.o(.text.FMC_Close)
    FMC_NSBA_Setup                           0x0000127d   Thumb Code   108  system_m2351.o(.text.FMC_NSBA_Setup)
    FMC_Open                                 0x000012e9   Thumb Code    16  fmc.o(.text.FMC_Open)
    FMC_Read_OTP                             0x000012f9   Thumb Code   100  fmc.o(.text.FMC_Read_OTP)
    __acle_se_GetSystemCoreClock             0x0000135d   Thumb Code     0  nsc.o(.text.GetSystemCoreClock)
    __acle_se_Get_BPM                        0x00001375   Thumb Code     0  nsc.o(.text.Get_BPM)
    __acle_se_Get_EncryptedDigitallySignedData 0x00001449   Thumb Code     0  nsc.o(.text.Get_EncryptedDigitallySignedData)
    I2C0_Init                                0x00001645   Thumb Code    36  main.o(.text.I2C0_Init)
    I2C_Open                                 0x00001669   Thumb Code    72  i2c.o(.text.I2C_Open)
    I2C_ReadMultiBytesOneReg                 0x000016b1   Thumb Code   224  i2c.o(.text.I2C_ReadMultiBytesOneReg)
    I2C_SetSlaveAddr                         0x00001791   Thumb Code    44  i2c.o(.text.I2C_SetSlaveAddr)
    I2C_WriteByteOneReg                      0x000017bd   Thumb Code   114  i2c.o(.text.I2C_WriteByteOneReg)
    M2351_Crypto_Init                        0x00001831   Thumb Code   104  m2351_crypto.o(.text.M2351_Crypto_Init)
    M2351_Crypto_UseSessionKey               0x00001899   Thumb Code   120  m2351_crypto.o(.text.M2351_Crypto_UseSessionKey)
    M2351_Decrypt_Data                       0x00001911   Thumb Code    52  m2351_crypto.o(.text.M2351_Decrypt_Data)
    __acle_se_M2351_DeleteKey                0x00001945   Thumb Code     0  nsc.o(.text.M2351_DeleteKey)
    M2351_ECC_GenerateKey                    0x000019bd   Thumb Code   212  m2351_crypto.o(.text.M2351_ECC_GenerateKey)
    M2351_ECDSA_GenerateSignature            0x00001a91   Thumb Code   300  m2351_crypto.o(.text.M2351_ECDSA_GenerateSignature)
    M2351_Encrypt_Data                       0x00001bbd   Thumb Code    60  m2351_crypto.o(.text.M2351_Encrypt_Data)
    M2351_FMC_Read_Key                       0x00001bf9   Thumb Code   296  m2351_crypto.o(.text.M2351_FMC_Read_Key)
    __acle_se_M2351_LoadKey                  0x00001d21   Thumb Code     0  nsc.o(.text.M2351_LoadKey)
    M2351_SHA_Hash                           0x00001e31   Thumb Code   236  m2351_crypto.o(.text.M2351_SHA_Hash)
    MAX30102_ComputeBPM                      0x00001f1d   Thumb Code   320  max30102.o(.text.MAX30102_ComputeBPM)
    MAX30102_Config                          0x0000205d   Thumb Code   288  max30102.o(.text.MAX30102_Config)
    MAX30102_GetFIFO                         0x0000217d   Thumb Code    80  max30102.o(.text.MAX30102_GetFIFO)
    NSC_Init                                 0x000021cd   Thumb Code    40  system_m2351.o(.text.NSC_Init)
    Nonsecure_Init                           0x000021f5   Thumb Code   308  main.o(.text.Nonsecure_Init)
    ProcessHardFault                         0x00002329   Thumb Code   648  retarget.o(.text.ProcessHardFault)
    SCU_IRQHandler                           0x00002669   Thumb Code   200  system_m2351.o(.text.SCU_IRQHandler)
    SCU_Setup                                0x00002731   Thumb Code   160  system_m2351.o(.text.SCU_Setup)
    SH_Return                                0x00002829   Thumb Code     4  retarget.o(.text.SH_Return)
    SPI_EnableAutoSS                         0x0000282d   Thumb Code    18  spi.o(.text.SPI_EnableAutoSS)
    SPI_Init                                 0x00002841   Thumb Code    60  main.o(.text.SPI_Init)
    SPI_Open                                 0x0000287d   Thumb Code   852  spi.o(.text.SPI_Open)
    SYS_Init                                 0x00002bd1   Thumb Code   284  main.o(.text.SYS_Init)
    __acle_se_Secure_OLED_Off_callback       0x00002d49   Thumb Code     0  nsc.o(.text.Secure_OLED_Off_callback)
    __acle_se_Secure_OLED_On_callback        0x00002d65   Thumb Code     0  nsc.o(.text.Secure_OLED_On_callback)
    SendChar                                 0x00002d81   Thumb Code     8  retarget.o(.text.SendChar)
    SendChar_ToUART                          0x00002d89   Thumb Code    36  retarget.o(.text.SendChar_ToUART)
    SysTick_Handler                          0x00002dcd   Thumb Code   104  main.o(.text.SysTick_Handler)
    SystemCoreClockUpdate                    0x00002e35   Thumb Code    56  system_m2351.o(.text.SystemCoreClockUpdate)
    SystemInit                               0x00002e6d   Thumb Code    32  system_m2351.o(.text.SystemInit)
    TZ_SAU_Setup                             0x00002e8d   Thumb Code   140  system_m2351.o(.text.TZ_SAU_Setup)
    WIFI_PORT_Init                           0x00002f19   Thumb Code    64  main.o(.text.WIFI_PORT_Init)
    averageDCEstimator                       0x00002f89   Thumb Code    18  max30102.o(.text.averageDCEstimator)
    checkForBeat                             0x00002fbd   Thumb Code   212  max30102.o(.text.checkForBeat)
    fputc                                    0x000031b1   Thumb Code    12  retarget.o(.text.fputc)
    lowPassFIRFilter                         0x0000324d   Thumb Code   112  max30102.o(.text.lowPassFIRFilter)
    main                                     0x000032bd   Thumb Code   180  main.o(.text.main)
    mul16                                    0x00003371   Thumb Code     4  max30102.o(.text.mul16)
    __acle_se_printBlock                     0x00003375   Thumb Code     0  nsc.o(.text.printBlock)
    __acle_se_printDigitallySignedData       0x000033d5   Thumb Code     0  nsc.o(.text.printDigitallySignedData)
    __acle_se_printSecure                    0x0000348d   Thumb Code     0  nsc.o(.text.printSecure)
    __0printf                                0x00003539   Thumb Code    24  printfa.o(i.__0printf)
    __1printf                                0x00003539   Thumb Code     0  printfa.o(i.__0printf)
    __2printf                                0x00003539   Thumb Code     0  printfa.o(i.__0printf)
    __c89printf                              0x00003539   Thumb Code     0  printfa.o(i.__0printf)
    printf                                   0x00003539   Thumb Code     0  printfa.o(i.__0printf)
    __ARM_clz                                0x00003559   Thumb Code    46  depilogue.o(i.__ARM_clz)
    __scatterload_copy                       0x00003587   Thumb Code    14  handlers.o(i.__scatterload_copy)
    __scatterload_null                       0x00003595   Thumb Code     2  handlers.o(i.__scatterload_null)
    __scatterload_zeroinit                   0x00003597   Thumb Code    14  handlers.o(i.__scatterload_zeroinit)
    putchar                                  0x00003e51   Thumb Code    10  putchar.o(i.putchar)
    puts                                     0x00003e61   Thumb Code    28  puts.o(i.puts)
    _Curve                                   0x00003ee4   Data       14460  crypto.o(.rodata._Curve)
    Region$$Table$$Base                      0x00007ce4   Number         0  anon$$obj.o(Region$$Table)
    Region$$Table$$Limit                     0x00007d04   Number         0  anon$$obj.o(Region$$Table)
    CLK_GetCPUFreq                           0x00007d21   Thumb Code     8  anon$$obj.o(Veneer$$CMSE)
    Image$$NSC_ROM$$XO$$Base                 0x00007d20   Number         0  anon$$obj.o ABSOLUTE
    CLK_GetHCLKFreq                          0x00007d29   Thumb Code     8  anon$$obj.o(Veneer$$CMSE)
    CLK_GetHXTFreq                           0x00007d31   Thumb Code     8  anon$$obj.o(Veneer$$CMSE)
    CLK_GetLXTFreq                           0x00007d39   Thumb Code     8  anon$$obj.o(Veneer$$CMSE)
    CLK_GetModuleClockDivider                0x00007d41   Thumb Code     8  anon$$obj.o(Veneer$$CMSE)
    CLK_GetModuleClockSource                 0x00007d49   Thumb Code     8  anon$$obj.o(Veneer$$CMSE)
    CLK_GetPCLK0Freq                         0x00007d51   Thumb Code     8  anon$$obj.o(Veneer$$CMSE)
    CLK_GetPCLK1Freq                         0x00007d59   Thumb Code     8  anon$$obj.o(Veneer$$CMSE)
    CLK_GetPLLClockFreq                      0x00007d61   Thumb Code     8  anon$$obj.o(Veneer$$CMSE)
    Decrypt_data                             0x00007d69   Thumb Code     8  anon$$obj.o(Veneer$$CMSE)
    Encrypt_data                             0x00007d71   Thumb Code     8  anon$$obj.o(Veneer$$CMSE)
    GetSystemCoreClock                       0x00007d79   Thumb Code     8  anon$$obj.o(Veneer$$CMSE)
    Get_BPM                                  0x00007d81   Thumb Code     8  anon$$obj.o(Veneer$$CMSE)
    Get_EncryptedDigitallySignedData         0x00007d89   Thumb Code     8  anon$$obj.o(Veneer$$CMSE)
    M2351_DeleteKey                          0x00007d91   Thumb Code     8  anon$$obj.o(Veneer$$CMSE)
    M2351_LoadKey                            0x00007d99   Thumb Code     8  anon$$obj.o(Veneer$$CMSE)
    Secure_OLED_Off_callback                 0x00007da1   Thumb Code     8  anon$$obj.o(Veneer$$CMSE)
    Secure_OLED_On_callback                  0x00007da9   Thumb Code     8  anon$$obj.o(Veneer$$CMSE)
    printBlock                               0x00007db1   Thumb Code     8  anon$$obj.o(Veneer$$CMSE)
    printDigitallySignedData                 0x00007db9   Thumb Code     8  anon$$obj.o(Veneer$$CMSE)
    printSecure                              0x00007dc1   Thumb Code     8  anon$$obj.o(Veneer$$CMSE)
    Image$$NSC_ROM$$XO$$Limit                0x00007de0   Number         0  anon$$obj.o ABSOLUTE
    CyclesPerUs                              0x20000000   Data           4  system_m2351.o(.data.CyclesPerUs)
    IR_AC_Max                                0x20000004   Data           2  max30102.o(.data.IR_AC_Max)
    IR_AC_Min                                0x20000006   Data           2  max30102.o(.data.IR_AC_Min)
    PllClock                                 0x20000008   Data           4  system_m2351.o(.data.PllClock)
    SystemCoreClock                          0x2000000c   Data           4  system_m2351.o(.data.SystemCoreClock)
    ip_tbl                                   0x20000010   Data         852  retarget.o(.data.ip_tbl)
    sessionIV                                0x20000364   Data          16  m2351_crypto.o(.data.sessionIV)
    sessionKey                               0x20000374   Data          32  m2351_crypto.o(.data.sessionKey)
    IR_AC_Signal_Current                     0x20000764   Data           2  max30102.o(.bss.IR_AC_Signal_Current)
    IR_AC_Signal_Previous                    0x20000766   Data           2  max30102.o(.bss.IR_AC_Signal_Previous)
    IR_AC_Signal_max                         0x20000768   Data           2  max30102.o(.bss.IR_AC_Signal_max)
    IR_AC_Signal_min                         0x2000076a   Data           2  max30102.o(.bss.IR_AC_Signal_min)
    IR_Average_Estimated                     0x2000076c   Data           2  max30102.o(.bss.IR_Average_Estimated)
    OLED_printTime                           0x20000774   Data           4  nsc.o(.bss.OLED_printTime)
    R                                        0x20000778   Data          49  m2351_crypto.o(.bss.R)
    S                                        0x200007a9   Data          49  m2351_crypto.o(.bss.S)
    __stdout                                 0x200007e0   Data          84  retarget.o(.bss.__stdout)
    au8RDataBuf                              0x20000834   Data           6  max30102.o(.bss.au8RDataBuf)
    beatAvg                                  0x2000083c   Data           4  max30102.o(.bss.beatAvg)
    beatsPerMinute                           0x20000840   Data           4  max30102.o(.bss.beatsPerMinute)
    cbuf                                     0x20000844   Data          64  max30102.o(.bss.cbuf)
    endTime                                  0x20000884   Data           4  nsc.o(.bss.endTime)
    g_ECCERR_done                            0x2000089c   Data           4  crypto.o(.bss.g_ECCERR_done)
    g_ECC_done                               0x200008a0   Data           4  crypto.o(.bss.g_ECC_done)
    hr_val                                   0x200008a4   Data           4  max30102.o(.bss.hr_val)
    ir_avg_reg                               0x200008a8   Data           4  max30102.o(.bss.ir_avg_reg)
    lastBeat                                 0x200008ac   Data           4  max30102.o(.bss.lastBeat)
    millis_counter                           0x200008b0   Data           4  main.o(.bss.millis_counter)
    negativeEdge                             0x200008b4   Data           2  max30102.o(.bss.negativeEdge)
    offset                                   0x200008b6   Data           1  max30102.o(.bss.offset)
    pfNonSecure_OLED_Off                     0x200008bc   Data           4  nsc.o(.bss.pfNonSecure_OLED_Off)
    pfNonSecure_OLED_On                      0x200008c0   Data           4  nsc.o(.bss.pfNonSecure_OLED_On)
    positiveEdge                             0x200008c4   Data           2  max30102.o(.bss.positiveEdge)
    priKey                                   0x200008c6   Data          49  m2351_crypto.o(.bss.priKey)
    pubKey1                                  0x200008f7   Data          49  m2351_crypto.o(.bss.pubKey1)
    pubKey2                                  0x20000928   Data          49  m2351_crypto.o(.bss.pubKey2)
    rateSpot                                 0x2000095c   Data           4  max30102.o(.bss.rateSpot)
    rates                                    0x20000960   Data          16  max30102.o(.bss.rates)
    spo2_val                                 0x20000970   Data           4  max30102.o(.bss.spo2_val)
    startTime                                0x20000974   Data           4  nsc.o(.bss.startTime)
    __initial_sp                             0x20001178   Data           0  startup_m2351.o(STACK)



==============================================================================

Memory Map of the image

  Image Entry point : 0x000001d9

  Load Region LR_ROM (Base: 0x00000000, Size: 0x00008178, Max: 0x00040000, ABSOLUTE, COMPRESSED[0x00007fe8])

    Execution Region EXE_ROM (Exec base: 0x00000000, Load base: 0x00000000, Size: 0x00007d04, Max: 0xffffffff, ABSOLUTE)

    Exec Addr    Load Addr    Size         Type   Attr      Idx    E Section Name        Object

    0x00000000   0x00000000   0x000001d8   Data   RO           35    RESET               startup_m2351.o
    0x000001d8   0x000001d8   0x00000000   Code   RO          696  * .ARM.Collect$$$$00000000  mc_p.l(entry.o)
    0x000001d8   0x000001d8   0x00000004   Code   RO          990    .ARM.Collect$$$$00000001  mc_p.l(entry2.o)
    0x000001dc   0x000001dc   0x00000004   Code   RO          993    .ARM.Collect$$$$00000004  mc_p.l(entry5.o)
    0x000001e0   0x000001e0   0x00000000   Code   RO          995    .ARM.Collect$$$$00000008  mc_p.l(entry7b.o)
    0x000001e0   0x000001e0   0x00000000   Code   RO          997    .ARM.Collect$$$$0000000A  mc_p.l(entry8b.o)
    0x000001e0   0x000001e0   0x00000008   Code   RO          998    .ARM.Collect$$$$0000000B  mc_p.l(entry9a.o)
    0x000001e8   0x000001e8   0x00000000   Code   RO         1000    .ARM.Collect$$$$0000000D  mc_p.l(entry10a.o)
    0x000001e8   0x000001e8   0x00000000   Code   RO         1002    .ARM.Collect$$$$0000000F  mc_p.l(entry11a.o)
    0x000001e8   0x000001e8   0x00000004   Code   RO          991    .ARM.Collect$$$$00002712  mc_p.l(entry2.o)
    0x000001ec   0x000001ec   0x00000044   Code   RO           36    .text               startup_m2351.o
    0x00000230   0x00000230   0x00000024   Code   RO          705    .text               mc_p.l(memcpya.o)
    0x00000254   0x00000254   0x00000024   Code   RO          707    .text               mc_p.l(memseta.o)
    0x00000278   0x00000278   0x0000000e   Code   RO          709    .text               mc_p.l(strlen.o)
    0x00000286   0x00000286   0x00000002   PAD
    0x00000288   0x00000288   0x000000f0   Code   RO          976    .text               mf_p.l(ddiv.o)
    0x00000378   0x00000378   0x0000001c   Code   RO          978    .text               mf_p.l(fcmple.o)
    0x00000394   0x00000394   0x0000001c   Code   RO          980    .text               mf_p.l(fcmpge.o)
    0x000003b0   0x000003b0   0x00000028   Code   RO          982    .text               mf_p.l(dflti.o)
    0x000003d8   0x000003d8   0x00000032   Code   RO          984    .text               mf_p.l(ffixi.o)
    0x0000040a   0x0000040a   0x00000028   Code   RO          986    .text               mf_p.l(f2d.o)
    0x00000432   0x00000432   0x00000038   Code   RO          988    .text               mf_p.l(d2f.o)
    0x0000046a   0x0000046a   0x00000060   Code   RO         1010    .text               mc_p.l(uldiv.o)
    0x000004ca   0x000004ca   0x00000000   Code   RO         1014    .text               mc_p.l(iusefp.o)
    0x000004ca   0x000004ca   0x00000082   Code   RO         1015    .text               mf_p.l(fepilogue.o)
    0x0000054c   0x0000054c   0x000000be   Code   RO         1017    .text               mf_p.l(depilogue.o)
    0x0000060a   0x0000060a   0x00000002   PAD
    0x0000060c   0x0000060c   0x00000164   Code   RO         1021    .text               mf_p.l(dadd.o)
    0x00000770   0x00000770   0x000000d0   Code   RO         1023    .text               mf_p.l(dmul.o)
    0x00000840   0x00000840   0x00000040   Code   RO         1025    .text               mf_p.l(dfixul.o)
    0x00000880   0x00000880   0x00000028   Code   RO         1027    .text               mf_p.l(cdrcmple.o)
    0x000008a8   0x000008a8   0x00000024   Code   RO         1029    .text               mc_p.l(init.o)
    0x000008cc   0x000008cc   0x0000003e   Code   RO         1035    .text               mc_p.l(uidiv_div0.o)
    0x0000090a   0x0000090a   0x00000020   Code   RO         1041    .text               mc_p.l(llshl.o)
    0x0000092a   0x0000092a   0x00000022   Code   RO         1043    .text               mc_p.l(llushr.o)
    0x0000094c   0x0000094c   0x00000026   Code   RO         1045    .text               mc_p.l(llsshr.o)
    0x00000972   0x00000972   0x00000056   Code   RO         1056    .text               mc_p.l(__dczerorl2.o)
    0x000009c8   0x000009c8   0x00000028   Code   RO          117    .text.AES_Open      crypto.o
    0x000009f0   0x000009f0   0x0000001e   Code   RO          125    .text.AES_SetDMATransfer  crypto.o
    0x00000a0e   0x00000a0e   0x0000001a   Code   RO          123    .text.AES_SetInitVect  crypto.o
    0x00000a28   0x00000a28   0x0000001e   Code   RO          121    .text.AES_SetKey    crypto.o
    0x00000a46   0x00000a46   0x00000002   PAD
    0x00000a48   0x00000a48   0x00000020   Code   RO          119    .text.AES_Start     crypto.o
    0x00000a68   0x00000a68   0x0000001c   Code   RO           79    .text.CLK_EnableModuleClock  clk.o
    0x00000a84   0x00000a84   0x0000000c   Code   RO           75    .text.CLK_EnableXtalRC  clk.o
    0x00000a90   0x00000a90   0x000000f4   Code   RO           61    .text.CLK_GetCPUFreq  clk.o
    0x00000b84   0x00000b84   0x00000020   Code   RO           55    .text.CLK_GetHCLKFreq  clk.o
    0x00000ba4   0x00000ba4   0x0000001c   Code   RO           51    .text.CLK_GetHXTFreq  clk.o
    0x00000bc0   0x00000bc0   0x0000001c   Code   RO           53    .text.CLK_GetLXTFreq  clk.o
    0x00000bdc   0x00000bdc   0x00000050   Code   RO          101    .text.CLK_GetModuleClockDivider  clk.o
    0x00000c2c   0x00000c2c   0x00000090   Code   RO           99    .text.CLK_GetModuleClockSource  clk.o
    0x00000cbc   0x00000cbc   0x00000028   Code   RO           57    .text.CLK_GetPCLK0Freq  clk.o
    0x00000ce4   0x00000ce4   0x00000030   Code   RO           59    .text.CLK_GetPCLK1Freq  clk.o
    0x00000d14   0x00000d14   0x00000054   Code   RO           97    .text.CLK_GetPLLClockFreq  clk.o
    0x00000d68   0x00000d68   0x00000078   Code   RO           69    .text.CLK_SetHCLK   clk.o
    0x00000de0   0x00000de0   0x00000068   Code   RO           71    .text.CLK_SetModuleClock  clk.o
    0x00000e48   0x00000e48   0x00000024   Code   RO           65    .text.CLK_WaitClockReady  clk.o
    0x00000e6c   0x00000e6c   0x00000024   Code   RO          563    .text.CRPT_IRQHandler  m2351_crypto.o
    0x00000e90   0x00000e90   0x00000014   Code   RO          665    .text.DEBUG_PORT_Init  main.o
    0x00000ea4   0x00000ea4   0x00000078   Code   RO          633    .text.Decrypt_data  nsc.o
    0x00000f1c   0x00000f1c   0x00000020   Code   RO          145    .text.ECC_DriverISR  crypto.o
    0x00000f3c   0x00000f3c   0x000000a4   Code   RO          153    .text.ECC_GeneratePublicKey  crypto.o
    0x00000fe0   0x00000fe0   0x00000218   Code   RO          165    .text.ECC_GenerateSignature  crypto.o
    0x000011f8   0x000011f8   0x00000078   Code   RO          629    .text.Encrypt_data  nsc.o
    0x00001270   0x00001270   0x0000000c   Code   RO          193    .text.FMC_Close     fmc.o
    0x0000127c   0x0000127c   0x0000006c   Code   RO            2    .text.FMC_NSBA_Setup  system_m2351.o
    0x000012e8   0x000012e8   0x00000010   Code   RO          215    .text.FMC_Open      fmc.o
    0x000012f8   0x000012f8   0x00000064   Code   RO          221    .text.FMC_Read_OTP  fmc.o
    0x0000135c   0x0000135c   0x00000018   Code   RO          623    .text.GetSystemCoreClock  nsc.o
    0x00001374   0x00001374   0x000000d4   Code   RO          625    .text.Get_BPM       nsc.o
    0x00001448   0x00001448   0x0000019c   Code   RO          627    .text.Get_EncryptedDigitallySignedData  nsc.o
    0x000015e4   0x000015e4   0x00000060   Code   RO          157    .text.Hex2Reg       crypto.o
    0x00001644   0x00001644   0x00000024   Code   RO          669    .text.I2C0_Init     main.o
    0x00001668   0x00001668   0x00000048   Code   RO          267    .text.I2C_Open      i2c.o
    0x000016b0   0x000016b0   0x000000e0   Code   RO          341    .text.I2C_ReadMultiBytesOneReg  i2c.o
    0x00001790   0x00001790   0x0000002c   Code   RO          291    .text.I2C_SetSlaveAddr  i2c.o
    0x000017bc   0x000017bc   0x00000072   Code   RO          327    .text.I2C_WriteByteOneReg  i2c.o
    0x0000182e   0x0000182e   0x00000002   PAD
    0x00001830   0x00001830   0x00000068   Code   RO          565    .text.M2351_Crypto_Init  m2351_crypto.o
    0x00001898   0x00001898   0x00000078   Code   RO          573    .text.M2351_Crypto_UseSessionKey  m2351_crypto.o
    0x00001910   0x00001910   0x00000034   Code   RO          577    .text.M2351_Decrypt_Data  m2351_crypto.o
    0x00001944   0x00001944   0x00000078   Code   RO          637    .text.M2351_DeleteKey  nsc.o
    0x000019bc   0x000019bc   0x000000d4   Code   RO          589    .text.M2351_ECC_GenerateKey  m2351_crypto.o
    0x00001a90   0x00001a90   0x0000012c   Code   RO          595    .text.M2351_ECDSA_GenerateSignature  m2351_crypto.o
    0x00001bbc   0x00001bbc   0x0000003c   Code   RO          575    .text.M2351_Encrypt_Data  m2351_crypto.o
    0x00001bf8   0x00001bf8   0x00000128   Code   RO          579    .text.M2351_FMC_Read_Key  m2351_crypto.o
    0x00001d20   0x00001d20   0x00000110   Code   RO          635    .text.M2351_LoadKey  nsc.o
    0x00001e30   0x00001e30   0x000000ec   Code   RO          591    .text.M2351_SHA_Hash  m2351_crypto.o
    0x00001f1c   0x00001f1c   0x00000140   Code   RO          530    .text.MAX30102_ComputeBPM  max30102.o
    0x0000205c   0x0000205c   0x00000120   Code   RO          518    .text.MAX30102_Config  max30102.o
    0x0000217c   0x0000217c   0x00000050   Code   RO          528    .text.MAX30102_GetFIFO  max30102.o
    0x000021cc   0x000021cc   0x00000028   Code   RO           12    .text.NSC_Init      system_m2351.o
    0x000021f4   0x000021f4   0x00000134   Code   RO          673    .text.Nonsecure_Init  main.o
    0x00002328   0x00002328   0x00000288   Code   RO          355    .text.ProcessHardFault  retarget.o
    0x000025b0   0x000025b0   0x0000005c   Code   RO          159    .text.Reg2Hex       crypto.o
    0x0000260c   0x0000260c   0x0000005c   Code   RO          583    .text.Reg2Hex       m2351_crypto.o
    0x00002668   0x00002668   0x000000c8   Code   RO           10    .text.SCU_IRQHandler  system_m2351.o
    0x00002730   0x00002730   0x000000a0   Code   RO            6    .text.SCU_Setup     system_m2351.o
    0x000027d0   0x000027d0   0x00000058   Code   RO          593    .text.SHAHash       m2351_crypto.o
    0x00002828   0x00002828   0x00000004   Code   RO          357    .text.SH_Return     retarget.o
    0x0000282c   0x0000282c   0x00000012   Code   RO          399    .text.SPI_EnableAutoSS  spi.o
    0x0000283e   0x0000283e   0x00000002   PAD
    0x00002840   0x00002840   0x0000003c   Code   RO          671    .text.SPI_Init      main.o
    0x0000287c   0x0000287c   0x00000354   Code   RO          389    .text.SPI_Open      spi.o
    0x00002bd0   0x00002bd0   0x0000011c   Code   RO          663    .text.SYS_Init      main.o
    0x00002cec   0x00002cec   0x00000008   Code   RO          585    .text.SYS_LockReg   m2351_crypto.o
    0x00002cf4   0x00002cf4   0x00000008   Code   RO          679    .text.SYS_LockReg   main.o
    0x00002cfc   0x00002cfc   0x00000018   Code   RO            4    .text.SYS_UnlockReg  system_m2351.o
    0x00002d14   0x00002d14   0x00000018   Code   RO          581    .text.SYS_UnlockReg  m2351_crypto.o
    0x00002d2c   0x00002d2c   0x0000001c   Code   RO          677    .text.SYS_UnlockReg  main.o
    0x00002d48   0x00002d48   0x0000001c   Code   RO          621    .text.Secure_OLED_Off_callback  nsc.o
    0x00002d64   0x00002d64   0x0000001c   Code   RO          619    .text.Secure_OLED_On_callback  nsc.o
    0x00002d80   0x00002d80   0x00000008   Code   RO          361    .text.SendChar      retarget.o
    0x00002d88   0x00002d88   0x00000024   Code   RO          359    .text.SendChar_ToUART  retarget.o
    0x00002dac   0x00002dac   0x00000020   Code   RO          681    .text.SysTick_Config  main.o
    0x00002dcc   0x00002dcc   0x00000068   Code   RO          661    .text.SysTick_Handler  main.o
    0x00002e34   0x00002e34   0x00000038   Code   RO           16    .text.SystemCoreClockUpdate  system_m2351.o
    0x00002e6c   0x00002e6c   0x00000020   Code   RO           18    .text.SystemInit    system_m2351.o
    0x00002e8c   0x00002e8c   0x0000008c   Code   RO           14    .text.TZ_SAU_Setup  system_m2351.o
    0x00002f18   0x00002f18   0x00000040   Code   RO          667    .text.WIFI_PORT_Init  main.o
    0x00002f58   0x00002f58   0x0000000c   Code   RO            8    .text.__NVIC_EnableIRQ  system_m2351.o
    0x00002f64   0x00002f64   0x0000000c   Code   RO          567    .text.__NVIC_EnableIRQ  m2351_crypto.o
    0x00002f70   0x00002f70   0x00000018   Code   RO          683    .text.__NVIC_SetPriority  main.o
    0x00002f88   0x00002f88   0x00000012   Code   RO          522    .text.averageDCEstimator  max30102.o
    0x00002f9a   0x00002f9a   0x00000020   Code   RO          171    .text.ch2hex        crypto.o
    0x00002fba   0x00002fba   0x00000002   PAD
    0x00002fbc   0x00002fbc   0x000000d4   Code   RO          520    .text.checkForBeat  max30102.o
    0x00003090   0x00003090   0x00000120   Code   RO          155    .text.ecc_init_curve  crypto.o
    0x000031b0   0x000031b0   0x0000000c   Code   RO          371    .text.fputc         retarget.o
    0x000031bc   0x000031bc   0x00000024   Code   RO          173    .text.get_Nth_nibble_char  crypto.o
    0x000031e0   0x000031e0   0x00000024   Code   RO          599    .text.get_Nth_nibble_char  m2351_crypto.o
    0x00003204   0x00003204   0x00000048   Code   RO          149    .text.get_curve     crypto.o
    0x0000324c   0x0000324c   0x00000070   Code   RO          524    .text.lowPassFIRFilter  max30102.o
    0x000032bc   0x000032bc   0x000000b4   Code   RO          675    .text.main          main.o
    0x00003370   0x00003370   0x00000004   Code   RO          526    .text.mul16         max30102.o
    0x00003374   0x00003374   0x00000060   Code   RO          631    .text.printBlock    nsc.o
    0x000033d4   0x000033d4   0x000000b8   Code   RO          641    .text.printDigitallySignedData  nsc.o
    0x0000348c   0x0000348c   0x00000040   Code   RO          639    .text.printSecure   nsc.o
    0x000034cc   0x000034cc   0x0000006c   Code   RO          167    .text.run_ecc_codec  crypto.o
    0x00003538   0x00003538   0x00000020   Code   RO          948    i.__0printf         mc_p.l(printfa.o)
    0x00003558   0x00003558   0x0000002e   Code   RO         1019    i.__ARM_clz         mf_p.l(depilogue.o)
    0x00003586   0x00003586   0x0000000e   Code   RO         1050    i.__scatterload_copy  mc_p.l(handlers.o)
    0x00003594   0x00003594   0x00000002   Code   RO         1051    i.__scatterload_null  mc_p.l(handlers.o)
    0x00003596   0x00003596   0x0000000e   Code   RO         1052    i.__scatterload_zeroinit  mc_p.l(handlers.o)
    0x000035a4   0x000035a4   0x00000174   Code   RO          955    i._fp_digits        mc_p.l(printfa.o)
    0x00003718   0x00003718   0x000006ec   Code   RO          956    i._printf_core      mc_p.l(printfa.o)
    0x00003e04   0x00003e04   0x00000020   Code   RO          957    i._printf_post_padding  mc_p.l(printfa.o)
    0x00003e24   0x00003e24   0x0000002c   Code   RO          958    i._printf_pre_padding  mc_p.l(printfa.o)
    0x00003e50   0x00003e50   0x00000010   Code   RO          701    i.putchar           mc_p.l(putchar.o)
    0x00003e60   0x00003e60   0x00000020   Code   RO          699    i.puts              mc_p.l(puts.o)
    0x00003e80   0x00003e80   0x0000004c   Data   RO           25    .rodata..L__const.SCU_IRQHandler.ipname  system_m2351.o
    0x00003ecc   0x00003ecc   0x00000018   Data   RO          547    .rodata.FIRCoeffs   max30102.o
    0x00003ee4   0x00003ee4   0x0000387c   Data   RO          177    .rodata._Curve      crypto.o
    0x00007760   0x00007760   0x00000054   Data   RO           24    .rodata.str1.1      system_m2351.o
    0x000077b4   0x000077b4   0x000002ea   Data   RO          377    .rodata.str1.1      retarget.o
    0x00007a9e   0x00007a9e   0x0000014f   Data   RO          554    .rodata.str1.1      max30102.o
    0x00007bed   0x00007bed   0x0000008b   Data   RO          609    .rodata.str1.1      m2351_crypto.o
    0x00007c78   0x00007c78   0x00000035   Data   RO          651    .rodata.str1.1      nsc.o
    0x00007cad   0x00007cad   0x00000003   PAD
    0x00007cb0   0x00007cb0   0x00000031   Data   RO          610    .rodata.str1.4      m2351_crypto.o
    0x00007ce1   0x00007ce1   0x00000003   PAD
    0x00007ce4   0x00007ce4   0x00000020   Data   RO         1048    Region$$Table       anon$$obj.o


    Execution Region NSC_ROM (Exec base: 0x00007d20, Load base: 0x00007d20, Size: 0x000000c0, Max: 0xffffffff, ABSOLUTE)

    Exec Addr    Load Addr    Size         Type   Attr      Idx    E Section Name        Object

    0x00007d20   0x00007d20   0x000000c0   Code   XO         1049    Veneer$$CMSE        anon$$obj.o


    Execution Region EXE_RAM (Exec base: 0x20000000, Load base: 0x00007de0, Size: 0x00001178, Max: 0x00008000, ABSOLUTE, COMPRESSED[0x00000208])

    Exec Addr    Load Addr    Size         Type   Attr      Idx    E Section Name        Object

    0x20000000   COMPRESSED   0x00000004   Data   RW           21    .data.CyclesPerUs   system_m2351.o
    0x20000004   COMPRESSED   0x00000002   Data   RW          532    .data.IR_AC_Max     max30102.o
    0x20000006   COMPRESSED   0x00000002   Data   RW          533    .data.IR_AC_Min     max30102.o
    0x20000008   COMPRESSED   0x00000004   Data   RW           22    .data.PllClock      system_m2351.o
    0x2000000c   COMPRESSED   0x00000004   Data   RW           20    .data.SystemCoreClock  system_m2351.o
    0x20000010   COMPRESSED   0x00000354   Data   RW          378    .data.ip_tbl        retarget.o
    0x20000364   COMPRESSED   0x00000010   Data   RW          602    .data.sessionIV     m2351_crypto.o
    0x20000374   COMPRESSED   0x00000020   Data   RW          601    .data.sessionKey    m2351_crypto.o
    0x20000394   COMPRESSED   0x00000004   PAD
    0x20000398        -       0x000003c4   Zero   RW          182    .bss.Curve_Copy     crypto.o
    0x2000075c        -       0x00000004   Zero   RW          645    .bss.Get_BPM.ticks  nsc.o
    0x20000760        -       0x00000004   Zero   RW          649    .bss.Get_EncryptedDigitallySignedData.ticks  nsc.o
    0x20000764        -       0x00000002   Zero   RW          534    .bss.IR_AC_Signal_Current  max30102.o
    0x20000766        -       0x00000002   Zero   RW          544    .bss.IR_AC_Signal_Previous  max30102.o
    0x20000768        -       0x00000002   Zero   RW          536    .bss.IR_AC_Signal_max  max30102.o
    0x2000076a        -       0x00000002   Zero   RW          535    .bss.IR_AC_Signal_min  max30102.o
    0x2000076c        -       0x00000002   Zero   RW          545    .bss.IR_Average_Estimated  max30102.o
    0x2000076e   COMPRESSED   0x00000002   PAD
    0x20000770        -       0x00000001   Zero   RW          650    .bss.M2351_LoadKey.called  nsc.o
    0x20000771   COMPRESSED   0x00000003   PAD
    0x20000774        -       0x00000004   Zero   RW          648    .bss.OLED_printTime  nsc.o
    0x20000778        -       0x00000031   Zero   RW          606    .bss.R              m2351_crypto.o
    0x200007a9        -       0x00000031   Zero   RW          607    .bss.S              m2351_crypto.o
    0x200007da   COMPRESSED   0x00000002   PAD
    0x200007dc        -       0x00000004   Zero   RW          685    .bss.SysTick_Handler.u32Ticks  main.o
    0x200007e0        -       0x00000054   Zero   RW          379    .bss.__stdout       retarget.o
    0x20000834        -       0x00000006   Zero   RW          548    .bss.au8RDataBuf    max30102.o
    0x2000083a   COMPRESSED   0x00000002   PAD
    0x2000083c        -       0x00000004   Zero   RW          553    .bss.beatAvg        max30102.o
    0x20000840        -       0x00000004   Zero   RW          551    .bss.beatsPerMinute  max30102.o
    0x20000844        -       0x00000040   Zero   RW          546    .bss.cbuf           max30102.o
    0x20000884        -       0x00000004   Zero   RW          647    .bss.endTime        nsc.o
    0x20000888        -       0x00000010   Zero   RW          175    .bss.g_AES_CTL      crypto.o
    0x20000898        -       0x00000004   Zero   RW          608    .bss.g_AES_done     m2351_crypto.o
    0x2000089c        -       0x00000004   Zero   RW          179    .bss.g_ECCERR_done  crypto.o
    0x200008a0        -       0x00000004   Zero   RW          178    .bss.g_ECC_done     crypto.o
    0x200008a4        -       0x00000004   Zero   RW          549    .bss.hr_val         max30102.o
    0x200008a8        -       0x00000004   Zero   RW          539    .bss.ir_avg_reg     max30102.o
    0x200008ac        -       0x00000004   Zero   RW          543    .bss.lastBeat       max30102.o
    0x200008b0        -       0x00000004   Zero   RW          686    .bss.millis_counter  main.o
    0x200008b4        -       0x00000002   Zero   RW          538    .bss.negativeEdge   max30102.o
    0x200008b6        -       0x00000001   Zero   RW          540    .bss.offset         max30102.o
    0x200008b7   COMPRESSED   0x00000001   PAD
    0x200008b8        -       0x00000004   Zero   RW          180    .bss.pCurve         crypto.o
    0x200008bc        -       0x00000004   Zero   RW          644    .bss.pfNonSecure_OLED_Off  nsc.o
    0x200008c0        -       0x00000004   Zero   RW          643    .bss.pfNonSecure_OLED_On  nsc.o
    0x200008c4        -       0x00000002   Zero   RW          537    .bss.positiveEdge   max30102.o
    0x200008c6        -       0x00000031   Zero   RW          603    .bss.priKey         m2351_crypto.o
    0x200008f7        -       0x00000031   Zero   RW          604    .bss.pubKey1        m2351_crypto.o
    0x20000928        -       0x00000031   Zero   RW          605    .bss.pubKey2        m2351_crypto.o
    0x20000959   COMPRESSED   0x00000003   PAD
    0x2000095c        -       0x00000004   Zero   RW          542    .bss.rateSpot       max30102.o
    0x20000960        -       0x00000010   Zero   RW          552    .bss.rates          max30102.o
    0x20000970        -       0x00000004   Zero   RW          550    .bss.spo2_val       max30102.o
    0x20000974        -       0x00000004   Zero   RW          646    .bss.startTime      nsc.o
    0x20000978        -       0x00000800   Zero   RW           33    STACK               startup_m2351.o


==============================================================================

Image component sizes


      Code (inc. data)   RO Data    RW Data    ZI Data      Debug   Object Name

      1028        196          0          0          0      13520   clk.o
      1614         80      14460          0        992      18885   crypto.o
       128         12          0          0          0      11516   fmc.o
       454          4          0          0          0      18441   i2c.o
      1676        724        188         48        249      15540   m2351_crypto.o
      1148        320          0          0          8       8595   main.o
      1034        312        359          4        129       4210   max30102.o
      1680        480         53          0         29       4238   nsc.o
       708        188        746        852         84       6362   retarget.o
       870         56          0          0          0      13405   spi.o
        68         20        472          0       2048        888   startup_m2351.o
       772        212        160         12          0       8142   system_m2351.o

    ----------------------------------------------------------------------
     11380       2604      16476        916       3556     123742   Object Totals
       192          0         32          0          0          0   (incl. Generated)
         8          0          6          0         17          0   (incl. Padding)

    ----------------------------------------------------------------------

      Code (inc. data)   RO Data    RW Data    ZI Data      Debug   Library Member Name

        86          0          0          0          0          0   __dczerorl2.o
         0          0          0          0          0          0   entry.o
         0          0          0          0          0          0   entry10a.o
         0          0          0          0          0          0   entry11a.o
         8          4          0          0          0          0   entry2.o
         4          0          0          0          0          0   entry5.o
         0          0          0          0          0          0   entry7b.o
         0          0          0          0          0          0   entry8b.o
         8          4          0          0          0          0   entry9a.o
        30          0          0          0          0          0   handlers.o
        36          8          0          0          0         68   init.o
         0          0          0          0          0          0   iusefp.o
        32          0          0          0          0         68   llshl.o
        38          0          0          0          0         68   llsshr.o
        34          0          0          0          0         68   llushr.o
        36          0          0          0          0         60   memcpya.o
        36          0          0          0          0        100   memseta.o
      2252         98          0          0          0        412   printfa.o
        16          6          0          0          0         68   putchar.o
        32          4          0          0          0         68   puts.o
        14          0          0          0          0         60   strlen.o
        62          0          0          0          0         72   uidiv_div0.o
        96          0          0          0          0         84   uldiv.o
        40          2          0          0          0         68   cdrcmple.o
        56          0          0          0          0         68   d2f.o
       356          4          0          0          0        140   dadd.o
       240          6          0          0          0         84   ddiv.o
       236          0          0          0          0        216   depilogue.o
        64         10          0          0          0         68   dfixul.o
        40          6          0          0          0         68   dflti.o
       208          6          0          0          0         88   dmul.o
        40          0          0          0          0         60   f2d.o
        28          0          0          0          0         60   fcmpge.o
        28          0          0          0          0         60   fcmple.o
       130          0          0          0          0        144   fepilogue.o
        50          0          0          0          0         60   ffixi.o

    ----------------------------------------------------------------------
      4340        158          0          0          0       2380   Library Totals
         4          0          0          0          0          0   (incl. Padding)

    ----------------------------------------------------------------------

      Code (inc. data)   RO Data    RW Data    ZI Data      Debug   Library Name

      2820        124          0          0          0       1196   mc_p.l
      1516         34          0          0          0       1184   mf_p.l

    ----------------------------------------------------------------------
      4340        158          0          0          0       2380   Library Totals

    ----------------------------------------------------------------------

==============================================================================


      Code (inc. data)   RO Data    RW Data    ZI Data      Debug   

     15720       2762      16476        916       3556     124990   Grand Totals
     15720       2762      16476        520       3556     124990   ELF Image Totals (compressed)
     15720       2762      16476        520          0          0   ROM Totals

==============================================================================

    Total RO  Size (Code + RO Data)                32196 (  31.44kB)
    Total RW  Size (RW Data + ZI Data)              4472 (   4.37kB)
    Total ROM Size (Code + RO Data + RW Data)      32716 (  31.95kB)

==============================================================================

