<html>
<body>
<pre>
<h1>µVision Build Log</h1>
<h2>Tool Versions:</h2>
IDE-Version: ¥ìVision V5.33.0.0
Copyright (C) 2020 ARM Ltd and ARM Germany GmbH. All rights reserved.
License Information: haewon seo, kyunghee univ, LIC=XRMHK-Z2L9L-95SMC-K3LFP-CZLPV-2AW1Z
 
Tool Versions:
Toolchain:       MDK-ARM Cortex-M0/M23 for Nuvoton  Version: 5.33.0.0
Toolchain Path:  C:\Keil_v5\ARM\ARMCLANG\Bin
C Compiler:      ArmClang.exe V6.15
Assembler:       Armasm.exe V6.15
Linker/Locator:  ArmLink.exe V6.15
Library Manager: ArmAr.exe V6.15
Hex Converter:   FromElf.exe V6.15
CPU DLL:         
Dialog DLL:      
Target DLL:      NULink\Nu_Link.dll V3.05
Dialog DLL:      TCM.DLL V1.48.0.0
 
<h2>Project:</h2>
C:\Users\shw26\OneDrive\Desktop\2021\2021-1\Ä¸½ºÅæµðÀÚÀÎ2\Nuvoton\M2351_BSP_v3.00.004\M2351Series_BSP_CMSIS_V3.00.004\MyProject\NonSecure\NonSecure.uvprojx
Project File Date:  04/13/2021

<h2>Output:</h2>
*** Using Compiler 'V6.15', folder: 'C:\Keil_v5\ARM\ARMCLANG\Bin'
Rebuild Project 'NonSecure' - Target 'NonSecure'
compiling system_M2351.c...
creating list file for gpio.c...
compiling gpio.c...
creating list file for system_M2351.c...
creating list file for retarget.c...
compiling retarget.c...
assembling startup_M2351.s...
compiling main_ns.c...
creating list file for main_ns.c...
creating list file for wifi.c...
compiling wifi.c...
linking...
Program Size: Code=7192 RO-data=2100 RW-data=860 ZI-data=2140  
FromELF: creating hex file...
".\Objects\NonSecure.axf" - 0 Error(s), 0 Warning(s).

<h2>Software Packages used:</h2>

Package Vendor: ARM
                http://www.keil.com/pack/ARM.PSA.1.0.0.pack
                ARM.PSA.1.0.0
                PSA (Platform Security Architecture)
   * Component: Crypto Version: 1.0.0

Package Vendor: ARM
                http://www.keil.com/pack/ARM.mbedTLS.1.7.0.pack
                ARM.mbedTLS.1.7.0
                ARM mbed Cryptographic and SSL/TLS library
   * Component: mbed TLS Version: 2.24.0

Package Vendor: Nuvoton
                http://www.nuvoton.com/hq/enu/Documents/KEILSoftwarePack/Nuvoton.NuMicro_DFP.1.3.10.pack
                Nuvoton.NuMicro_DFP.1.3.10
                Nuvoton ARM Cortex-M NuMicro Family Device Support

<h2>Collection of Component include folders:</h2>
  .\RTE\_NonSecure
  C:\Users\shw26\AppData\Local\Arm\Packs\ARM\mbedTLS\1.7.0\include\mbedcrypto
  C:\Users\shw26\AppData\Local\Arm\Packs\Nuvoton\NuMicro_DFP\1.3.10\Device\M2351\Include

<h2>Collection of Component Files used:</h2>

   * Component: ::PSA:Crypto:1.0.0 (API)

   * Component: ARM::PSA:Crypto:mbed TLS:2.24.0
Build Time Elapsed:  00:00:21
</pre>
</body>
</html>
