Component: ARM Compiler 6.15 Tool: armlink [5dd79300]

==============================================================================

Section Cross References

    system_m2351.o(.ARM.exidx.text.SCU_IRQHandler) refers to system_m2351.o(.text.SCU_IRQHandler) for [Anonymous Symbol]
    system_m2351.o(.text.SystemCoreClockUpdate) refers to system_m2351.o(.data.PllClock) for PllClock
    system_m2351.o(.text.SystemCoreClockUpdate) refers to system_m2351.o(.data.SystemCoreClock) for SystemCoreClock
    system_m2351.o(.text.SystemCoreClockUpdate) refers to system_m2351.o(.data.CyclesPerUs) for CyclesPerUs
    system_m2351.o(.ARM.exidx.text.SystemCoreClockUpdate) refers to system_m2351.o(.text.SystemCoreClockUpdate) for [Anonymous Symbol]
    system_m2351.o(.text.SystemInit) refers to startup_m2351.o(RESET) for __Vectors
    system_m2351.o(.ARM.exidx.text.SystemInit) refers to system_m2351.o(.text.SystemInit) for [Anonymous Symbol]
    startup_m2351.o(RESET) refers to startup_m2351.o(STACK) for __initial_sp
    startup_m2351.o(RESET) refers to startup_m2351.o(.text) for Reset_Handler
    startup_m2351.o(RESET) refers to main_ns.o(.text.SysTick_Handler) for SysTick_Handler
    startup_m2351.o(RESET) refers to system_m2351.o(.text.SCU_IRQHandler) for SCU_IRQHandler
    startup_m2351.o(.text) refers to system_m2351.o(.text.SystemInit) for SystemInit
    startup_m2351.o(.text) refers to entry.o(.ARM.Collect$$$$00000000) for __main
    startup_m2351.o(.text) refers to retarget.o(.text.ProcessHardFault) for ProcessHardFault
    startup_m2351.o(.text) refers to retarget.o(.text.SH_Return) for SH_Return
    gpio.o(.ARM.exidx.text.GPIO_SetMode) refers to gpio.o(.text.GPIO_SetMode) for [Anonymous Symbol]
    gpio.o(.ARM.exidx.text.GPIO_EnableInt) refers to gpio.o(.text.GPIO_EnableInt) for [Anonymous Symbol]
    gpio.o(.ARM.exidx.text.GPIO_DisableInt) refers to gpio.o(.text.GPIO_DisableInt) for [Anonymous Symbol]
    gpio.o(.ARM.exidx.text.GPIO_SetSlewCtl) refers to gpio.o(.text.GPIO_SetSlewCtl) for [Anonymous Symbol]
    gpio.o(.ARM.exidx.text.GPIO_SetPullCtl) refers to gpio.o(.text.GPIO_SetPullCtl) for [Anonymous Symbol]
    retarget.o(.text.ProcessHardFault) refers to printfa.o(i.__0printf) for printf
    retarget.o(.text.ProcessHardFault) refers to retarget.o(.rodata.str1.1) for .L.str.70
    retarget.o(.text.ProcessHardFault) refers to system_m2351.o(.text.SCU_IRQHandler) for SCU_IRQHandler
    retarget.o(.text.ProcessHardFault) refers to retarget.o(.data.ip_tbl) for ip_tbl
    retarget.o(.ARM.exidx.text.ProcessHardFault) refers to retarget.o(.text.ProcessHardFault) for [Anonymous Symbol]
    retarget.o(.ARM.exidx.text.SH_Return) refers to retarget.o(.text.SH_Return) for [Anonymous Symbol]
    retarget.o(.ARM.exidx.text.SendChar_ToUART) refers to retarget.o(.text.SendChar_ToUART) for [Anonymous Symbol]
    retarget.o(.text.SendChar) refers to retarget.o(.text.SendChar_ToUART) for SendChar_ToUART
    retarget.o(.ARM.exidx.text.SendChar) refers to retarget.o(.text.SendChar) for [Anonymous Symbol]
    retarget.o(.ARM.exidx.text.GetChar) refers to retarget.o(.text.GetChar) for [Anonymous Symbol]
    retarget.o(.ARM.exidx.text.kbhit) refers to retarget.o(.text.kbhit) for [Anonymous Symbol]
    retarget.o(.ARM.exidx.text.IsDebugFifoEmpty) refers to retarget.o(.text.IsDebugFifoEmpty) for [Anonymous Symbol]
    retarget.o(.text._ttywrch) refers to retarget.o(.text.SendChar) for SendChar
    retarget.o(.ARM.exidx.text._ttywrch) refers to retarget.o(.text._ttywrch) for [Anonymous Symbol]
    retarget.o(.text.fputc) refers to retarget.o(.text.SendChar) for SendChar
    retarget.o(.ARM.exidx.text.fputc) refers to retarget.o(.text.fputc) for [Anonymous Symbol]
    retarget.o(.text.fgetc) refers to retarget.o(.text.GetChar) for GetChar
    retarget.o(.ARM.exidx.text.fgetc) refers to retarget.o(.text.fgetc) for [Anonymous Symbol]
    retarget.o(.ARM.exidx.text.ferror) refers to retarget.o(.text.ferror) for [Anonymous Symbol]
    retarget.o(.data.ip_tbl) refers to retarget.o(.rodata.str1.1) for .L.str
    dev_config.o(.ARM.exidx.text.System_Init) refers to dev_config.o(.text.System_Init) for [Anonymous Symbol]
    dev_config.o(.ARM.exidx.text.System_Exit) refers to dev_config.o(.text.System_Exit) for [Anonymous Symbol]
    dev_config.o(.ARM.exidx.text.SPI4W_Write_Byte) refers to dev_config.o(.text.SPI4W_Write_Byte) for [Anonymous Symbol]
    dev_config.o(.text.Driver_Delay_ms) refers to dev_config.o(.text.CLK_SysTickDelay) for CLK_SysTickDelay
    dev_config.o(.ARM.exidx.text.Driver_Delay_ms) refers to dev_config.o(.text.Driver_Delay_ms) for [Anonymous Symbol]
    dev_config.o(.text.CLK_SysTickDelay) refers to system_m2351.o(.data.CyclesPerUs) for CyclesPerUs
    dev_config.o(.ARM.exidx.text.CLK_SysTickDelay) refers to dev_config.o(.text.CLK_SysTickDelay) for [Anonymous Symbol]
    dev_config.o(.ARM.exidx.text.Driver_Delay_us) refers to dev_config.o(.text.Driver_Delay_us) for [Anonymous Symbol]
[...]
    ../clib/microlib/string/memset.c         0x00000000   Number         0  memseta.o ABSOLUTE
    ../clib/microlib/string/strcat.c         0x00000000   Number         0  strcat.o ABSOLUTE
    ../clib/microlib/string/strcpy.c         0x00000000   Number         0  strcpy.o ABSOLUTE
    ../clib/microlib/string/strlen.c         0x00000000   Number         0  strlen.o ABSOLUTE
    ../clib/microlib/stubs.s                 0x00000000   Number         0  iusefp.o ABSOLUTE
    ../fplib/microlib/fpadd.c                0x00000000   Number         0  dadd.o ABSOLUTE
    ../fplib/microlib/fpdiv.c                0x00000000   Number         0  ddiv.o ABSOLUTE
    ../fplib/microlib/fpepilogue.c           0x00000000   Number         0  depilogue.o ABSOLUTE
    ../fplib/microlib/fpfix.c                0x00000000   Number         0  dfixi.o ABSOLUTE
    ../fplib/microlib/fpfix.c                0x00000000   Number         0  dfixul.o ABSOLUTE
    ../fplib/microlib/fpflt.c                0x00000000   Number         0  dflti.o ABSOLUTE
    ../fplib/microlib/fpmul.c                0x00000000   Number         0  dmul.o ABSOLUTE
    DEV_Config.c                             0x00000000   Number         0  dev_config.o ABSOLUTE
    OLED_Driver.c                            0x00000000   Number         0  oled_driver.o ABSOLUTE
    OLED_GUI.c                               0x00000000   Number         0  oled_gui.o ABSOLUTE
    cdrcmple.s                               0x00000000   Number         0  cdrcmple.o ABSOLUTE
    dc.s                                     0x00000000   Number         0  dc.o ABSOLUTE
    font12.c                                 0x00000000   Number         0  font12.o ABSOLUTE
    font16.c                                 0x00000000   Number         0  font16.o ABSOLUTE
    font20.c                                 0x00000000   Number         0  font20.o ABSOLUTE
    font24.c                                 0x00000000   Number         0  font24.o ABSOLUTE
    font8.c                                  0x00000000   Number         0  font8.o ABSOLUTE
    gpio.c                                   0x00000000   Number         0  gpio.o ABSOLUTE
    handlers.s                               0x00000000   Number         0  handlers.o ABSOLUTE
    init.s                                   0x00000000   Number         0  init.o ABSOLUTE
    main_ns.c                                0x00000000   Number         0  main_ns.o ABSOLUTE
    retarget.c                               0x00000000   Number         0  retarget.o ABSOLUTE
    system_M2351.c                           0x00000000   Number         0  system_m2351.o ABSOLUTE
    wifi.c                                   0x00000000   Number         0  wifi.o ABSOLUTE
    RESET                                    0x10040000   Section      472  startup_m2351.o(RESET)
    .ARM.Collect$$$$00000000                 0x100401d8   Section        0  entry.o(.ARM.Collect$$$$00000000)
    .ARM.Collect$$$$00000001                 0x100401d8   Section        4  entry2.o(.ARM.Collect$$$$00000001)
    .ARM.Collect$$$$00000004                 0x100401dc   Section        4  entry5.o(.ARM.Collect$$$$00000004)
    .ARM.Collect$$$$00000008                 0x100401e0   Section        0  entry7b.o(.ARM.Collect$$$$00000008)
    .ARM.Collect$$$$0000000A                 0x100401e0   Section        0  entry8b.o(.ARM.Collect$$$$0000000A)
    .ARM.Collect$$$$0000000B                 0x100401e0   Section        8  entry9a.o(.ARM.Collect$$$$0000000B)
    __lit__00000000                          0x100401e8   Data           4  entry2.o(.ARM.Collect$$$$00002712)
    .ARM.Collect$$$$0000000D                 0x100401e8   Section        0  entry10a.o(.ARM.Collect$$$$0000000D)
    .ARM.Collect$$$$0000000F                 0x100401e8   Section        0  entry11a.o(.ARM.Collect$$$$0000000F)
    .ARM.Collect$$$$00002712                 0x100401e8   Section        4  entry2.o(.ARM.Collect$$$$00002712)
    .text                                    0x100401ec   Section       68  startup_m2351.o(.text)
    .text                                    0x10040230   Section        0  memseta.o(.text)
    .text                                    0x10040254   Section        0  strcat.o(.text)
    .text                                    0x1004026c   Section        0  strlen.o(.text)
    .text                                    0x1004027a   Section        0  strcpy.o(.text)
    .text                                    0x1004028c   Section        0  calloc.o(.text)
    .text                                    0x100402a8   Section        0  dadd.o(.text)
    .text                                    0x1004040c   Section        0  dmul.o(.text)
    .text                                    0x100404dc   Section        0  dflti.o(.text)
    .text                                    0x10040504   Section        0  dfixi.o(.text)
    .text                                    0x1004054c   Section        0  uldiv.o(.text)
    .text                                    0x100405ac   Section        0  llshl.o(.text)
    .text                                    0x100405cc   Section        0  llushr.o(.text)
    .text                                    0x100405ee   Section        0  llsshr.o(.text)
    .text                                    0x10040614   Section        0  iusefp.o(.text)
    .text                                    0x10040614   Section        0  depilogue.o(.text)
    .text                                    0x100406d4   Section        0  ddiv.o(.text)
    .text                                    0x100407c4   Section        0  dfixul.o(.text)
    .text                                    0x10040804   Section       40  cdrcmple.o(.text)
    .text                                    0x1004082c   Section       36  init.o(.text)
    .text                                    0x10040850   Section        0  uidiv_div0.o(.text)
    .text                                    0x1004088e   Section        0  __dczerorl2.o(.text)
    CLK_SysTickDelay                         0x100408e5   Thumb Code    56  dev_config.o(.text.CLK_SysTickDelay)
    [Anonymous Symbol]                       0x100408e4   Section        0  dev_config.o(.text.CLK_SysTickDelay)
    CLK_SysTickLongDelay                     0x1004091d   Thumb Code   120  wifi.o(.text.CLK_SysTickLongDelay)
    [Anonymous Symbol]                       0x1004091c   Section        0  wifi.o(.text.CLK_SysTickLongDelay)
    __arm_cp.3_0                             0x10040984   Number         4  wifi.o(.text.CLK_SysTickLongDelay)
    __arm_cp.3_1                             0x10040988   Number         4  wifi.o(.text.CLK_SysTickLongDelay)
    __arm_cp.3_2                             0x1004098c   Number         4  wifi.o(.text.CLK_SysTickLongDelay)
    __arm_cp.3_3                             0x10040990   Number         4  wifi.o(.text.CLK_SysTickLongDelay)
    [Anonymous Symbol]                       0x10040994   Section        0  main_ns.o(.text.Control_SW3)
    __arm_cp.0_0                             0x10040a40   Number         4  main_ns.o(.text.Control_SW3)
    __arm_cp.0_1                             0x10040a44   Number         4  main_ns.o(.text.Control_SW3)
    [Anonymous Symbol]                       0x10040a48   Section        0  dev_config.o(.text.Driver_Delay_ms)
    [Anonymous Symbol]                       0x10040a60   Section        0  gpio.o(.text.GPIO_SetMode)
    [Anonymous Symbol]                       0x10040aac   Section        0  oled_gui.o(.text.GUI_DisChar)
    __arm_cp.5_1                             0x10040c3c   Number         4  oled_gui.o(.text.GUI_DisChar)
    [Anonymous Symbol]                       0x10040c40   Section        0  oled_gui.o(.text.GUI_DisGrayMap)
    __arm_cp.9_0                             0x10040d30   Number         4  oled_gui.o(.text.GUI_DisGrayMap)
    __arm_cp.9_1                             0x10040d34   Number         4  oled_gui.o(.text.GUI_DisGrayMap)
    [Anonymous Symbol]                       0x10040d38   Section        0  oled_gui.o(.text.GUI_DisNum)
    __arm_cp.7_0                             0x10040e68   Number         4  oled_gui.o(.text.GUI_DisNum)
    __arm_cp.7_1                             0x10040e6c   Number         4  oled_gui.o(.text.GUI_DisNum)
    [Anonymous Symbol]                       0x10040e70   Section        0  oled_gui.o(.text.GUI_DisString_EN)
    __arm_cp.6_0                             0x10040f64   Number         4  oled_gui.o(.text.GUI_DisString_EN)
    __arm_cp.6_1                             0x10040f68   Number         4  oled_gui.o(.text.GUI_DisString_EN)
    [Anonymous Symbol]                       0x10040f6c   Section        0  oled_gui.o(.text.GUI_Disbitmap)
    [Anonymous Symbol]                       0x10041030   Section        0  oled_gui.o(.text.GUI_DrawCircle)
    __arm_cp.4_0                             0x1004135c   Number         4  oled_gui.o(.text.GUI_DrawCircle)
    __arm_cp.4_1                             0x10041360   Number         4  oled_gui.o(.text.GUI_DrawCircle)
    [Anonymous Symbol]                       0x10041364   Section        0  oled_gui.o(.text.GUI_DrawLine)
    __arm_cp.2_1                             0x1004158c   Number         4  oled_gui.o(.text.GUI_DrawLine)
    __arm_cp.2_2                             0x10041590   Number         4  oled_gui.o(.text.GUI_DrawLine)
    __arm_cp.2_3                             0x10041594   Number         4  oled_gui.o(.text.GUI_DrawLine)
    __arm_cp.2_4                             0x10041598   Number         4  oled_gui.o(.text.GUI_DrawLine)
    [Anonymous Symbol]                       0x1004159c   Section        0  oled_gui.o(.text.GUI_DrawPoint)
    __arm_cp.1_0                             0x100416b4   Number         4  oled_gui.o(.text.GUI_DrawPoint)
    __arm_cp.1_1                             0x100416b8   Number         4  oled_gui.o(.text.GUI_DrawPoint)
    [Anonymous Symbol]                       0x100416bc   Section        0  oled_gui.o(.text.GUI_DrawRectangle)
    __arm_cp.3_0                             0x10041864   Number         4  oled_gui.o(.text.GUI_DrawRectangle)
    __arm_cp.3_1                             0x10041868   Number         4  oled_gui.o(.text.GUI_DrawRectangle)
    [Anonymous Symbol]                       0x1004186c   Section        0  oled_gui.o(.text.GUI_Show)
    __arm_cp.11_0                            0x10041b78   Number         4  oled_gui.o(.text.GUI_Show)
    __arm_cp.11_1                            0x10041b7c   Number         4  oled_gui.o(.text.GUI_Show)
    __arm_cp.11_2                            0x10041b80   Number         4  oled_gui.o(.text.GUI_Show)
    __arm_cp.11_3                            0x10041b84   Number         4  oled_gui.o(.text.GUI_Show)
    __arm_cp.11_4                            0x10041b88   Number         4  oled_gui.o(.text.GUI_Show)
    __arm_cp.11_5                            0x10041b8c   Number         4  oled_gui.o(.text.GUI_Show)
    [Anonymous Symbol]                       0x10041b90   Section        0  oled_gui.o(.text.GUI_Swop)
    [Anonymous Symbol]                       0x10041bb4   Section        0  oled_gui.o(.text.OLED_BPM)
    __arm_cp.14_0                            0x10041c30   Number         4  oled_gui.o(.text.OLED_BPM)
    __arm_cp.14_1                            0x10041c34   Number         4  oled_gui.o(.text.OLED_BPM)
    [Anonymous Symbol]                       0x10041c38   Section        0  oled_gui.o(.text.OLED_Background_On)
    __arm_cp.13_0                            0x10041ce0   Number         4  oled_gui.o(.text.OLED_Background_On)
    __arm_cp.13_1                            0x10041ce4   Number         4  oled_gui.o(.text.OLED_Background_On)
    __arm_cp.13_2                            0x10041ce8   Number         4  oled_gui.o(.text.OLED_Background_On)
    __arm_cp.13_3                            0x10041cec   Number         4  oled_gui.o(.text.OLED_Background_On)
    __arm_cp.13_4                            0x10041cf0   Number         4  oled_gui.o(.text.OLED_Background_On)
    __arm_cp.13_5                            0x10041cf4   Number         4  oled_gui.o(.text.OLED_Background_On)
    __arm_cp.13_6                            0x10041cf8   Number         4  oled_gui.o(.text.OLED_Background_On)
    [Anonymous Symbol]                       0x10041cfc   Section        0  oled_driver.o(.text.OLED_Clear)
    [Anonymous Symbol]                       0x10041d60   Section        0  oled_driver.o(.text.OLED_ClearWindow)
    [Anonymous Symbol]                       0x10041e30   Section        0  oled_gui.o(.text.OLED_Config)
    __arm_cp.12_0                            0x10041e70   Number         4  oled_gui.o(.text.OLED_Config)
    __arm_cp.12_1                            0x10041e74   Number         4  oled_gui.o(.text.OLED_Config)
    [Anonymous Symbol]                       0x10041e78   Section        0  oled_driver.o(.text.OLED_DisWindow)
    [Anonymous Symbol]                       0x10041f78   Section        0  oled_driver.o(.text.OLED_Display)
    __arm_cp.10_0                            0x10041fe8   Number         4  oled_driver.o(.text.OLED_Display)
    __arm_cp.10_1                            0x10041fec   Number         4  oled_driver.o(.text.OLED_Display)
    [Anonymous Symbol]                       0x10041ff0   Section        0  oled_driver.o(.text.OLED_Init)
    OLED_InitReg                             0x10042015   Thumb Code   218  oled_driver.o(.text.OLED_InitReg)
    [Anonymous Symbol]                       0x10042014   Section        0  oled_driver.o(.text.OLED_InitReg)
    [Anonymous Symbol]                       0x100420ee   Section        0  oled_gui.o(.text.OLED_Off)
    OLED_Reset                               0x100420fd   Thumb Code    56  oled_driver.o(.text.OLED_Reset)
    [Anonymous Symbol]                       0x100420fc   Section        0  oled_driver.o(.text.OLED_Reset)
    __arm_cp.4_0                             0x10042130   Number         4  oled_driver.o(.text.OLED_Reset)
    [Anonymous Symbol]                       0x10042134   Section        0  oled_driver.o(.text.OLED_SetColor)
    __arm_cp.8_0                             0x100421b8   Number         4  oled_driver.o(.text.OLED_SetColor)
    __arm_cp.8_1                             0x100421bc   Number         4  oled_driver.o(.text.OLED_SetColor)
    [Anonymous Symbol]                       0x100421c0   Section        0  oled_driver.o(.text.OLED_SetGramScanWay)
    [Anonymous Symbol]                       0x10042210   Section        0  oled_driver.o(.text.OLED_SetWindow)
    __arm_cp.7_0                             0x100422a8   Number         4  oled_driver.o(.text.OLED_SetWindow)
    [Anonymous Symbol]                       0x100422ac   Section        0  oled_driver.o(.text.OLED_WriteData)
    [Anonymous Symbol]                       0x100422dc   Section        0  oled_driver.o(.text.OLED_WriteReg)
    __arm_cp.0_0                             0x10042308   Number         4  oled_driver.o(.text.OLED_WriteReg)
    __arm_cp.0_1                             0x1004230c   Number         4  oled_driver.o(.text.OLED_WriteReg)
    [Anonymous Symbol]                       0x10042310   Section        0  retarget.o(.text.ProcessHardFault)
    __arm_cp.0_20                            0x10042730   Number         4  retarget.o(.text.ProcessHardFault)
    __arm_cp.0_21                            0x10042734   Number         4  retarget.o(.text.ProcessHardFault)
    __arm_cp.0_22                            0x10042738   Number         4  retarget.o(.text.ProcessHardFault)
    __arm_cp.0_23                            0x1004273c   Number         4  retarget.o(.text.ProcessHardFault)
    __arm_cp.0_24                            0x10042740   Number         4  retarget.o(.text.ProcessHardFault)
    __arm_cp.0_0                             0x100428a8   Number         4  retarget.o(.text.ProcessHardFault)
    __arm_cp.0_5                             0x100428ac   Number         4  retarget.o(.text.ProcessHardFault)
    __arm_cp.0_6                             0x100428b0   Number         4  retarget.o(.text.ProcessHardFault)
    __arm_cp.0_7                             0x100428b4   Number         4  retarget.o(.text.ProcessHardFault)
    __arm_cp.0_8                             0x100428b8   Number         4  retarget.o(.text.ProcessHardFault)
    __arm_cp.0_9                             0x100428bc   Number         4  retarget.o(.text.ProcessHardFault)
    __arm_cp.0_11                            0x100428c0   Number         4  retarget.o(.text.ProcessHardFault)
    __arm_cp.0_12                            0x100428c4   Number         4  retarget.o(.text.ProcessHardFault)
    __arm_cp.0_13                            0x100428c8   Number         4  retarget.o(.text.ProcessHardFault)
    __arm_cp.0_14                            0x100428cc   Number         4  retarget.o(.text.ProcessHardFault)
    __arm_cp.0_15                            0x100428d0   Number         4  retarget.o(.text.ProcessHardFault)
    __arm_cp.0_16                            0x100428d4   Number         4  retarget.o(.text.ProcessHardFault)
    __arm_cp.0_17                            0x100428d8   Number         4  retarget.o(.text.ProcessHardFault)
    __arm_cp.0_18                            0x100428dc   Number         4  retarget.o(.text.ProcessHardFault)
    [Anonymous Symbol]                       0x100428e0   Section        0  system_m2351.o(.text.SCU_IRQHandler)
    [Anonymous Symbol]                       0x100428e4   Section        0  retarget.o(.text.SH_Return)
    [Anonymous Symbol]                       0x100428f4   Section        0  dev_config.o(.text.SPI4W_Write_Byte)
    __arm_cp.2_0                             0x10042918   Number         4  dev_config.o(.text.SPI4W_Write_Byte)
    __arm_cp.2_1                             0x1004291c   Number         4  dev_config.o(.text.SPI4W_Write_Byte)
    [Anonymous Symbol]                       0x10042920   Section        0  retarget.o(.text.SendChar)
    [Anonymous Symbol]                       0x10042930   Section        0  retarget.o(.text.SendChar_ToUART)
    __arm_cp.2_0                             0x10042970   Number         4  retarget.o(.text.SendChar_ToUART)
    __arm_cp.2_1                             0x10042974   Number         4  retarget.o(.text.SendChar_ToUART)
    SysTick_Config                           0x10042979   Thumb Code    84  main_ns.o(.text.SysTick_Config)
    [Anonymous Symbol]                       0x10042978   Section        0  main_ns.o(.text.SysTick_Config)
    __arm_cp.3_0                             0x100429c0   Number         4  main_ns.o(.text.SysTick_Config)
    __arm_cp.3_1                             0x100429c4   Number         4  main_ns.o(.text.SysTick_Config)
    __arm_cp.3_2                             0x100429c8   Number         4  main_ns.o(.text.SysTick_Config)
    [Anonymous Symbol]                       0x100429cc   Section        0  main_ns.o(.text.SysTick_Handler)
    __arm_cp.1_0                             0x10042a4c   Number         4  main_ns.o(.text.SysTick_Handler)
    __arm_cp.1_1                             0x10042a50   Number         4  main_ns.o(.text.SysTick_Handler)
    [Anonymous Symbol]                       0x10042a54   Section        0  system_m2351.o(.text.SystemInit)
    __arm_cp.2_0                             0x10042a5c   Number         4  system_m2351.o(.text.SystemInit)
    __arm_cp.2_1                             0x10042a60   Number         4  system_m2351.o(.text.SystemInit)
    [Anonymous Symbol]                       0x10042a64   Section        0  dev_config.o(.text.System_Init)
    [Anonymous Symbol]                       0x10042a68   Section        0  wifi.o(.text.WIFI_Connect)
    __arm_cp.2_0                             0x10042d2c   Number         4  wifi.o(.text.WIFI_Connect)
    __arm_cp.2_1                             0x10042d30   Number         4  wifi.o(.text.WIFI_Connect)
    __arm_cp.2_2                             0x10042d34   Number         4  wifi.o(.text.WIFI_Connect)
    __arm_cp.2_3                             0x10042d38   Number         4  wifi.o(.text.WIFI_Connect)
    __arm_cp.2_4                             0x10042d3c   Number         4  wifi.o(.text.WIFI_Connect)
    __arm_cp.2_5                             0x10042d40   Number         4  wifi.o(.text.WIFI_Connect)
    __arm_cp.2_7                             0x10042d44   Number         4  wifi.o(.text.WIFI_Connect)
    __arm_cp.2_8                             0x10042d48   Number         4  wifi.o(.text.WIFI_Connect)
    __arm_cp.2_9                             0x10042d4c   Number         4  wifi.o(.text.WIFI_Connect)
    __arm_cp.2_10                            0x10042d50   Number         4  wifi.o(.text.WIFI_Connect)
    __arm_cp.2_11                            0x10042d54   Number         4  wifi.o(.text.WIFI_Connect)
    __arm_cp.2_12                            0x10042d58   Number         4  wifi.o(.text.WIFI_Connect)
    __arm_cp.2_13                            0x10042d5c   Number         4  wifi.o(.text.WIFI_Connect)
    __arm_cp.2_14                            0x10042d60   Number         4  wifi.o(.text.WIFI_Connect)
    __arm_cp.2_15                            0x10042d64   Number         4  wifi.o(.text.WIFI_Connect)
    __arm_cp.2_16                            0x10042d68   Number         4  wifi.o(.text.WIFI_Connect)
    __arm_cp.2_17                            0x10042d6c   Number         4  wifi.o(.text.WIFI_Connect)
    __arm_cp.2_18                            0x10042d70   Number         4  wifi.o(.text.WIFI_Connect)
    __arm_cp.2_19                            0x10042d74   Number         4  wifi.o(.text.WIFI_Connect)
    __arm_cp.2_20                            0x10042d78   Number         4  wifi.o(.text.WIFI_Connect)
    __arm_cp.2_21                            0x10042d7c   Number         4  wifi.o(.text.WIFI_Connect)
    __arm_cp.2_22                            0x10042d80   Number         4  wifi.o(.text.WIFI_Connect)
    [Anonymous Symbol]                       0x10042d84   Section        0  wifi.o(.text.WIFI_Read)
    __arm_cp.5_0                             0x10042df4   Number         4  wifi.o(.text.WIFI_Read)
    __arm_cp.5_1                             0x10042df8   Number         4  wifi.o(.text.WIFI_Read)
    [Anonymous Symbol]                       0x10042dfc   Section        0  wifi.o(.text.WIFI_ReceiveData)
    __arm_cp.7_0                             0x100430c8   Number         4  wifi.o(.text.WIFI_ReceiveData)
    __arm_cp.7_1                             0x100430cc   Number         4  wifi.o(.text.WIFI_ReceiveData)
    __arm_cp.7_2                             0x100430d0   Number         4  wifi.o(.text.WIFI_ReceiveData)
    __arm_cp.7_3                             0x100430d4   Number         4  wifi.o(.text.WIFI_ReceiveData)
    __arm_cp.7_4                             0x100430d8   Number         4  wifi.o(.text.WIFI_ReceiveData)
    __arm_cp.7_5                             0x100430dc   Number         4  wifi.o(.text.WIFI_ReceiveData)
    __arm_cp.7_6                             0x100430e0   Number         4  wifi.o(.text.WIFI_ReceiveData)
    __arm_cp.7_7                             0x100430e4   Number         4  wifi.o(.text.WIFI_ReceiveData)
    __arm_cp.7_8                             0x100430e8   Number         4  wifi.o(.text.WIFI_ReceiveData)
    [Anonymous Symbol]                       0x100430ec   Section        0  wifi.o(.text.WIFI_SendData)
    __arm_cp.6_0                             0x10043204   Number         4  wifi.o(.text.WIFI_SendData)
    __arm_cp.6_1                             0x10043208   Number         4  wifi.o(.text.WIFI_SendData)
    __arm_cp.6_2                             0x1004320c   Number         4  wifi.o(.text.WIFI_SendData)
    __arm_cp.6_3                             0x10043210   Number         4  wifi.o(.text.WIFI_SendData)
    __arm_cp.6_4                             0x10043214   Number         4  wifi.o(.text.WIFI_SendData)
    __arm_cp.6_5                             0x10043218   Number         4  wifi.o(.text.WIFI_SendData)
    [Anonymous Symbol]                       0x1004321c   Section        0  wifi.o(.text.WIFI_Send_EncryptedDigitallySignedData)
    __arm_cp.12_0                            0x100434b8   Number         4  wifi.o(.text.WIFI_Send_EncryptedDigitallySignedData)
    __arm_cp.12_1                            0x100434bc   Number         4  wifi.o(.text.WIFI_Send_EncryptedDigitallySignedData)
    __arm_cp.12_2                            0x100434c0   Number         4  wifi.o(.text.WIFI_Send_EncryptedDigitallySignedData)
    __arm_cp.12_3                            0x100434c4   Number         4  wifi.o(.text.WIFI_Send_EncryptedDigitallySignedData)
    __arm_cp.12_4                            0x100434c8   Number         4  wifi.o(.text.WIFI_Send_EncryptedDigitallySignedData)
    [Anonymous Symbol]                       0x100434cc   Section        0  wifi.o(.text.WIFI_Write)
    __arm_cp.4_0                             0x10043524   Number         4  wifi.o(.text.WIFI_Write)
    __arm_cp.4_1                             0x10043528   Number         4  wifi.o(.text.WIFI_Write)
    __arm_cp.4_2                             0x1004352c   Number         4  wifi.o(.text.WIFI_Write)
    __NVIC_SetPriority                       0x10043531   Thumb Code   120  main_ns.o(.text.__NVIC_SetPriority)
    [Anonymous Symbol]                       0x10043530   Section        0  main_ns.o(.text.__NVIC_SetPriority)
    __arm_cp.4_0                             0x100435a0   Number         4  main_ns.o(.text.__NVIC_SetPriority)
    __arm_cp.4_1                             0x100435a4   Number         4  main_ns.o(.text.__NVIC_SetPriority)
    [Anonymous Symbol]                       0x100435a8   Section        0  retarget.o(.text.fputc)
    keyToStringKey                           0x100435bd   Thumb Code   164  wifi.o(.text.keyToStringKey)
    [Anonymous Symbol]                       0x100435bc   Section        0  wifi.o(.text.keyToStringKey)
    [Anonymous Symbol]                       0x10043660   Section        0  main_ns.o(.text.main)
    __arm_cp.2_0                             0x100437f4   Number         4  main_ns.o(.text.main)
    __arm_cp.2_1                             0x100437f8   Number         4  main_ns.o(.text.main)
    __arm_cp.2_2                             0x100437fc   Number         4  main_ns.o(.text.main)
    __arm_cp.2_3                             0x10043800   Number         4  main_ns.o(.text.main)
    __arm_cp.2_4                             0x10043804   Number         4  main_ns.o(.text.main)
    __arm_cp.2_5                             0x10043808   Number         4  main_ns.o(.text.main)
    __arm_cp.2_6                             0x1004380c   Number         4  main_ns.o(.text.main)
    __arm_cp.2_7                             0x10043810   Number         4  main_ns.o(.text.main)
    __arm_cp.2_8                             0x10043814   Number         4  main_ns.o(.text.main)
    __arm_cp.2_9                             0x10043818   Number         4  main_ns.o(.text.main)
    __arm_cp.2_10                            0x1004381c   Number         4  main_ns.o(.text.main)
    __arm_cp.2_11                            0x10043820   Number         4  main_ns.o(.text.main)
    __arm_cp.2_12                            0x10043824   Number         4  main_ns.o(.text.main)
    __arm_cp.2_13                            0x10043828   Number         4  main_ns.o(.text.main)
    [Anonymous Symbol]                       0x1004382c   Section        0  wifi.o(.text.printNetworkData)
    __arm_cp.0_0                             0x10043858   Number         4  wifi.o(.text.printNetworkData)
    __arm_cp.0_1                             0x1004385c   Number         4  wifi.o(.text.printNetworkData)
    __arm_cp.0_2                             0x10043860   Number         4  wifi.o(.text.printNetworkData)
    i.__0printf                              0x100438ac   Section        0  printfa.o(i.__0printf)
    i.__0sprintf                             0x100438cc   Section        0  printfa.o(i.__0sprintf)
    i.__ARM_clz                              0x100438f4   Section        0  depilogue.o(i.__ARM_clz)
    i.__scatterload_copy                     0x10043922   Section       14  handlers.o(i.__scatterload_copy)
    i.__scatterload_null                     0x10043930   Section        2  handlers.o(i.__scatterload_null)
    i.__scatterload_zeroinit                 0x10043932   Section       14  handlers.o(i.__scatterload_zeroinit)
    _fp_digits                               0x10043941   Thumb Code   344  printfa.o(i._fp_digits)
    i._fp_digits                             0x10043940   Section        0  printfa.o(i._fp_digits)
    _printf_core                             0x10043ab5   Thumb Code  1754  printfa.o(i._printf_core)
    i._printf_core                           0x10043ab4   Section        0  printfa.o(i._printf_core)
    _printf_post_padding                     0x100441a1   Thumb Code    32  printfa.o(i._printf_post_padding)
    i._printf_post_padding                   0x100441a0   Section        0  printfa.o(i._printf_post_padding)
    _printf_pre_padding                      0x100441c1   Thumb Code    44  printfa.o(i._printf_pre_padding)
    i._printf_pre_padding                    0x100441c0   Section        0  printfa.o(i._printf_pre_padding)
    _sputc                                   0x100441ed   Thumb Code    10  printfa.o(i._sputc)
    i._sputc                                 0x100441ec   Section        0  printfa.o(i._sputc)
    i.free                                   0x100441f8   Section        0  malloc.o(i.free)
    i.malloc                                 0x1004424c   Section        0  malloc.o(i.malloc)
    [Anonymous Symbol]                       0x100442b8   Section        0  wifi.o(.rodata..L__const.WIFI_Send_EncryptedDigitallySignedData.dsdLen)
    Alarm88                                  0x100443b8   Data           8  oled_gui.o(.rodata.Alarm88)
    [Anonymous Symbol]                       0x100443b8   Section        0  oled_gui.o(.rodata.Alarm88)
    Bat816                                   0x100443c0   Data          16  oled_gui.o(.rodata.Bat816)
    [Anonymous Symbol]                       0x100443c0   Section        0  oled_gui.o(.rodata.Bat816)
    Bluetooth88                              0x100443d0   Data           8  oled_gui.o(.rodata.Bluetooth88)
    [Anonymous Symbol]                       0x100443d0   Section        0  oled_gui.o(.rodata.Bluetooth88)
    GPRS88                                   0x10046357   Data           8  oled_gui.o(.rodata.GPRS88)
    [Anonymous Symbol]                       0x10046357   Section        0  oled_gui.o(.rodata.GPRS88)
    Msg816                                   0x1004635f   Data          16  oled_gui.o(.rodata.Msg816)
    [Anonymous Symbol]                       0x1004635f   Section        0  oled_gui.o(.rodata.Msg816)
    Signal816                                0x1004636f   Data          16  oled_gui.o(.rodata.Signal816)
    [Anonymous Symbol]                       0x1004636f   Section        0  oled_gui.o(.rodata.Signal816)
    gImage_background                        0x1004637f   Data        7942  oled_gui.o(.rodata.gImage_background)
    [Anonymous Symbol]                       0x1004637f   Section        0  oled_gui.o(.rodata.gImage_background)
    .L.str.79                                0x10048285   Data          35  retarget.o(.rodata.str1.1)
    [Anonymous Symbol]                       0x10048285   Section        0  retarget.o(.rodata.str1.1)
    .L.str.70                                0x100482a8   Data          69  retarget.o(.rodata.str1.1)
    .L.str.80                                0x100482ed   Data          46  retarget.o(.rodata.str1.1)
    .L.str.83                                0x1004831b   Data          79  retarget.o(.rodata.str1.1)
    .L.str.73                                0x1004836a   Data          44  retarget.o(.rodata.str1.1)
    .L.str.71                                0x10048396   Data          42  retarget.o(.rodata.str1.1)
    .L.str.75                                0x100483c0   Data          33  retarget.o(.rodata.str1.1)
    .L.str.78                                0x100483e1   Data          34  retarget.o(.rodata.str1.1)
    .L.str.74                                0x10048403   Data          38  retarget.o(.rodata.str1.1)
    .L.str.84                                0x10048429   Data          67  retarget.o(.rodata.str1.1)
    .L.str.72                                0x1004846c   Data          51  retarget.o(.rodata.str1.1)
    .L.str.20                                0x1004849f   Data           6  retarget.o(.rodata.str1.1)
    .L.str.55                                0x100484a5   Data           5  retarget.o(.rodata.str1.1)
    .L.str.34                                0x100484aa   Data           5  retarget.o(.rodata.str1.1)
    .L.str.58                                0x100484af   Data           4  retarget.o(.rodata.str1.1)
    .L.str.24                                0x100484b3   Data           5  retarget.o(.rodata.str1.1)
    .L.str.68                                0x100484b8   Data           6  retarget.o(.rodata.str1.1)
    .L.str.62                                0x100484be   Data           5  retarget.o(.rodata.str1.1)
    .L.str.44                                0x100484c3   Data           6  retarget.o(.rodata.str1.1)
    .L.str.45                                0x100484c4   Data           5  retarget.o(.rodata.str1.1)
    .L.str.42                                0x100484c9   Data           6  retarget.o(.rodata.str1.1)
    .L.str.40                                0x100484cf   Data           6  retarget.o(.rodata.str1.1)
    .L.str.61                                0x100484d5   Data           5  retarget.o(.rodata.str1.1)
    .L.str.64                                0x100484da   Data           6  retarget.o(.rodata.str1.1)
    .L.str.36                                0x100484e0   Data           5  retarget.o(.rodata.str1.1)
    .L.str.49                                0x100484e5   Data           6  retarget.o(.rodata.str1.1)
    .L.str.33                                0x100484eb   Data           7  retarget.o(.rodata.str1.1)
    .L.str.38                                0x100484f2   Data           6  retarget.o(.rodata.str1.1)
    .L.str.21                                0x100484f8   Data           6  retarget.o(.rodata.str1.1)
    .L.str.56                                0x100484fe   Data           5  retarget.o(.rodata.str1.1)
    .L.str.35                                0x10048503   Data           5  retarget.o(.rodata.str1.1)
    .L.str.59                                0x10048508   Data           4  retarget.o(.rodata.str1.1)
    .L.str.69                                0x1004850c   Data           6  retarget.o(.rodata.str1.1)
    .L.str.63                                0x10048512   Data           5  retarget.o(.rodata.str1.1)
    .L.str.46                                0x10048517   Data           5  retarget.o(.rodata.str1.1)
    .L.str.43                                0x1004851c   Data           6  retarget.o(.rodata.str1.1)
    .L.str.41                                0x10048522   Data           6  retarget.o(.rodata.str1.1)
    .L.str.65                                0x10048528   Data           6  retarget.o(.rodata.str1.1)
    .L.str.50                                0x1004852e   Data           6  retarget.o(.rodata.str1.1)
    .L.str.57                                0x10048534   Data           5  retarget.o(.rodata.str1.1)
    .L.str.60                                0x10048539   Data           4  retarget.o(.rodata.str1.1)
    .L.str.47                                0x1004853d   Data           5  retarget.o(.rodata.str1.1)
    .L.str.51                                0x10048542   Data           6  retarget.o(.rodata.str1.1)
    .L.str.39                                0x10048548   Data           6  retarget.o(.rodata.str1.1)
    .L.str.48                                0x1004854e   Data           5  retarget.o(.rodata.str1.1)
    .L.str.52                                0x10048553   Data           6  retarget.o(.rodata.str1.1)
    .L.str.53                                0x10048559   Data           6  retarget.o(.rodata.str1.1)
    .L.str.54                                0x1004855f   Data           6  retarget.o(.rodata.str1.1)
    .L.str.3                                 0x10048565   Data           6  retarget.o(.rodata.str1.1)
    .L.str.12                                0x1004856b   Data           3  retarget.o(.rodata.str1.1)
    .L.str.4                                 0x1004856e   Data           6  retarget.o(.rodata.str1.1)
    .L.str.13                                0x10048574   Data           3  retarget.o(.rodata.str1.1)
    .L.str.32                                0x10048577   Data           5  retarget.o(.rodata.str1.1)
    .L.str.23                                0x1004857c   Data           4  retarget.o(.rodata.str1.1)
    .L.str.5                                 0x10048580   Data           6  retarget.o(.rodata.str1.1)
    .L.str.14                                0x10048586   Data           3  retarget.o(.rodata.str1.1)
    .L.str.27                                0x10048589   Data           4  retarget.o(.rodata.str1.1)
    .L.str.31                                0x1004858d   Data           4  retarget.o(.rodata.str1.1)
    .L.str.67                                0x10048591   Data           5  retarget.o(.rodata.str1.1)
    .L.str.6                                 0x10048596   Data           6  retarget.o(.rodata.str1.1)
    .L.str.15                                0x1004859c   Data           3  retarget.o(.rodata.str1.1)
    .L.str.7                                 0x1004859f   Data           6  retarget.o(.rodata.str1.1)
    .L.str.16                                0x100485a5   Data           3  retarget.o(.rodata.str1.1)
    .L.str.8                                 0x100485a8   Data           6  retarget.o(.rodata.str1.1)
    .L.str.17                                0x100485ae   Data           3  retarget.o(.rodata.str1.1)
    .L.str.66                                0x100485b1   Data           5  retarget.o(.rodata.str1.1)
    .L.str.9                                 0x100485b6   Data           6  retarget.o(.rodata.str1.1)
    .L.str.18                                0x100485bc   Data           3  retarget.o(.rodata.str1.1)
    .L.str.37                                0x100485bf   Data           4  retarget.o(.rodata.str1.1)
    .L.str.22                                0x100485c3   Data           5  retarget.o(.rodata.str1.1)
    .L.str.10                                0x100485c8   Data           6  retarget.o(.rodata.str1.1)
    .L.str.19                                0x100485ce   Data           3  retarget.o(.rodata.str1.1)
    .L.str.25                                0x100485d1   Data           4  retarget.o(.rodata.str1.1)
    .L.str.1                                 0x100485d5   Data           4  retarget.o(.rodata.str1.1)
    .L.str.11                                0x100485d9   Data          11  retarget.o(.rodata.str1.1)
    .L.str.76                                0x100485e4   Data           4  retarget.o(.rodata.str1.1)
    .L.str.77                                0x100485e8   Data           4  retarget.o(.rodata.str1.1)
    .L.str                                   0x100485ec   Data           4  retarget.o(.rodata.str1.1)
    .L.str.30                                0x100485f0   Data           5  retarget.o(.rodata.str1.1)
    .L.str.29                                0x100485f1   Data           4  retarget.o(.rodata.str1.1)
    .L.str.2                                 0x100485f5   Data           4  retarget.o(.rodata.str1.1)
    .L.str.28                                0x100485f9   Data           5  retarget.o(.rodata.str1.1)
    .L.str.26                                0x100485fe   Data           4  retarget.o(.rodata.str1.1)
    .L.str.82                                0x10048602   Data           7  retarget.o(.rodata.str1.1)
    .L.str.81                                0x10048609   Data          10  retarget.o(.rodata.str1.1)
    .L.str.5                                 0x10048613   Data          58  oled_gui.o(.rodata.str1.1)
    [Anonymous Symbol]                       0x10048613   Section        0  oled_gui.o(.rodata.str1.1)
    .L.str.3                                 0x1004864d   Data          56  oled_gui.o(.rodata.str1.1)
    .L.str.1                                 0x10048685   Data          54  oled_gui.o(.rodata.str1.1)
    .L.str.6                                 0x100486bb   Data          52  oled_gui.o(.rodata.str1.1)
    .L.str.4                                 0x100486ef   Data          53  oled_gui.o(.rodata.str1.1)
    .L.str                                   0x10048724   Data          55  oled_gui.o(.rodata.str1.1)
    .L.str.2                                 0x10048732   Data          41  oled_gui.o(.rodata.str1.1)
    .L.str.7                                 0x1004875b   Data          24  oled_gui.o(.rodata.str1.1)
    .L.str.11                                0x10048773   Data          13  oled_gui.o(.rodata.str1.1)
    .L.str.10                                0x10048780   Data          11  oled_gui.o(.rodata.str1.1)
    .L.str.9                                 0x1004878b   Data          10  oled_gui.o(.rodata.str1.1)
    .L.str.21                                0x10048795   Data          14  wifi.o(.rodata.str1.1)
    [Anonymous Symbol]                       0x10048795   Section        0  wifi.o(.rodata.str1.1)
    .L.str.8                                 0x1004879c   Data          70  oled_gui.o(.rodata.str1.1)
    .L.str.1                                 0x100487a3   Data          49  wifi.o(.rodata.str1.1)
    .L.str.17                                0x100487a3   Data          49  wifi.o(.rodata.str1.1)
    .L.str.5                                 0x100487d4   Data          18  wifi.o(.rodata.str1.1)
    .L.str.6                                 0x100487e6   Data          14  wifi.o(.rodata.str1.1)
    .L.str.25                                0x100487f4   Data          18  wifi.o(.rodata.str1.1)
    .L.str.26                                0x10048806   Data          18  wifi.o(.rodata.str1.1)
    .L.str.27                                0x10048818   Data          13  wifi.o(.rodata.str1.1)
    .L.str.7                                 0x10048825   Data          14  wifi.o(.rodata.str1.1)
    .L.str.9                                 0x10048833   Data          49  wifi.o(.rodata.str1.1)
    .L.str.10                                0x10048864   Data          49  wifi.o(.rodata.str1.1)
    .L.str.8                                 0x10048895   Data          49  wifi.o(.rodata.str1.1)
    .L.str.14                                0x100488c6   Data          49  wifi.o(.rodata.str1.1)
    .L.str.16                                0x100488f7   Data          49  wifi.o(.rodata.str1.1)
    .L.str.11                                0x10048928   Data          49  wifi.o(.rodata.str1.1)
    .L.str.15                                0x10048959   Data          49  wifi.o(.rodata.str1.1)
    .L.str.12                                0x1004898a   Data          49  wifi.o(.rodata.str1.1)
    .L.str.19                                0x100489bb   Data          49  wifi.o(.rodata.str1.1)
    .L.str.22                                0x100489ec   Data          49  wifi.o(.rodata.str1.1)
    .L.str.13                                0x10048a1d   Data          49  wifi.o(.rodata.str1.1)
    .L.str                                   0x10048a4c   Data           2  wifi.o(.rodata.str1.1)
    .L.str.1                                 0x10048a4e   Data           9  wifi.o(.rodata.str1.1)
    .L.str.2                                 0x10048a57   Data           9  wifi.o(.rodata.str1.1)
    .L.str.3                                 0x10048a60   Data          12  wifi.o(.rodata.str1.1)
    .L.str.4                                 0x10048a6c   Data          12  wifi.o(.rodata.str1.1)
    .L.str                                   0x10048a78   Data           7  wifi.o(.rodata.str1.1)
    .L.str.24                                0x10048a7f   Data           5  wifi.o(.rodata.str1.1)
    .L.str.18                                0x10048a84   Data           3  wifi.o(.rodata.str1.1)
    .L.str.20                                0x10048a87   Data           3  wifi.o(.rodata.str1.1)
    .L.str.5                                 0x10048a8a   Data          33  main_ns.o(.rodata.str1.1)
    [Anonymous Symbol]                       0x10048a8a   Section        0  main_ns.o(.rodata.str1.1)
    .L.str.8                                 0x10048aab   Data          33  main_ns.o(.rodata.str1.1)
    .L.str.7                                 0x10048acc   Data          20  main_ns.o(.rodata.str1.1)
    .L.str.6                                 0x10048ae0   Data          19  main_ns.o(.rodata.str1.1)
    .L.str.23                                0x10048af0   Data           3  main_ns.o(.rodata.str1.1)
    .L.str.9                                 0x10048af3   Data          32  main_ns.o(.rodata.str1.1)
    .L.str.3                                 0x10048b13   Data          49  main_ns.o(.rodata.str1.1)
    .L.str.4                                 0x10048b44   Data          49  main_ns.o(.rodata.str1.1)
    .L.str.2                                 0x10048b75   Data          49  main_ns.o(.rodata.str1.1)
    .data                                    0x30008000   Section        4  mvars.o(.data)
    .data                                    0x30008004   Section        4  mvars.o(.data)
    SysTick_Handler.u32Ticks                 0x3000c388   Data           4  main_ns.o(.bss.SysTick_Handler.u32Ticks)
    [Anonymous Symbol]                       0x3000c388   Section        0  main_ns.o(.bss.SysTick_Handler.u32Ticks)
    HEAP                                     0x3000c3f0   Section        0  startup_m2351.o(HEAP)
    STACK                                    0x3000c3f0   Section     2048  startup_m2351.o(STACK)

    Global Symbols

    Symbol Name                              Value     Ov Type        Size  Object(Section)

    BuildAttributes$$THM_ISAv3M$S$8M$PE$A:L22$X:L11$S22$IEEE1$IW$~IW$USESV6$~STKCKD$USESV7$WCHAR32$ENUMINT$~SHL$OSPACE$ROPI$EBA8$MICROLIB$REQ8$PRES8$EABIv2 0x00000000   Number         0  anon$$obj.o ABSOLUTE
    __cpp_initialize__aeabi_                  - Undefined Weak Reference
    __cxa_finalize                            - Undefined Weak Reference
    _clock_init                               - Undefined Weak Reference
    _microlib_exit                            - Undefined Weak Reference
    __Vectors_Size                           0x000001d8   Number         0  startup_m2351.o ABSOLUTE
    CLK_GetCPUFreq                           0x00007d21   Thumb Code     8  nsclib.o ABSOLUTE
    CLK_GetHCLKFreq                          0x00007d29   Thumb Code     8  nsclib.o ABSOLUTE
    CLK_GetHXTFreq                           0x00007d31   Thumb Code     8  nsclib.o ABSOLUTE
    CLK_GetLXTFreq                           0x00007d39   Thumb Code     8  nsclib.o ABSOLUTE
    CLK_GetModuleClockDivider                0x00007d41   Thumb Code     8  nsclib.o ABSOLUTE
    CLK_GetModuleClockSource                 0x00007d49   Thumb Code     8  nsclib.o ABSOLUTE
    CLK_GetPCLK0Freq                         0x00007d51   Thumb Code     8  nsclib.o ABSOLUTE
    CLK_GetPCLK1Freq                         0x00007d59   Thumb Code     8  nsclib.o ABSOLUTE
    CLK_GetPLLClockFreq                      0x00007d61   Thumb Code     8  nsclib.o ABSOLUTE
    Decrypt_data                             0x00007d69   Thumb Code     8  nsclib.o ABSOLUTE
    Encrypt_data                             0x00007d71   Thumb Code     8  nsclib.o ABSOLUTE
    GetSystemCoreClock                       0x00007d79   Thumb Code     8  nsclib.o ABSOLUTE
    Get_BPM                                  0x00007d81   Thumb Code     8  nsclib.o ABSOLUTE
    Get_EncryptedDigitallySignedData         0x00007d89   Thumb Code     8  nsclib.o ABSOLUTE
    M2351_DeleteKey                          0x00007d91   Thumb Code     8  nsclib.o ABSOLUTE
    M2351_LoadKey                            0x00007d99   Thumb Code     8  nsclib.o ABSOLUTE
    Secure_OLED_Off_callback                 0x00007da1   Thumb Code     8  nsclib.o ABSOLUTE
    Secure_OLED_On_callback                  0x00007da9   Thumb Code     8  nsclib.o ABSOLUTE
    printBlock                               0x00007db1   Thumb Code     8  nsclib.o ABSOLUTE
    printDigitallySignedData                 0x00007db9   Thumb Code     8  nsclib.o ABSOLUTE
    printSecure                              0x00007dc1   Thumb Code     8  nsclib.o ABSOLUTE
    __Vectors                                0x10040000   Data           4  startup_m2351.o(RESET)
    __Vectors_End                            0x100401d8   Data           0  startup_m2351.o(RESET)
    __main                                   0x100401d9   Thumb Code     0  entry.o(.ARM.Collect$$$$00000000)
    _main_stk                                0x100401d9   Thumb Code     0  entry2.o(.ARM.Collect$$$$00000001)
    _main_scatterload                        0x100401dd   Thumb Code     0  entry5.o(.ARM.Collect$$$$00000004)
    __main_after_scatterload                 0x100401e1   Thumb Code     0  entry5.o(.ARM.Collect$$$$00000004)
    _main_clock                              0x100401e1   Thumb Code     0  entry7b.o(.ARM.Collect$$$$00000008)
    _main_cpp_init                           0x100401e1   Thumb Code     0  entry8b.o(.ARM.Collect$$$$0000000A)
    _main_init                               0x100401e1   Thumb Code     0  entry9a.o(.ARM.Collect$$$$0000000B)
    __rt_final_cpp                           0x100401e9   Thumb Code     0  entry10a.o(.ARM.Collect$$$$0000000D)
    __rt_final_exit                          0x100401e9   Thumb Code     0  entry11a.o(.ARM.Collect$$$$0000000F)
    Reset_Handler                            0x100401ed   Thumb Code     8  startup_m2351.o(.text)
    NMI_Handler                              0x100401f5   Thumb Code     2  startup_m2351.o(.text)
    HardFault_Handler                        0x100401f7   Thumb Code    16  startup_m2351.o(.text)
    SVC_Handler                              0x10040207   Thumb Code     2  startup_m2351.o(.text)
    PendSV_Handler                           0x10040209   Thumb Code     2  startup_m2351.o(.text)
    ACMP01_IRQHandler                        0x1004020d   Thumb Code     0  startup_m2351.o(.text)
    BOD_IRQHandler                           0x1004020d   Thumb Code     0  startup_m2351.o(.text)
    BPWM0_IRQHandler                         0x1004020d   Thumb Code     0  startup_m2351.o(.text)
    BPWM1_IRQHandler                         0x1004020d   Thumb Code     0  startup_m2351.o(.text)
    BRAKE0_IRQHandler                        0x1004020d   Thumb Code     0  startup_m2351.o(.text)
    BRAKE1_IRQHandler                        0x1004020d   Thumb Code     0  startup_m2351.o(.text)
    CAN0_IRQHandler                          0x1004020d   Thumb Code     0  startup_m2351.o(.text)
    CAN1_IRQHandler                          0x1004020d   Thumb Code     0  startup_m2351.o(.text)
    CLKFAIL_IRQHandler                       0x1004020d   Thumb Code     0  startup_m2351.o(.text)
    CRPT_IRQHandler                          0x1004020d   Thumb Code     0  startup_m2351.o(.text)
    DAC_IRQHandler                           0x1004020d   Thumb Code     0  startup_m2351.o(.text)
    DEFAULT_IRQHandler                       0x1004020d   Thumb Code     0  startup_m2351.o(.text)
    EADC0_IRQHandler                         0x1004020d   Thumb Code     0  startup_m2351.o(.text)
    EADC1_IRQHandler                         0x1004020d   Thumb Code     0  startup_m2351.o(.text)
    EADC2_IRQHandler                         0x1004020d   Thumb Code     0  startup_m2351.o(.text)
    EADC3_IRQHandler                         0x1004020d   Thumb Code     0  startup_m2351.o(.text)
    ECAP0_IRQHandler                         0x1004020d   Thumb Code     0  startup_m2351.o(.text)
    ECAP1_IRQHandler                         0x1004020d   Thumb Code     0  startup_m2351.o(.text)
    EINT0_IRQHandler                         0x1004020d   Thumb Code     0  startup_m2351.o(.text)
    EINT1_IRQHandler                         0x1004020d   Thumb Code     0  startup_m2351.o(.text)
    EINT2_IRQHandler                         0x1004020d   Thumb Code     0  startup_m2351.o(.text)
    EINT3_IRQHandler                         0x1004020d   Thumb Code     0  startup_m2351.o(.text)
    EINT4_IRQHandler                         0x1004020d   Thumb Code     0  startup_m2351.o(.text)
    EINT5_IRQHandler                         0x1004020d   Thumb Code     0  startup_m2351.o(.text)
    EINT6_IRQHandler                         0x1004020d   Thumb Code     0  startup_m2351.o(.text)
    EINT7_IRQHandler                         0x1004020d   Thumb Code     0  startup_m2351.o(.text)
    EPWM0_P0_IRQHandler                      0x1004020d   Thumb Code     0  startup_m2351.o(.text)
    EPWM0_P1_IRQHandler                      0x1004020d   Thumb Code     0  startup_m2351.o(.text)
    EPWM0_P2_IRQHandler                      0x1004020d   Thumb Code     0  startup_m2351.o(.text)
    EPWM1_P0_IRQHandler                      0x1004020d   Thumb Code     0  startup_m2351.o(.text)
    EPWM1_P1_IRQHandler                      0x1004020d   Thumb Code     0  startup_m2351.o(.text)
    EPWM1_P2_IRQHandler                      0x1004020d   Thumb Code     0  startup_m2351.o(.text)
    GPA_IRQHandler                           0x1004020d   Thumb Code     0  startup_m2351.o(.text)
    GPB_IRQHandler                           0x1004020d   Thumb Code     0  startup_m2351.o(.text)
    GPC_IRQHandler                           0x1004020d   Thumb Code     0  startup_m2351.o(.text)
    GPD_IRQHandler                           0x1004020d   Thumb Code     0  startup_m2351.o(.text)
    GPE_IRQHandler                           0x1004020d   Thumb Code     0  startup_m2351.o(.text)
    GPF_IRQHandler                           0x1004020d   Thumb Code     0  startup_m2351.o(.text)
    GPG_IRQHandler                           0x1004020d   Thumb Code     0  startup_m2351.o(.text)
    GPH_IRQHandler                           0x1004020d   Thumb Code     0  startup_m2351.o(.text)
    I2C0_IRQHandler                          0x1004020d   Thumb Code     0  startup_m2351.o(.text)
    I2C1_IRQHandler                          0x1004020d   Thumb Code     0  startup_m2351.o(.text)
    I2C2_IRQHandler                          0x1004020d   Thumb Code     0  startup_m2351.o(.text)
    I2S0_IRQHandler                          0x1004020d   Thumb Code     0  startup_m2351.o(.text)
    IRC_IRQHandler                           0x1004020d   Thumb Code     0  startup_m2351.o(.text)
    OPA0_IRQHandler                          0x1004020d   Thumb Code     0  startup_m2351.o(.text)
    PDMA0_IRQHandler                         0x1004020d   Thumb Code     0  startup_m2351.o(.text)
    PDMA1_IRQHandler                         0x1004020d   Thumb Code     0  startup_m2351.o(.text)
    PWRWU_IRQHandler                         0x1004020d   Thumb Code     0  startup_m2351.o(.text)
    QEI0_IRQHandler                          0x1004020d   Thumb Code     0  startup_m2351.o(.text)
    QEI1_IRQHandler                          0x1004020d   Thumb Code     0  startup_m2351.o(.text)
    QSPI0_IRQHandler                         0x1004020d   Thumb Code     0  startup_m2351.o(.text)
    RTC_IRQHandler                           0x1004020d   Thumb Code     0  startup_m2351.o(.text)
    SC0_IRQHandler                           0x1004020d   Thumb Code     0  startup_m2351.o(.text)
    SC1_IRQHandler                           0x1004020d   Thumb Code     0  startup_m2351.o(.text)
    SC2_IRQHandler                           0x1004020d   Thumb Code     0  startup_m2351.o(.text)
    SC3_IRQHandler                           0x1004020d   Thumb Code     0  startup_m2351.o(.text)
    SDH0_IRQHandler                          0x1004020d   Thumb Code     0  startup_m2351.o(.text)
    SDH1_IRQHandler                          0x1004020d   Thumb Code     0  startup_m2351.o(.text)
    SPI0_IRQHandler                          0x1004020d   Thumb Code     0  startup_m2351.o(.text)
    SPI1_IRQHandler                          0x1004020d   Thumb Code     0  startup_m2351.o(.text)
    SPI2_IRQHandler                          0x1004020d   Thumb Code     0  startup_m2351.o(.text)
    SPI3_IRQHandler                          0x1004020d   Thumb Code     0  startup_m2351.o(.text)
    SRAM_IRQHandler                          0x1004020d   Thumb Code     0  startup_m2351.o(.text)
    TAMPER_IRQHandler                        0x1004020d   Thumb Code     0  startup_m2351.o(.text)
    TMR0_IRQHandler                          0x1004020d   Thumb Code     0  startup_m2351.o(.text)
    TMR1_IRQHandler                          0x1004020d   Thumb Code     0  startup_m2351.o(.text)
    TMR2_IRQHandler                          0x1004020d   Thumb Code     0  startup_m2351.o(.text)
    TMR3_IRQHandler                          0x1004020d   Thumb Code     0  startup_m2351.o(.text)
    TRNG_IRQHandler                          0x1004020d   Thumb Code     0  startup_m2351.o(.text)
    UART0_IRQHandler                         0x1004020d   Thumb Code     0  startup_m2351.o(.text)
    UART1_IRQHandler                         0x1004020d   Thumb Code     0  startup_m2351.o(.text)
    UART2_IRQHandler                         0x1004020d   Thumb Code     0  startup_m2351.o(.text)
    UART3_IRQHandler                         0x1004020d   Thumb Code     0  startup_m2351.o(.text)
    UART4_IRQHandler                         0x1004020d   Thumb Code     0  startup_m2351.o(.text)
    UART5_IRQHandler                         0x1004020d   Thumb Code     0  startup_m2351.o(.text)
    USBD_IRQHandler                          0x1004020d   Thumb Code     0  startup_m2351.o(.text)
    USBH_IRQHandler                          0x1004020d   Thumb Code     0  startup_m2351.o(.text)
    USBOTG_IRQHandler                        0x1004020d   Thumb Code     0  startup_m2351.o(.text)
    USCI0_IRQHandler                         0x1004020d   Thumb Code     0  startup_m2351.o(.text)
    USCI1_IRQHandler                         0x1004020d   Thumb Code     0  startup_m2351.o(.text)
    WDT_IRQHandler                           0x1004020d   Thumb Code     0  startup_m2351.o(.text)
    WWDT_IRQHandler                          0x1004020d   Thumb Code     0  startup_m2351.o(.text)
    SH_DoCommand                             0x10040211   Thumb Code    10  startup_m2351.o(.text)
    __PC                                     0x1004021b   Thumb Code     6  startup_m2351.o(.text)
    __aeabi_memset                           0x10040231   Thumb Code    14  memseta.o(.text)
    __aeabi_memset4                          0x10040231   Thumb Code     0  memseta.o(.text)
    __aeabi_memset8                          0x10040231   Thumb Code     0  memseta.o(.text)
    __aeabi_memclr                           0x1004023f   Thumb Code     4  memseta.o(.text)
    __aeabi_memclr4                          0x1004023f   Thumb Code     0  memseta.o(.text)
    __aeabi_memclr8                          0x1004023f   Thumb Code     0  memseta.o(.text)
    _memset$wrapper                          0x10040243   Thumb Code    18  memseta.o(.text)
    strcat                                   0x10040255   Thumb Code    24  strcat.o(.text)
    strlen                                   0x1004026d   Thumb Code    14  strlen.o(.text)
    strcpy                                   0x1004027b   Thumb Code    18  strcpy.o(.text)
    calloc                                   0x1004028d   Thumb Code    28  calloc.o(.text)
    __aeabi_dadd                             0x100402a9   Thumb Code   328  dadd.o(.text)
    __aeabi_dsub                             0x100403f1   Thumb Code    12  dadd.o(.text)
    __aeabi_drsub                            0x100403fd   Thumb Code    12  dadd.o(.text)
    __aeabi_dmul                             0x1004040d   Thumb Code   202  dmul.o(.text)
    __aeabi_i2d                              0x100404dd   Thumb Code    34  dflti.o(.text)
    __aeabi_d2iz                             0x10040505   Thumb Code    62  dfixi.o(.text)
    __aeabi_uldivmod                         0x1004054d   Thumb Code    96  uldiv.o(.text)
    __aeabi_llsl                             0x100405ad   Thumb Code    32  llshl.o(.text)
    _ll_shift_l                              0x100405ad   Thumb Code     0  llshl.o(.text)
    __aeabi_llsr                             0x100405cd   Thumb Code    34  llushr.o(.text)
    _ll_ushift_r                             0x100405cd   Thumb Code     0  llushr.o(.text)
    __aeabi_lasr                             0x100405ef   Thumb Code    38  llsshr.o(.text)
    _ll_sshift_r                             0x100405ef   Thumb Code     0  llsshr.o(.text)
    __I$use$fp                               0x10040615   Thumb Code     0  iusefp.o(.text)
    _double_round                            0x10040615   Thumb Code    26  depilogue.o(.text)
    _double_epilogue                         0x1004062f   Thumb Code   164  depilogue.o(.text)
    __aeabi_ddiv                             0x100406d5   Thumb Code   234  ddiv.o(.text)
    __aeabi_d2ulz                            0x100407c5   Thumb Code    54  dfixul.o(.text)
    __aeabi_cdrcmple                         0x10040805   Thumb Code    38  cdrcmple.o(.text)
    __scatterload                            0x1004082d   Thumb Code    28  init.o(.text)
    __scatterload_rt2                        0x1004082d   Thumb Code     0  init.o(.text)
    __aeabi_uidiv$div0                       0x10040851   Thumb Code     0  uidiv_div0.o(.text)
    __aeabi_uidivmod                         0x10040851   Thumb Code    62  uidiv_div0.o(.text)
    __decompress                             0x1004088f   Thumb Code     0  __dczerorl2.o(.text)
    __decompress1                            0x1004088f   Thumb Code    86  __dczerorl2.o(.text)
    Control_SW3                              0x10040995   Thumb Code   180  main_ns.o(.text.Control_SW3)
    Driver_Delay_ms                          0x10040a49   Thumb Code    24  dev_config.o(.text.Driver_Delay_ms)
    GPIO_SetMode                             0x10040a61   Thumb Code    76  gpio.o(.text.GPIO_SetMode)
    GUI_DisChar                              0x10040aad   Thumb Code   404  oled_gui.o(.text.GUI_DisChar)
    GUI_DisGrayMap                           0x10040c41   Thumb Code   248  oled_gui.o(.text.GUI_DisGrayMap)
    GUI_DisNum                               0x10040d39   Thumb Code   312  oled_gui.o(.text.GUI_DisNum)
    GUI_DisString_EN                         0x10040e71   Thumb Code   252  oled_gui.o(.text.GUI_DisString_EN)
    GUI_Disbitmap                            0x10040f6d   Thumb Code   194  oled_gui.o(.text.GUI_Disbitmap)
    GUI_DrawCircle                           0x10041031   Thumb Code   820  oled_gui.o(.text.GUI_DrawCircle)
    GUI_DrawLine                             0x10041365   Thumb Code   568  oled_gui.o(.text.GUI_DrawLine)
    GUI_DrawPoint                            0x1004159d   Thumb Code   288  oled_gui.o(.text.GUI_DrawPoint)
    GUI_DrawRectangle                        0x100416bd   Thumb Code   432  oled_gui.o(.text.GUI_DrawRectangle)
    GUI_Show                                 0x1004186d   Thumb Code   804  oled_gui.o(.text.GUI_Show)
    GUI_Swop                                 0x10041b91   Thumb Code    34  oled_gui.o(.text.GUI_Swop)
    OLED_BPM                                 0x10041bb5   Thumb Code   132  oled_gui.o(.text.OLED_BPM)
    OLED_Background_On                       0x10041c39   Thumb Code   196  oled_gui.o(.text.OLED_Background_On)
    OLED_Clear                               0x10041cfd   Thumb Code   100  oled_driver.o(.text.OLED_Clear)
    OLED_ClearWindow                         0x10041d61   Thumb Code   208  oled_driver.o(.text.OLED_ClearWindow)
    OLED_Config                              0x10041e31   Thumb Code    72  oled_gui.o(.text.OLED_Config)
    OLED_DisWindow                           0x10041e79   Thumb Code   256  oled_driver.o(.text.OLED_DisWindow)
    OLED_Display                             0x10041f79   Thumb Code   120  oled_driver.o(.text.OLED_Display)
    OLED_Init                                0x10041ff1   Thumb Code    36  oled_driver.o(.text.OLED_Init)
    OLED_Off                                 0x100420ef   Thumb Code    14  oled_gui.o(.text.OLED_Off)
    OLED_SetColor                            0x10042135   Thumb Code   140  oled_driver.o(.text.OLED_SetColor)
    OLED_SetGramScanWay                      0x100421c1   Thumb Code    80  oled_driver.o(.text.OLED_SetGramScanWay)
    OLED_SetWindow                           0x10042211   Thumb Code   156  oled_driver.o(.text.OLED_SetWindow)
    OLED_WriteData                           0x100422ad   Thumb Code    48  oled_driver.o(.text.OLED_WriteData)
    OLED_WriteReg                            0x100422dd   Thumb Code    52  oled_driver.o(.text.OLED_WriteReg)
    ProcessHardFault                         0x10042311   Thumb Code  1488  retarget.o(.text.ProcessHardFault)
    SCU_IRQHandler                           0x100428e1   Thumb Code     4  system_m2351.o(.text.SCU_IRQHandler)
    SH_Return                                0x100428e5   Thumb Code    14  retarget.o(.text.SH_Return)
    SPI4W_Write_Byte                         0x100428f5   Thumb Code    44  dev_config.o(.text.SPI4W_Write_Byte)
    SendChar                                 0x10042921   Thumb Code    16  retarget.o(.text.SendChar)
    SendChar_ToUART                          0x10042931   Thumb Code    72  retarget.o(.text.SendChar_ToUART)
    SysTick_Handler                          0x100429cd   Thumb Code   136  main_ns.o(.text.SysTick_Handler)
    SystemInit                               0x10042a55   Thumb Code    16  system_m2351.o(.text.SystemInit)
    System_Init                              0x10042a65   Thumb Code     4  dev_config.o(.text.System_Init)
    WIFI_Connect                             0x10042a69   Thumb Code   796  wifi.o(.text.WIFI_Connect)
    WIFI_Read                                0x10042d85   Thumb Code   120  wifi.o(.text.WIFI_Read)
    WIFI_ReceiveData                         0x10042dfd   Thumb Code   752  wifi.o(.text.WIFI_ReceiveData)
    WIFI_SendData                            0x100430ed   Thumb Code   304  wifi.o(.text.WIFI_SendData)
    WIFI_Send_EncryptedDigitallySignedData   0x1004321d   Thumb Code   688  wifi.o(.text.WIFI_Send_EncryptedDigitallySignedData)
    WIFI_Write                               0x100434cd   Thumb Code   100  wifi.o(.text.WIFI_Write)
    fputc                                    0x100435a9   Thumb Code    20  retarget.o(.text.fputc)
    main                                     0x10043661   Thumb Code   460  main_ns.o(.text.main)
    printNetworkData                         0x1004382d   Thumb Code    56  wifi.o(.text.printNetworkData)
    Long Thumb to Thumb Veneer to Secure_OLED_On_callback 0x10043865   Thumb Code    12  anon$$obj.o(Veneer$$Code)
    Long Thumb to Thumb Veneer to GetSystemCoreClock 0x10043871   Thumb Code    12  anon$$obj.o(Veneer$$Code)
    Long Thumb to Thumb Veneer to M2351_LoadKey 0x1004387d   Thumb Code    12  anon$$obj.o(Veneer$$Code)
    Long Thumb to Thumb Veneer to M2351_DeleteKey 0x10043889   Thumb Code    12  anon$$obj.o(Veneer$$Code)
    Long Thumb to Thumb Veneer to Get_EncryptedDigitallySignedData 0x10043895   Thumb Code    12  anon$$obj.o(Veneer$$Code)
    Long Thumb to Thumb Veneer to printDigitallySignedData 0x100438a1   Thumb Code    12  anon$$obj.o(Veneer$$Code)
    __0printf                                0x100438ad   Thumb Code    24  printfa.o(i.__0printf)
    __1printf                                0x100438ad   Thumb Code     0  printfa.o(i.__0printf)
    __2printf                                0x100438ad   Thumb Code     0  printfa.o(i.__0printf)
    __c89printf                              0x100438ad   Thumb Code     0  printfa.o(i.__0printf)
    printf                                   0x100438ad   Thumb Code     0  printfa.o(i.__0printf)
    __0sprintf                               0x100438cd   Thumb Code    36  printfa.o(i.__0sprintf)
    __1sprintf                               0x100438cd   Thumb Code     0  printfa.o(i.__0sprintf)
    __2sprintf                               0x100438cd   Thumb Code     0  printfa.o(i.__0sprintf)
    __c89sprintf                             0x100438cd   Thumb Code     0  printfa.o(i.__0sprintf)
    sprintf                                  0x100438cd   Thumb Code     0  printfa.o(i.__0sprintf)
    __ARM_clz                                0x100438f5   Thumb Code    46  depilogue.o(i.__ARM_clz)
    __scatterload_copy                       0x10043923   Thumb Code    14  handlers.o(i.__scatterload_copy)
    __scatterload_null                       0x10043931   Thumb Code     2  handlers.o(i.__scatterload_null)
    __scatterload_zeroinit                   0x10043933   Thumb Code    14  handlers.o(i.__scatterload_zeroinit)
    free                                     0x100441f9   Thumb Code    80  malloc.o(i.free)
    malloc                                   0x1004424d   Thumb Code    92  malloc.o(i.malloc)
    ATCommand_AT                             0x100442cc   Data           5  wifi.o(.rodata.ATCommand_AT)
    ATCommand_CIPMUX_SET1                    0x100442d1   Data          14  wifi.o(.rodata.ATCommand_CIPMUX_SET1)
    ATCommand_CIPSEND0                       0x100442df   Data          14  wifi.o(.rodata.ATCommand_CIPSEND0)
    ATCommand_CIPSEND1                       0x100442ed   Data          14  wifi.o(.rodata.ATCommand_CIPSEND1)
    ATCommand_CIPSTART0                      0x100442fb   Data          42  wifi.o(.rodata.ATCommand_CIPSTART0)
    ATCommand_CIPSTART1                      0x10044325   Data          44  wifi.o(.rodata.ATCommand_CIPSTART1)
    ATCommand_CIPSTATUS                      0x10044351   Data          15  wifi.o(.rodata.ATCommand_CIPSTATUS)
    ATCommand_CIPSTA_SET                     0x10044360   Data          29  wifi.o(.rodata.ATCommand_CIPSTA_SET)
    ATCommand_CWJAP_SET                      0x1004437d   Data          42  wifi.o(.rodata.ATCommand_CWJAP_SET)
    ATCommand_CWMODE_SET1                    0x100443a7   Data          14  wifi.o(.rodata.ATCommand_CWMODE_SET1)
    ATCommand_END                            0x100443b5   Data           3  wifi.o(.rodata.ATCommand_END)
    Font12_Table                             0x100443d8   Data        1140  font12.o(.rodata.Font12_Table)
    Font24_Table                             0x1004484c   Data        6840  font24.o(.rodata.Font24_Table)
    GET_MSG_AND                              0x10046304   Data           2  wifi.o(.rodata.GET_MSG_AND)
    GET_MSG_HEAD                             0x10046306   Data          18  wifi.o(.rodata.GET_MSG_HEAD)
    GET_MSG_TAIL                             0x10046318   Data          63  wifi.o(.rodata.GET_MSG_TAIL)
    Region$$Table$$Base                      0x10048ba8   Number         0  anon$$obj.o(Region$$Table)
    Region$$Table$$Limit                     0x10048bc8   Number         0  anon$$obj.o(Region$$Table)
    __microlib_freelist                      0x30008000   Data           4  mvars.o(.data)
    __microlib_freelist_initialised          0x30008004   Data           4  mvars.o(.data)
    CyclesPerUs                              0x30008008   Data           4  system_m2351.o(.data.CyclesPerUs)
    Font12                                   0x3000800c   Data           8  font12.o(.data.Font12)
    Font24                                   0x30008014   Data           8  font24.o(.data.Font24)
    GET_MSG_BODY                             0x3000801c   Data          20  wifi.o(.data.GET_MSG_BODY)
    SystemCoreClock                          0x30008030   Data           4  system_m2351.o(.data.SystemCoreClock)
    ip_tbl                                   0x30008034   Data         852  retarget.o(.data.ip_tbl)
    Buffer                                   0x30008388   Data       16384  oled_driver.o(.bss.Buffer)
    __stdout                                 0x3000c38c   Data          84  retarget.o(.bss.__stdout)
    sOLED_DIS                                0x3000c3e0   Data          12  oled_driver.o(.bss.sOLED_DIS)
    __heap_base                              0x3000c3f0   Data           0  startup_m2351.o(HEAP)
    __heap_limit                             0x3000c3f0   Data           0  startup_m2351.o(HEAP)
    __initial_sp                             0x3000cbf0   Data           0  startup_m2351.o(STACK)



==============================================================================

Memory Map of the image

  Image Entry point : 0x100401d9

  Load Region LR_ROM (Base: 0x10040000, Size: 0x00008f50, Max: 0xffffffff, ABSOLUTE, COMPRESSED[0x00008de0])

    Execution Region EXE_ROM (Exec base: 0x10040000, Load base: 0x10040000, Size: 0x00008bc8, Max: 0xffffffff, ABSOLUTE)

    Exec Addr    Load Addr    Size         Type   Attr      Idx    E Section Name        Object

    0x10040000   0x10040000   0x000001d8   Data   RO           20    RESET               startup_m2351.o
    0x100401d8   0x100401d8   0x00000000   Code   RO          295  * .ARM.Collect$$$$00000000  mc_p.l(entry.o)
    0x100401d8   0x100401d8   0x00000004   Code   RO          372    .ARM.Collect$$$$00000001  mc_p.l(entry2.o)
    0x100401dc   0x100401dc   0x00000004   Code   RO          375    .ARM.Collect$$$$00000004  mc_p.l(entry5.o)
    0x100401e0   0x100401e0   0x00000000   Code   RO          377    .ARM.Collect$$$$00000008  mc_p.l(entry7b.o)
    0x100401e0   0x100401e0   0x00000000   Code   RO          379    .ARM.Collect$$$$0000000A  mc_p.l(entry8b.o)
    0x100401e0   0x100401e0   0x00000008   Code   RO          380    .ARM.Collect$$$$0000000B  mc_p.l(entry9a.o)
    0x100401e8   0x100401e8   0x00000000   Code   RO          382    .ARM.Collect$$$$0000000D  mc_p.l(entry10a.o)
    0x100401e8   0x100401e8   0x00000000   Code   RO          384    .ARM.Collect$$$$0000000F  mc_p.l(entry11a.o)
    0x100401e8   0x100401e8   0x00000004   Code   RO          373    .ARM.Collect$$$$00002712  mc_p.l(entry2.o)
    0x100401ec   0x100401ec   0x00000044   Code   RO           21    .text               startup_m2351.o
    0x10040230   0x10040230   0x00000024   Code   RO          298    .text               mc_p.l(memseta.o)
    0x10040254   0x10040254   0x00000018   Code   RO          300    .text               mc_p.l(strcat.o)
    0x1004026c   0x1004026c   0x0000000e   Code   RO          302    .text               mc_p.l(strlen.o)
    0x1004027a   0x1004027a   0x00000012   Code   RO          304    .text               mc_p.l(strcpy.o)
    0x1004028c   0x1004028c   0x0000001c   Code   RO          362    .text               mc_p.l(calloc.o)
    0x100402a8   0x100402a8   0x00000164   Code   RO          364    .text               mf_p.l(dadd.o)
    0x1004040c   0x1004040c   0x000000d0   Code   RO          366    .text               mf_p.l(dmul.o)
    0x100404dc   0x100404dc   0x00000028   Code   RO          368    .text               mf_p.l(dflti.o)
    0x10040504   0x10040504   0x00000048   Code   RO          370    .text               mf_p.l(dfixi.o)
    0x1004054c   0x1004054c   0x00000060   Code   RO          390    .text               mc_p.l(uldiv.o)
    0x100405ac   0x100405ac   0x00000020   Code   RO          392    .text               mc_p.l(llshl.o)
    0x100405cc   0x100405cc   0x00000022   Code   RO          394    .text               mc_p.l(llushr.o)
    0x100405ee   0x100405ee   0x00000026   Code   RO          396    .text               mc_p.l(llsshr.o)
    0x10040614   0x10040614   0x00000000   Code   RO          404    .text               mc_p.l(iusefp.o)
    0x10040614   0x10040614   0x000000be   Code   RO          405    .text               mf_p.l(depilogue.o)
    0x100406d2   0x100406d2   0x00000002   PAD
    0x100406d4   0x100406d4   0x000000f0   Code   RO          409    .text               mf_p.l(ddiv.o)
    0x100407c4   0x100407c4   0x00000040   Code   RO          411    .text               mf_p.l(dfixul.o)
    0x10040804   0x10040804   0x00000028   Code   RO          413    .text               mf_p.l(cdrcmple.o)
    0x1004082c   0x1004082c   0x00000024   Code   RO          415    .text               mc_p.l(init.o)
    0x10040850   0x10040850   0x0000003e   Code   RO          419    .text               mc_p.l(uidiv_div0.o)
    0x1004088e   0x1004088e   0x00000056   Code   RO          433    .text               mc_p.l(__dczerorl2.o)
    0x100408e4   0x100408e4   0x00000038   Code   RO           86    .text.CLK_SysTickDelay  dev_config.o
    0x1004091c   0x1004091c   0x00000078   Code   RO          221    .text.CLK_SysTickLongDelay  wifi.o
    0x10040994   0x10040994   0x000000b4   Code   RO          276    .text.Control_SW3   main_ns.o
    0x10040a48   0x10040a48   0x00000018   Code   RO           84    .text.Driver_Delay_ms  dev_config.o
    0x10040a60   0x10040a60   0x0000004c   Code   RO           28    .text.GPIO_SetMode  gpio.o
    0x10040aac   0x10040aac   0x00000194   Code   RO          142    .text.GUI_DisChar   oled_gui.o
    0x10040c40   0x10040c40   0x000000f8   Code   RO          150    .text.GUI_DisGrayMap  oled_gui.o
    0x10040d38   0x10040d38   0x00000138   Code   RO          146    .text.GUI_DisNum    oled_gui.o
    0x10040e70   0x10040e70   0x000000fc   Code   RO          144    .text.GUI_DisString_EN  oled_gui.o
    0x10040f6c   0x10040f6c   0x000000c2   Code   RO          148    .text.GUI_Disbitmap  oled_gui.o
    0x1004102e   0x1004102e   0x00000002   PAD
    0x10041030   0x10041030   0x00000334   Code   RO          140    .text.GUI_DrawCircle  oled_gui.o
    0x10041364   0x10041364   0x00000238   Code   RO          136    .text.GUI_DrawLine  oled_gui.o
    0x1004159c   0x1004159c   0x00000120   Code   RO          134    .text.GUI_DrawPoint  oled_gui.o
    0x100416bc   0x100416bc   0x000001b0   Code   RO          138    .text.GUI_DrawRectangle  oled_gui.o
    0x1004186c   0x1004186c   0x00000324   Code   RO          154    .text.GUI_Show      oled_gui.o
    0x10041b90   0x10041b90   0x00000022   Code   RO          132    .text.GUI_Swop      oled_gui.o
    0x10041bb2   0x10041bb2   0x00000002   PAD
    0x10041bb4   0x10041bb4   0x00000084   Code   RO          160    .text.OLED_BPM      oled_gui.o
    0x10041c38   0x10041c38   0x000000c4   Code   RO          158    .text.OLED_Background_On  oled_gui.o
    0x10041cfc   0x10041cfc   0x00000064   Code   RO          115    .text.OLED_Clear    oled_driver.o
    0x10041d60   0x10041d60   0x000000d0   Code   RO          119    .text.OLED_ClearWindow  oled_driver.o
    0x10041e30   0x10041e30   0x00000048   Code   RO          156    .text.OLED_Config   oled_gui.o
    0x10041e78   0x10041e78   0x00000100   Code   RO          121    .text.OLED_DisWindow  oled_driver.o
    0x10041f78   0x10041f78   0x00000078   Code   RO          117    .text.OLED_Display  oled_driver.o
    0x10041ff0   0x10041ff0   0x00000024   Code   RO          103    .text.OLED_Init     oled_driver.o
    0x10042014   0x10042014   0x000000da   Code   RO          107    .text.OLED_InitReg  oled_driver.o
    0x100420ee   0x100420ee   0x0000000e   Code   RO          162    .text.OLED_Off      oled_gui.o
    0x100420fc   0x100420fc   0x00000038   Code   RO          105    .text.OLED_Reset    oled_driver.o
    0x10042134   0x10042134   0x0000008c   Code   RO          113    .text.OLED_SetColor  oled_driver.o
    0x100421c0   0x100421c0   0x00000050   Code   RO          101    .text.OLED_SetGramScanWay  oled_driver.o
    0x10042210   0x10042210   0x0000009c   Code   RO          111    .text.OLED_SetWindow  oled_driver.o
    0x100422ac   0x100422ac   0x00000030   Code   RO           99    .text.OLED_WriteData  oled_driver.o
    0x100422dc   0x100422dc   0x00000034   Code   RO           97    .text.OLED_WriteReg  oled_driver.o
    0x10042310   0x10042310   0x000005d0   Code   RO           45    .text.ProcessHardFault  retarget.o
    0x100428e0   0x100428e0   0x00000004   Code   RO            2    .text.SCU_IRQHandler  system_m2351.o
    0x100428e4   0x100428e4   0x0000000e   Code   RO           47    .text.SH_Return     retarget.o
    0x100428f2   0x100428f2   0x00000002   PAD
    0x100428f4   0x100428f4   0x0000002c   Code   RO           82    .text.SPI4W_Write_Byte  dev_config.o
    0x10042920   0x10042920   0x00000010   Code   RO           51    .text.SendChar      retarget.o
    0x10042930   0x10042930   0x00000048   Code   RO           49    .text.SendChar_ToUART  retarget.o
    0x10042978   0x10042978   0x00000054   Code   RO          282    .text.SysTick_Config  main_ns.o
    0x100429cc   0x100429cc   0x00000088   Code   RO          278    .text.SysTick_Handler  main_ns.o
    0x10042a54   0x10042a54   0x00000010   Code   RO            6    .text.SystemInit    system_m2351.o
    0x10042a64   0x10042a64   0x00000004   Code   RO           78    .text.System_Init   dev_config.o
    0x10042a68   0x10042a68   0x0000031c   Code   RO          219    .text.WIFI_Connect  wifi.o
    0x10042d84   0x10042d84   0x00000078   Code   RO          225    .text.WIFI_Read     wifi.o
    0x10042dfc   0x10042dfc   0x000002f0   Code   RO          229    .text.WIFI_ReceiveData  wifi.o
    0x100430ec   0x100430ec   0x00000130   Code   RO          227    .text.WIFI_SendData  wifi.o
    0x1004321c   0x1004321c   0x000002b0   Code   RO          239    .text.WIFI_Send_EncryptedDigitallySignedData  wifi.o
    0x100434cc   0x100434cc   0x00000064   Code   RO          223    .text.WIFI_Write    wifi.o
    0x10043530   0x10043530   0x00000078   Code   RO          284    .text.__NVIC_SetPriority  main_ns.o
    0x100435a8   0x100435a8   0x00000014   Code   RO           61    .text.fputc         retarget.o
    0x100435bc   0x100435bc   0x000000a4   Code   RO          235    .text.keyToStringKey  wifi.o
    0x10043660   0x10043660   0x000001cc   Code   RO          280    .text.main          main_ns.o
    0x1004382c   0x1004382c   0x00000038   Code   RO          215    .text.printNetworkData  wifi.o
    0x10043864   0x10043864   0x0000000c   Ven    RO          435    Veneer$$Code        anon$$obj.o
    0x10043870   0x10043870   0x0000000c   Ven    RO          436    Veneer$$Code        anon$$obj.o
    0x1004387c   0x1004387c   0x0000000c   Ven    RO          437    Veneer$$Code        anon$$obj.o
    0x10043888   0x10043888   0x0000000c   Ven    RO          438    Veneer$$Code        anon$$obj.o
    0x10043894   0x10043894   0x0000000c   Ven    RO          439    Veneer$$Code        anon$$obj.o
    0x100438a0   0x100438a0   0x0000000c   Ven    RO          440    Veneer$$Code        anon$$obj.o
    0x100438ac   0x100438ac   0x00000020   Code   RO          307    i.__0printf         mc_p.l(printfa.o)
    0x100438cc   0x100438cc   0x00000028   Code   RO          309    i.__0sprintf        mc_p.l(printfa.o)
    0x100438f4   0x100438f4   0x0000002e   Code   RO          407    i.__ARM_clz         mf_p.l(depilogue.o)
    0x10043922   0x10043922   0x0000000e   Code   RO          427    i.__scatterload_copy  mc_p.l(handlers.o)
    0x10043930   0x10043930   0x00000002   Code   RO          428    i.__scatterload_null  mc_p.l(handlers.o)
    0x10043932   0x10043932   0x0000000e   Code   RO          429    i.__scatterload_zeroinit  mc_p.l(handlers.o)
    0x10043940   0x10043940   0x00000174   Code   RO          314    i._fp_digits        mc_p.l(printfa.o)
    0x10043ab4   0x10043ab4   0x000006ec   Code   RO          315    i._printf_core      mc_p.l(printfa.o)
    0x100441a0   0x100441a0   0x00000020   Code   RO          316    i._printf_post_padding  mc_p.l(printfa.o)
    0x100441c0   0x100441c0   0x0000002c   Code   RO          317    i._printf_pre_padding  mc_p.l(printfa.o)
    0x100441ec   0x100441ec   0x0000000a   Code   RO          319    i._sputc            mc_p.l(printfa.o)
    0x100441f6   0x100441f6   0x00000002   PAD
    0x100441f8   0x100441f8   0x00000054   Code   RO          334    i.free              mc_p.l(malloc.o)
    0x1004424c   0x1004424c   0x0000006c   Code   RO          335    i.malloc            mc_p.l(malloc.o)
    0x100442b8   0x100442b8   0x00000014   Data   RO          268    .rodata..L__const.WIFI_Send_EncryptedDigitallySignedData.dsdLen  wifi.o
    0x100442cc   0x100442cc   0x00000005   Data   RO          241    .rodata.ATCommand_AT  wifi.o
    0x100442d1   0x100442d1   0x0000000e   Data   RO          256    .rodata.ATCommand_CIPMUX_SET1  wifi.o
    0x100442df   0x100442df   0x0000000e   Data   RO          260    .rodata.ATCommand_CIPSEND0  wifi.o
    0x100442ed   0x100442ed   0x0000000e   Data   RO          261    .rodata.ATCommand_CIPSEND1  wifi.o
    0x100442fb   0x100442fb   0x0000002a   Data   RO          258    .rodata.ATCommand_CIPSTART0  wifi.o
    0x10044325   0x10044325   0x0000002c   Data   RO          259    .rodata.ATCommand_CIPSTART1  wifi.o
    0x10044351   0x10044351   0x0000000f   Data   RO          253    .rodata.ATCommand_CIPSTATUS  wifi.o
    0x10044360   0x10044360   0x0000001d   Data   RO          252    .rodata.ATCommand_CIPSTA_SET  wifi.o
    0x1004437d   0x1004437d   0x0000002a   Data   RO          250    .rodata.ATCommand_CWJAP_SET  wifi.o
    0x100443a7   0x100443a7   0x0000000e   Data   RO          246    .rodata.ATCommand_CWMODE_SET1  wifi.o
    0x100443b5   0x100443b5   0x00000003   Data   RO          244    .rodata.ATCommand_END  wifi.o
    0x100443b8   0x100443b8   0x00000008   Data   RO          170    .rodata.Alarm88     oled_gui.o
    0x100443c0   0x100443c0   0x00000010   Data   RO          171    .rodata.Bat816      oled_gui.o
    0x100443d0   0x100443d0   0x00000008   Data   RO          167    .rodata.Bluetooth88  oled_gui.o
    0x100443d8   0x100443d8   0x00000474   Data   RO          187    .rodata.Font12_Table  font12.o
    0x1004484c   0x1004484c   0x00001ab8   Data   RO          208    .rodata.Font24_Table  font24.o
    0x10046304   0x10046304   0x00000002   Data   RO          266    .rodata.GET_MSG_AND  wifi.o
    0x10046306   0x10046306   0x00000012   Data   RO          263    .rodata.GET_MSG_HEAD  wifi.o
    0x10046318   0x10046318   0x0000003f   Data   RO          267    .rodata.GET_MSG_TAIL  wifi.o
    0x10046357   0x10046357   0x00000008   Data   RO          169    .rodata.GPRS88      oled_gui.o
    0x1004635f   0x1004635f   0x00000010   Data   RO          168    .rodata.Msg816      oled_gui.o
    0x1004636f   0x1004636f   0x00000010   Data   RO          166    .rodata.Signal816   oled_gui.o
    0x1004637f   0x1004637f   0x00001f06   Data   RO          172    .rodata.gImage_background  oled_gui.o
    0x10048285   0x10048285   0x0000038e   Data   RO           67    .rodata.str1.1      retarget.o
    0x10048613   0x10048613   0x00000182   Data   RO          164    .rodata.str1.1      oled_gui.o
    0x10048795   0x10048795   0x000002f5   Data   RO          264    .rodata.str1.1      wifi.o
    0x10048a8a   0x10048a8a   0x0000011c   Data   RO          286    .rodata.str1.1      main_ns.o
    0x10048ba6   0x10048ba6   0x00000002   PAD
    0x10048ba8   0x10048ba8   0x00000020   Data   RO          426    Region$$Table       anon$$obj.o


    Execution Region EXE_RAM (Exec base: 0x30008000, Load base: 0x10048bc8, Size: 0x00004bf0, Max: 0xffffffff, ABSOLUTE, COMPRESSED[0x00000218])

    Exec Addr    Load Addr    Size         Type   Attr      Idx    E Section Name        Object

    0x30008000   COMPRESSED   0x00000004   Data   RW          402    .data               mc_p.l(mvars.o)
    0x30008004   COMPRESSED   0x00000004   Data   RW          403    .data               mc_p.l(mvars.o)
    0x30008008   COMPRESSED   0x00000004   Data   RW            9    .data.CyclesPerUs   system_m2351.o
    0x3000800c   COMPRESSED   0x00000008   Data   RW          188    .data.Font12        font12.o
    0x30008014   COMPRESSED   0x00000008   Data   RW          209    .data.Font24        font24.o
    0x3000801c   COMPRESSED   0x00000014   Data   RW          265    .data.GET_MSG_BODY  wifi.o
    0x30008030   COMPRESSED   0x00000004   Data   RW            8    .data.SystemCoreClock  system_m2351.o
    0x30008034   COMPRESSED   0x00000354   Data   RW           68    .data.ip_tbl        retarget.o
    0x30008388        -       0x00004000   Zero   RW          124    .bss.Buffer         oled_driver.o
    0x3000c388        -       0x00000004   Zero   RW          287    .bss.SysTick_Handler.u32Ticks  main_ns.o
    0x3000c38c        -       0x00000054   Zero   RW           69    .bss.__stdout       retarget.o
    0x3000c3e0        -       0x0000000c   Zero   RW          123    .bss.sOLED_DIS      oled_driver.o
    0x3000c3ec   COMPRESSED   0x00000004   PAD
    0x3000c3f0        -       0x00000000   Zero   RW           19    HEAP                startup_m2351.o
    0x3000c3f0        -       0x00000800   Zero   RW           18    STACK               startup_m2351.o


==============================================================================

Image component sizes


      Code (inc. data)   RO Data    RW Data    ZI Data      Debug   Object Name

       128          8          0          0          0       2105   dev_config.o
         0          0       1140          8          0        823   font12.o
         0          0       6840          8          0        823   font24.o
        76          0          0          0          0       2107   gpio.o
       980         92        284          0          4       4852   main_ns.o
      1470         32          0          0      16396       4215   oled_driver.o
      4770        136       8400          0          0      10330   oled_gui.o
      1610        104        910        852         84       5727   retarget.o
        68         20        472          0       2048        888   startup_m2351.o
        20          8          0          8          0       1430   system_m2351.o
      3100        216       1096         20          0      11438   wifi.o

    ----------------------------------------------------------------------
     12300        640      19176        896      18536      44738   Object Totals
        72         24         32          0          0          0   (incl. Generated)
         6          0          2          0          4          0   (incl. Padding)

    ----------------------------------------------------------------------

      Code (inc. data)   RO Data    RW Data    ZI Data      Debug   Library Member Name

        86          0          0          0          0          0   __dczerorl2.o
        28          0          0          0          0         68   calloc.o
         0          0          0          0          0          0   entry.o
         0          0          0          0          0          0   entry10a.o
         0          0          0          0          0          0   entry11a.o
         8          4          0          0          0          0   entry2.o
         4          0          0          0          0          0   entry5.o
         0          0          0          0          0          0   entry7b.o
         0          0          0          0          0          0   entry8b.o
         8          4          0          0          0          0   entry9a.o
        30          0          0          0          0          0   handlers.o
        36          8          0          0          0         68   init.o
         0          0          0          0          0          0   iusefp.o
        32          0          0          0          0         68   llshl.o
        38          0          0          0          0         68   llsshr.o
        34          0          0          0          0         68   llushr.o
       192         20          0          0          0        144   malloc.o
        36          0          0          0          0        100   memseta.o
         0          0          0          8          0          0   mvars.o
      2302        102          0          0          0        556   printfa.o
        24          0          0          0          0         60   strcat.o
        18          0          0          0          0         60   strcpy.o
        14          0          0          0          0         60   strlen.o
        62          0          0          0          0         72   uidiv_div0.o
        96          0          0          0          0         84   uldiv.o
        40          2          0          0          0         68   cdrcmple.o
       356          4          0          0          0        140   dadd.o
       240          6          0          0          0         84   ddiv.o
       236          0          0          0          0        216   depilogue.o
        72         10          0          0          0         72   dfixi.o
        64         10          0          0          0         68   dfixul.o
        40          6          0          0          0         68   dflti.o
       208          6          0          0          0         88   dmul.o

    ----------------------------------------------------------------------
      4308        182          0          8          0       2280   Library Totals
         4          0          0          0          0          0   (incl. Padding)

    ----------------------------------------------------------------------

      Code (inc. data)   RO Data    RW Data    ZI Data      Debug   Library Name

      3048        138          0          8          0       1476   mc_p.l
      1256         44          0          0          0        804   mf_p.l

    ----------------------------------------------------------------------
      4308        182          0          8          0       2280   Library Totals

    ----------------------------------------------------------------------

==============================================================================


      Code (inc. data)   RO Data    RW Data    ZI Data      Debug   

     16608        822      19176        904      18536      45978   Grand Totals
     16608        822      19176        536      18536      45978   ELF Image Totals (compressed)
     16608        822      19176        536          0          0   ROM Totals

==============================================================================

    Total RO  Size (Code + RO Data)                35784 (  34.95kB)
    Total RW  Size (RW Data + ZI Data)             19440 (  18.98kB)
    Total ROM Size (Code + RO Data + RW Data)      36320 (  35.47kB)

==============================================================================

