Component: ARM Compiler 6.15 Tool: armlink [5dd79300]

==============================================================================

Section Cross References

    startup_m2351.o(RESET) refers to startup_m2351.o(STACK) for __initial_sp
    startup_m2351.o(RESET) refers to startup_m2351.o(.text) for Reset_Handler
    startup_m2351.o(RESET) refers to main.o(.text.SysTick_Handler) for SysTick_Handler
    startup_m2351.o(RESET) refers to system_m2351.o(.text.SCU_IRQHandler) for SCU_IRQHandler
    startup_m2351.o(.text) refers to system_m2351.o(.text.SystemInit) for SystemInit
    startup_m2351.o(.text) refers to entry.o(.ARM.Collect$$$$00000000) for __main
    startup_m2351.o(.text) refers to retarget.o(.text.ProcessHardFault) for ProcessHardFault
    startup_m2351.o(.text) refers to retarget.o(.text.SH_Return) for SH_Return
    system_m2351.o(.text.FMC_NSBA_Setup) refers to system_m2351.o(.text.SYS_UnlockReg) for SYS_UnlockReg
    system_m2351.o(.ARM.exidx.text.FMC_NSBA_Setup) refers to system_m2351.o(.text.FMC_NSBA_Setup) for [Anonymous Symbol]
    system_m2351.o(.ARM.exidx.text.SYS_UnlockReg) refers to system_m2351.o(.text.SYS_UnlockReg) for [Anonymous Symbol]
    system_m2351.o(.text.SCU_Setup) refers to system_m2351.o(.text.__NVIC_EnableIRQ) for __NVIC_EnableIRQ
    system_m2351.o(.ARM.exidx.text.SCU_Setup) refers to system_m2351.o(.text.SCU_Setup) for [Anonymous Symbol]
    system_m2351.o(.ARM.exidx.text.__NVIC_EnableIRQ) refers to system_m2351.o(.text.__NVIC_EnableIRQ) for [Anonymous Symbol]
    system_m2351.o(.text.SCU_IRQHandler) refers to memseta.o(.text) for __aeabi_memclr4
    system_m2351.o(.text.SCU_IRQHandler) refers to printf8.o(i.__0printf$8) for __2printf
    system_m2351.o(.text.SCU_IRQHandler) refers to system_m2351.o(.rodata.str1.1) for .L.str.5
    system_m2351.o(.text.SCU_IRQHandler) refers to system_m2351.o(.rodata..L__const.SCU_IRQHandler.ipname) for [Anonymous Symbol]
    system_m2351.o(.ARM.exidx.text.SCU_IRQHandler) refers to system_m2351.o(.text.SCU_IRQHandler) for [Anonymous Symbol]
    system_m2351.o(.ARM.exidx.text.NSC_Init) refers to system_m2351.o(.text.NSC_Init) for [Anonymous Symbol]
    system_m2351.o(.text.TZ_SAU_Setup) refers to system_m2351.o(.text.NSC_Init) for NSC_Init
    system_m2351.o(.ARM.exidx.text.TZ_SAU_Setup) refers to system_m2351.o(.text.TZ_SAU_Setup) for [Anonymous Symbol]
    system_m2351.o(.text.SystemCoreClockUpdate) refers to anon$$obj.o(Veneer$$CMSE) for CLK_GetPLLClockFreq
    system_m2351.o(.text.SystemCoreClockUpdate) refers to system_m2351.o(.data.PllClock) for PllClock
    system_m2351.o(.text.SystemCoreClockUpdate) refers to system_m2351.o(.data.SystemCoreClock) for SystemCoreClock
    system_m2351.o(.text.SystemCoreClockUpdate) refers to system_m2351.o(.data.CyclesPerUs) for CyclesPerUs
    system_m2351.o(.ARM.exidx.text.SystemCoreClockUpdate) refers to system_m2351.o(.text.SystemCoreClockUpdate) for [Anonymous Symbol]
    system_m2351.o(.text.SystemInit) refers to system_m2351.o(.text.TZ_SAU_Setup) for TZ_SAU_Setup
    system_m2351.o(.text.SystemInit) refers to system_m2351.o(.text.SCU_Setup) for SCU_Setup
    system_m2351.o(.text.SystemInit) refers to system_m2351.o(.text.FMC_NSBA_Setup) for FMC_NSBA_Setup
    system_m2351.o(.text.SystemInit) refers to startup_m2351.o(RESET) for __Vectors
    system_m2351.o(.ARM.exidx.text.SystemInit) refers to system_m2351.o(.text.SystemInit) for [Anonymous Symbol]
    system_m2351.o(.rodata..L__const.SCU_IRQHandler.ipname) refers to system_m2351.o(.rodata.str1.1) for .L.str.6
    clk.o(.ARM.exidx.text.CLK_DisableCKO) refers to clk.o(.text.CLK_DisableCKO) for [Anonymous Symbol]
    clk.o(.ARM.exidx.text.CLK_EnableCKO) refers to clk.o(.text.CLK_EnableCKO) for [Anonymous Symbol]
    clk.o(.ARM.exidx.text.CLK_PowerDown) refers to clk.o(.text.CLK_PowerDown) for [Anonymous Symbol]
    clk.o(.ARM.exidx.text.CLK_Idle) refers to clk.o(.text.CLK_Idle) for [Anonymous Symbol]
    clk.o(.ARM.exidx.text.CLK_GetHXTFreq) refers to clk.o(.text.CLK_GetHXTFreq) for [Anonymous Symbol]
    clk.o(.ARM.exidx.text.CLK_GetLXTFreq) refers to clk.o(.text.CLK_GetLXTFreq) for [Anonymous Symbol]
    clk.o(.text.CLK_GetHCLKFreq) refers to system_m2351.o(.text.SystemCoreClockUpdate) for SystemCoreClockUpdate
    clk.o(.text.CLK_GetHCLKFreq) refers to system_m2351.o(.data.SystemCoreClock) for SystemCoreClock
    clk.o(.ARM.exidx.text.CLK_GetHCLKFreq) refers to clk.o(.text.CLK_GetHCLKFreq) for [Anonymous Symbol]
    clk.o(.text.CLK_GetPCLK0Freq) refers to system_m2351.o(.text.SystemCoreClockUpdate) for SystemCoreClockUpdate
    clk.o(.text.CLK_GetPCLK0Freq) refers to system_m2351.o(.data.SystemCoreClock) for SystemCoreClock
    clk.o(.ARM.exidx.text.CLK_GetPCLK0Freq) refers to clk.o(.text.CLK_GetPCLK0Freq) for [Anonymous Symbol]
    clk.o(.text.CLK_GetPCLK1Freq) refers to system_m2351.o(.text.SystemCoreClockUpdate) for SystemCoreClockUpdate
    clk.o(.text.CLK_GetPCLK1Freq) refers to system_m2351.o(.data.SystemCoreClock) for SystemCoreClock
[...]
    Removing clk.o(.ARM.exidx.text.CLK_DisableCKO), (8 bytes).
    Removing clk.o(.text.CLK_EnableCKO), (40 bytes).
    Removing clk.o(.ARM.exidx.text.CLK_EnableCKO), (8 bytes).
    Removing clk.o(.text.CLK_PowerDown), (32 bytes).
    Removing clk.o(.ARM.exidx.text.CLK_PowerDown), (8 bytes).
    Removing clk.o(.text.CLK_Idle), (32 bytes).
    Removing clk.o(.ARM.exidx.text.CLK_Idle), (8 bytes).
    Removing clk.o(.ARM.exidx.text.CLK_GetHXTFreq), (8 bytes).
    Removing clk.o(.ARM.exidx.text.CLK_GetLXTFreq), (8 bytes).
    Removing clk.o(.ARM.exidx.text.CLK_GetHCLKFreq), (8 bytes).
    Removing clk.o(.ARM.exidx.text.CLK_GetPCLK0Freq), (8 bytes).
    Removing clk.o(.ARM.exidx.text.CLK_GetPCLK1Freq), (8 bytes).
    Removing clk.o(.ARM.exidx.text.CLK_GetCPUFreq), (8 bytes).
    Removing clk.o(.text.CLK_SetCoreClock), (168 bytes).
    Removing clk.o(.ARM.exidx.text.CLK_SetCoreClock), (8 bytes).
    Removing clk.o(.ARM.exidx.text.CLK_WaitClockReady), (8 bytes).
    Removing clk.o(.text.CLK_EnablePLL), (336 bytes).
    Removing clk.o(.ARM.exidx.text.CLK_EnablePLL), (8 bytes).
    Removing clk.o(.ARM.exidx.text.CLK_SetHCLK), (8 bytes).
    Removing clk.o(.text.CLK_SetModuleClock), (104 bytes).
    Removing clk.o(.ARM.exidx.text.CLK_SetModuleClock), (8 bytes).
    Removing clk.o(.text.CLK_SetSysTickClockSrc), (20 bytes).
    Removing clk.o(.ARM.exidx.text.CLK_SetSysTickClockSrc), (8 bytes).
    Removing clk.o(.ARM.exidx.text.CLK_EnableXtalRC), (8 bytes).
    Removing clk.o(.text.CLK_DisableXtalRC), (16 bytes).
    Removing clk.o(.ARM.exidx.text.CLK_DisableXtalRC), (8 bytes).
    Removing clk.o(.ARM.exidx.text.CLK_EnableModuleClock), (8 bytes).
    Removing clk.o(.text.CLK_DisableModuleClock), (28 bytes).
    Removing clk.o(.ARM.exidx.text.CLK_DisableModuleClock), (8 bytes).
    Removing clk.o(.text.CLK_DisablePLL), (20 bytes).
    Removing clk.o(.ARM.exidx.text.CLK_DisablePLL), (8 bytes).
    Removing clk.o(.text.CLK_EnableSysTick), (56 bytes).
    Removing clk.o(.ARM.exidx.text.CLK_EnableSysTick), (8 bytes).
    Removing clk.o(.text.CLK_DisableSysTick), (12 bytes).
    Removing clk.o(.ARM.exidx.text.CLK_DisableSysTick), (8 bytes).
    Removing clk.o(.text.CLK_SetPowerDownMode), (20 bytes).
    Removing clk.o(.ARM.exidx.text.CLK_SetPowerDownMode), (8 bytes).
    Removing clk.o(.text.CLK_EnableDPDWKPin), (20 bytes).
    Removing clk.o(.ARM.exidx.text.CLK_EnableDPDWKPin), (8 bytes).
    Removing clk.o(.text.CLK_GetPMUWKSrc), (12 bytes).
    Removing clk.o(.ARM.exidx.text.CLK_GetPMUWKSrc), (8 bytes).
    Removing clk.o(.text.CLK_EnableSPDWKPin), (36 bytes).
    Removing clk.o(.ARM.exidx.text.CLK_EnableSPDWKPin), (8 bytes).
    Removing clk.o(.ARM.exidx.text.CLK_GetPLLClockFreq), (8 bytes).
    Removing clk.o(.ARM.exidx.text.CLK_GetModuleClockSource), (8 bytes).
    Removing clk.o(.ARM.exidx.text.CLK_GetModuleClockDivider), (8 bytes).
    Removing i2c.o(.text), (0 bytes).
    Removing i2c.o(.ARM.exidx.text.I2C_Open), (8 bytes).
    Removing i2c.o(.text.I2C_Close), (96 bytes).
    Removing i2c.o(.ARM.exidx.text.I2C_Close), (8 bytes).
    Removing i2c.o(.text.I2C_ClearTimeoutFlag), (10 bytes).
    Removing i2c.o(.ARM.exidx.text.I2C_ClearTimeoutFlag), (8 bytes).
    Removing i2c.o(.text.I2C_Trigger), (34 bytes).
    Removing i2c.o(.ARM.exidx.text.I2C_Trigger), (8 bytes).
    Removing i2c.o(.text.I2C_DisableInt), (10 bytes).
    Removing i2c.o(.ARM.exidx.text.I2C_DisableInt), (8 bytes).
    Removing i2c.o(.text.I2C_EnableInt), (10 bytes).
    Removing i2c.o(.ARM.exidx.text.I2C_EnableInt), (8 bytes).
    Removing i2c.o(.ARM.exidx.text.I2C_GetBusClockFreq), (8 bytes).
    Removing i2c.o(.text.I2C_SetBusClockFreq), (64 bytes).
    Removing i2c.o(.ARM.exidx.text.I2C_SetBusClockFreq), (8 bytes).
    Removing i2c.o(.text.I2C_GetIntFlag), (8 bytes).
    Removing i2c.o(.ARM.exidx.text.I2C_GetIntFlag), (8 bytes).
    Removing i2c.o(.text.I2C_GetStatus), (4 bytes).
    Removing i2c.o(.ARM.exidx.text.I2C_GetStatus), (8 bytes).
    Removing i2c.o(.text.I2C_GetData), (6 bytes).
    Removing i2c.o(.ARM.exidx.text.I2C_GetData), (8 bytes).
    Removing i2c.o(.text.I2C_SetData), (4 bytes).
    Removing i2c.o(.ARM.exidx.text.I2C_SetData), (8 bytes).
    Removing i2c.o(.ARM.exidx.text.I2C_SetSlaveAddr), (8 bytes).
    Removing i2c.o(.text.I2C_SetSlaveAddrMask), (36 bytes).
    Removing i2c.o(.ARM.exidx.text.I2C_SetSlaveAddrMask), (8 bytes).
    Removing i2c.o(.text.I2C_EnableTimeout), (26 bytes).
    Removing i2c.o(.ARM.exidx.text.I2C_EnableTimeout), (8 bytes).
    Removing i2c.o(.text.I2C_DisableTimeout), (10 bytes).
    Removing i2c.o(.ARM.exidx.text.I2C_DisableTimeout), (8 bytes).
    Removing i2c.o(.text.I2C_EnableWakeup), (10 bytes).
    Removing i2c.o(.ARM.exidx.text.I2C_EnableWakeup), (8 bytes).
    Removing i2c.o(.text.I2C_DisableWakeup), (10 bytes).
    Removing i2c.o(.ARM.exidx.text.I2C_DisableWakeup), (8 bytes).
    Removing i2c.o(.text.I2C_SMBusGetStatus), (4 bytes).
    Removing i2c.o(.ARM.exidx.text.I2C_SMBusGetStatus), (8 bytes).
    Removing i2c.o(.text.I2C_SMBusClearInterruptFlag), (4 bytes).
    Removing i2c.o(.ARM.exidx.text.I2C_SMBusClearInterruptFlag), (8 bytes).
    Removing i2c.o(.text.I2C_SMBusSetPacketByteCount), (4 bytes).
    Removing i2c.o(.ARM.exidx.text.I2C_SMBusSetPacketByteCount), (8 bytes).
    Removing i2c.o(.text.I2C_SMBusOpen), (26 bytes).
    Removing i2c.o(.ARM.exidx.text.I2C_SMBusOpen), (8 bytes).
    Removing i2c.o(.text.I2C_SMBusClose), (6 bytes).
    Removing i2c.o(.ARM.exidx.text.I2C_SMBusClose), (8 bytes).
    Removing i2c.o(.text.I2C_SMBusPECTxEnable), (28 bytes).
    Removing i2c.o(.ARM.exidx.text.I2C_SMBusPECTxEnable), (8 bytes).
    Removing i2c.o(.text.I2C_SMBusGetPECValue), (6 bytes).
    Removing i2c.o(.ARM.exidx.text.I2C_SMBusGetPECValue), (8 bytes).
    Removing i2c.o(.text.I2C_SMBusIdleTimeout), (40 bytes).
    Removing i2c.o(.ARM.exidx.text.I2C_SMBusIdleTimeout), (8 bytes).
    Removing i2c.o(.text.I2C_SMBusTimeout), (54 bytes).
    Removing i2c.o(.ARM.exidx.text.I2C_SMBusTimeout), (8 bytes).
    Removing i2c.o(.text.I2C_SMBusClockLoTimeout), (54 bytes).
    Removing i2c.o(.ARM.exidx.text.I2C_SMBusClockLoTimeout), (8 bytes).
    Removing i2c.o(.text.I2C_WriteByte), (96 bytes).
    Removing i2c.o(.ARM.exidx.text.I2C_WriteByte), (8 bytes).
    Removing i2c.o(.text.I2C_WriteMultiBytes), (108 bytes).
    Removing i2c.o(.ARM.exidx.text.I2C_WriteMultiBytes), (8 bytes).
    Removing i2c.o(.ARM.exidx.text.I2C_WriteByteOneReg), (8 bytes).
    Removing i2c.o(.text.I2C_WriteMultiBytesOneReg), (118 bytes).
    Removing i2c.o(.ARM.exidx.text.I2C_WriteMultiBytesOneReg), (8 bytes).
    Removing i2c.o(.text.I2C_WriteByteTwoRegs), (136 bytes).
    Removing i2c.o(.ARM.exidx.text.I2C_WriteByteTwoRegs), (8 bytes).
    Removing i2c.o(.text.I2C_WriteMultiBytesTwoRegs), (142 bytes).
    Removing i2c.o(.ARM.exidx.text.I2C_WriteMultiBytesTwoRegs), (8 bytes).
    Removing i2c.o(.text.I2C_ReadByte), (150 bytes).
    Removing i2c.o(.ARM.exidx.text.I2C_ReadByte), (8 bytes).
    Removing i2c.o(.text.I2C_ReadMultiBytes), (178 bytes).
    Removing i2c.o(.ARM.exidx.text.I2C_ReadMultiBytes), (8 bytes).
    Removing i2c.o(.text.I2C_ReadByteOneReg), (186 bytes).
    Removing i2c.o(.ARM.exidx.text.I2C_ReadByteOneReg), (8 bytes).
    Removing i2c.o(.text.I2C_ReadMultiBytesOneReg), (224 bytes).
    Removing i2c.o(.ARM.exidx.text.I2C_ReadMultiBytesOneReg), (8 bytes).
    Removing i2c.o(.text.I2C_ReadByteTwoRegs), (216 bytes).
    Removing i2c.o(.ARM.exidx.text.I2C_ReadByteTwoRegs), (8 bytes).
    Removing i2c.o(.text.I2C_ReadMultiBytesTwoRegs), (252 bytes).
    Removing i2c.o(.ARM.exidx.text.I2C_ReadMultiBytesTwoRegs), (8 bytes).
    Removing retarget.o(.text), (0 bytes).
    Removing retarget.o(.ARM.exidx.text.ProcessHardFault), (8 bytes).
    Removing retarget.o(.ARM.exidx.text.SH_Return), (8 bytes).
    Removing retarget.o(.ARM.exidx.text.SendChar_ToUART), (8 bytes).
    Removing retarget.o(.ARM.exidx.text.SendChar), (8 bytes).
    Removing retarget.o(.text.GetChar), (20 bytes).
    Removing retarget.o(.ARM.exidx.text.GetChar), (8 bytes).
    Removing retarget.o(.text.kbhit), (16 bytes).
    Removing retarget.o(.ARM.exidx.text.kbhit), (8 bytes).
    Removing retarget.o(.text.IsDebugFifoEmpty), (16 bytes).
    Removing retarget.o(.ARM.exidx.text.IsDebugFifoEmpty), (8 bytes).
    Removing retarget.o(.text._ttywrch), (8 bytes).
    Removing retarget.o(.ARM.exidx.text._ttywrch), (8 bytes).
    Removing retarget.o(.ARM.exidx.text.fputc), (8 bytes).
    Removing retarget.o(.text.fgetc), (8 bytes).
    Removing retarget.o(.ARM.exidx.text.fgetc), (8 bytes).
    Removing retarget.o(.text.ferror), (6 bytes).
    Removing retarget.o(.ARM.exidx.text.ferror), (8 bytes).
    Removing retarget.o(.bss.__stdin), (84 bytes).
    Removing sys.o(.text), (0 bytes).
    Removing sys.o(.text.SYS_ClearResetSrc), (12 bytes).
    Removing sys.o(.ARM.exidx.text.SYS_ClearResetSrc), (8 bytes).
    Removing sys.o(.text.SYS_GetBODStatus), (16 bytes).
    Removing sys.o(.ARM.exidx.text.SYS_GetBODStatus), (8 bytes).
    Removing sys.o(.text.SYS_GetResetSrc), (12 bytes).
    Removing sys.o(.ARM.exidx.text.SYS_GetResetSrc), (8 bytes).
    Removing sys.o(.text.SYS_IsRegLocked), (16 bytes).
    Removing sys.o(.ARM.exidx.text.SYS_IsRegLocked), (8 bytes).
    Removing sys.o(.text.SYS_ReadPDID), (8 bytes).
    Removing sys.o(.ARM.exidx.text.SYS_ReadPDID), (8 bytes).
    Removing sys.o(.text.SYS_ResetChip), (16 bytes).
    Removing sys.o(.ARM.exidx.text.SYS_ResetChip), (8 bytes).
    Removing sys.o(.text.SYS_ResetCPU), (16 bytes).
    Removing sys.o(.ARM.exidx.text.SYS_ResetCPU), (8 bytes).
    Removing sys.o(.text.SYS_ResetModule), (28 bytes).
    Removing sys.o(.ARM.exidx.text.SYS_ResetModule), (8 bytes).
    Removing sys.o(.text.SYS_EnableBOD), (40 bytes).
    Removing sys.o(.ARM.exidx.text.SYS_EnableBOD), (8 bytes).
    Removing sys.o(.text.SYS_DisableBOD), (16 bytes).
    Removing sys.o(.ARM.exidx.text.SYS_DisableBOD), (8 bytes).
    Removing sys.o(.text.SYS_SetPowerLevel), (20 bytes).
    Removing sys.o(.ARM.exidx.text.SYS_SetPowerLevel), (8 bytes).
    Removing sys.o(.text.SYS_SetPowerRegulator), (104 bytes).
    Removing sys.o(.ARM.exidx.text.SYS_SetPowerRegulator), (8 bytes).
    Removing sys.o(.text.SYS_SetSSRAMPowerMode), (40 bytes).
    Removing sys.o(.ARM.exidx.text.SYS_SetSSRAMPowerMode), (8 bytes).
    Removing sys.o(.text.SYS_SetPSRAMPowerMode), (40 bytes).
    Removing sys.o(.ARM.exidx.text.SYS_SetPSRAMPowerMode), (8 bytes).
    Removing uart.o(.text), (0 bytes).
    Removing uart.o(.text.UART_ClearIntFlag), (80 bytes).
    Removing uart.o(.ARM.exidx.text.UART_ClearIntFlag), (8 bytes).
    Removing uart.o(.text.UART_Close), (6 bytes).
    Removing uart.o(.ARM.exidx.text.UART_Close), (8 bytes).
    Removing uart.o(.text.UART_DisableFlowCtrl), (12 bytes).
    Removing uart.o(.ARM.exidx.text.UART_DisableFlowCtrl), (8 bytes).
    Removing uart.o(.text.UART_DisableInt), (184 bytes).
    Removing uart.o(.ARM.exidx.text.UART_DisableInt), (8 bytes).
    Removing uart.o(.text.__NVIC_DisableIRQ), (36 bytes).
    Removing uart.o(.ARM.exidx.text.__NVIC_DisableIRQ), (8 bytes).
    Removing uart.o(.text.UART_EnableFlowCtrl), (32 bytes).
    Removing uart.o(.ARM.exidx.text.UART_EnableFlowCtrl), (8 bytes).
    Removing uart.o(.text.UART_EnableInt), (184 bytes).
    Removing uart.o(.ARM.exidx.text.UART_EnableInt), (8 bytes).
    Removing uart.o(.text.__NVIC_EnableIRQ), (28 bytes).
    Removing uart.o(.ARM.exidx.text.__NVIC_EnableIRQ), (8 bytes).
    Removing uart.o(.text.UART_Open), (312 bytes).
    Removing uart.o(.ARM.exidx.text.UART_Open), (8 bytes).
    Removing uart.o(.text.UART_Read), (44 bytes).
    Removing uart.o(.ARM.exidx.text.UART_Read), (8 bytes).
    Removing uart.o(.text.UART_SetLineConfig), (316 bytes).
    Removing uart.o(.ARM.exidx.text.UART_SetLineConfig), (8 bytes).
    Removing uart.o(.text.UART_SetTimeoutCnt), (22 bytes).
    Removing uart.o(.ARM.exidx.text.UART_SetTimeoutCnt), (8 bytes).
    Removing uart.o(.text.UART_SelectIrDAMode), (324 bytes).
    Removing uart.o(.ARM.exidx.text.UART_SelectIrDAMode), (8 bytes).
    Removing uart.o(.text.UART_SelectRS485Mode), (32 bytes).
    Removing uart.o(.ARM.exidx.text.UART_SelectRS485Mode), (8 bytes).
    Removing uart.o(.text.UART_SelectLINMode), (24 bytes).
    Removing uart.o(.ARM.exidx.text.UART_SelectLINMode), (8 bytes).
    Removing uart.o(.text.UART_Write), (52 bytes).
    Removing uart.o(.ARM.exidx.text.UART_Write), (8 bytes).
    Removing uart.o(.rodata.cst16), (48 bytes).
    Removing gpio.o(.text), (0 bytes).
    Removing gpio.o(.ARM.exidx.text.GPIO_SetMode), (8 bytes).
    Removing gpio.o(.text.GPIO_EnableInt), (44 bytes).
    Removing gpio.o(.ARM.exidx.text.GPIO_EnableInt), (8 bytes).
    Removing gpio.o(.text.GPIO_DisableInt), (28 bytes).
    Removing gpio.o(.ARM.exidx.text.GPIO_DisableInt), (8 bytes).
    Removing gpio.o(.text.GPIO_SetSlewCtl), (52 bytes).
    Removing gpio.o(.ARM.exidx.text.GPIO_SetSlewCtl), (8 bytes).
    Removing gpio.o(.text.GPIO_SetPullCtl), (52 bytes).
    Removing gpio.o(.ARM.exidx.text.GPIO_SetPullCtl), (8 bytes).
    Removing i2c_max30102.o(.text), (0 bytes).
    Removing i2c_max30102.o(.text.Get_Data_From_MAX30102), (108 bytes).
    Removing i2c_max30102.o(.ARM.exidx.text.Get_Data_From_MAX30102), (8 bytes).
    Removing i2c_max30102.o(.ARM.exidx.text.Config_MAX30102), (8 bytes).
    Removing i2c_max30102.o(.bss.au8RDataBuf), (6 bytes).
    Removing i2c_max30102.o(.bss.spo2_val), (4 bytes).
    Removing main.o(.text), (0 bytes).
    Removing main.o(.text.LED_On), (68 bytes).
    Removing main.o(.ARM.exidx.text.LED_On), (8 bytes).
    Removing main.o(.text.LED_Off), (72 bytes).
    Removing main.o(.ARM.exidx.text.LED_Off), (8 bytes).
    Removing main.o(.ARM.exidx.text.SysTick_Handler), (8 bytes).
    Removing main.o(.ARM.exidx.text.I2C0_Init), (8 bytes).
    Removing main.o(.ARM.exidx.text.SYS_Init), (8 bytes).
    Removing main.o(.ARM.exidx.text.DEBUG_PORT_Init), (8 bytes).
    Removing main.o(.ARM.exidx.text.WIFI_PORT_Init), (8 bytes).
    Removing main.o(.ARM.exidx.text.Nonsecure_Init), (8 bytes).
    Removing main.o(.ARM.exidx.text.main), (8 bytes).
    Removing main.o(.ARM.exidx.text.SYS_UnlockReg), (8 bytes).
    Removing main.o(.ARM.exidx.text.SYS_LockReg), (8 bytes).
    Removing main.o(.ARM.exidx.text.SysTick_Config), (8 bytes).
    Removing main.o(.ARM.exidx.text.__NVIC_SetPriority), (8 bytes).
    Removing main.o(.ARM.use_no_argv), (4 bytes).
    Removing nsc.o(.text), (0 bytes).
    Removing nsc.o(.ARM.exidx.text.Secure_PA11_LED_On), (8 bytes).
    Removing nsc.o(.ARM.exidx.text.Secure_PA11_LED_Off), (8 bytes).
    Removing nsc.o(.ARM.exidx.text.Secure_PA12_LED_On), (8 bytes).
    Removing nsc.o(.ARM.exidx.text.Secure_PA12_LED_Off), (8 bytes).
    Removing nsc.o(.ARM.exidx.text.Secure_PA13_LED_On), (8 bytes).
    Removing nsc.o(.ARM.exidx.text.Secure_PA13_LED_Off), (8 bytes).
    Removing nsc.o(.ARM.exidx.text.GetSystemCoreClock), (8 bytes).
    Removing nsc.o(.ARM.exidx.text.Print_Pulse), (8 bytes).
    Removing nsc.o(.ARM.exidx.text.Get_Pulse), (8 bytes).
    Removing dadd.o(.text), (356 bytes).
    Removing dmul.o(.text), (208 bytes).
    Removing ddiv.o(.text), (240 bytes).
    Removing dfixul.o(.text), (64 bytes).
    Removing cdrcmple.o(.text), (40 bytes).
    Removing depilogue.o(.text), (190 bytes).
    Removing depilogue.o(i.__ARM_clz), (46 bytes).

269 unused section(s) (total 8422 bytes) removed from the image.

==============================================================================

Image Symbol Table

    Local Symbols

    Symbol Name                              Value     Ov Type        Size  Object(Section)

    ../../Library/Device/Nuvoton/M2351/Source/ARM/startup_M2351.s 0x00000000   Number         0  startup_m2351.o ABSOLUTE
    ../clib/../cmprslib/zerorunl2.c          0x00000000   Number         0  __dczerorl2.o ABSOLUTE
    ../clib/division.s                       0x00000000   Number         0  aeabi_sdivfast.o ABSOLUTE
    ../clib/division.s                       0x00000000   Number         0  aeabi_sdivfast_div0.o ABSOLUTE
    ../clib/microlib/division.c              0x00000000   Number         0  uidiv.o ABSOLUTE
    ../clib/microlib/division.c              0x00000000   Number         0  uldiv.o ABSOLUTE
    ../clib/microlib/division.c              0x00000000   Number         0  uidiv_div0.o ABSOLUTE
    ../clib/microlib/division.c              0x00000000   Number         0  idiv_div0.o ABSOLUTE
    ../clib/microlib/division.c              0x00000000   Number         0  idiv0.o ABSOLUTE
    ../clib/microlib/init/entry.s            0x00000000   Number         0  entry.o ABSOLUTE
    ../clib/microlib/init/entry.s            0x00000000   Number         0  entry2.o ABSOLUTE
    ../clib/microlib/init/entry.s            0x00000000   Number         0  entry5.o ABSOLUTE
    ../clib/microlib/init/entry.s            0x00000000   Number         0  entry7a.o ABSOLUTE
    ../clib/microlib/init/entry.s            0x00000000   Number         0  entry7b.o ABSOLUTE
    ../clib/microlib/init/entry.s            0x00000000   Number         0  entry8a.o ABSOLUTE
    ../clib/microlib/init/entry.s            0x00000000   Number         0  entry8b.o ABSOLUTE
    ../clib/microlib/init/entry.s            0x00000000   Number         0  entry9a.o ABSOLUTE
    ../clib/microlib/init/entry.s            0x00000000   Number         0  entry9b.o ABSOLUTE
    ../clib/microlib/init/entry.s            0x00000000   Number         0  entry10a.o ABSOLUTE
    ../clib/microlib/init/entry.s            0x00000000   Number         0  entry10b.o ABSOLUTE
    ../clib/microlib/init/entry.s            0x00000000   Number         0  entry11a.o ABSOLUTE
    ../clib/microlib/init/entry.s            0x00000000   Number         0  entry11b.o ABSOLUTE
    ../clib/microlib/longlong.c              0x00000000   Number         0  llshl.o ABSOLUTE
    ../clib/microlib/longlong.c              0x00000000   Number         0  llushr.o ABSOLUTE
    ../clib/microlib/longlong.c              0x00000000   Number         0  llsshr.o ABSOLUTE
    ../clib/microlib/printf/printf.c         0x00000000   Number         0  printfb.o ABSOLUTE
    ../clib/microlib/printf/printf.c         0x00000000   Number         0  printf0.o ABSOLUTE
    ../clib/microlib/printf/printf.c         0x00000000   Number         0  printf1.o ABSOLUTE
    ../clib/microlib/printf/printf.c         0x00000000   Number         0  printf2.o ABSOLUTE
    ../clib/microlib/printf/printf.c         0x00000000   Number         0  printf3.o ABSOLUTE
    ../clib/microlib/printf/printf.c         0x00000000   Number         0  printf4.o ABSOLUTE
    ../clib/microlib/printf/printf.c         0x00000000   Number         0  printf5.o ABSOLUTE
    ../clib/microlib/printf/printf.c         0x00000000   Number         0  printf6.o ABSOLUTE
    ../clib/microlib/printf/printf.c         0x00000000   Number         0  printf7.o ABSOLUTE
    ../clib/microlib/printf/printf.c         0x00000000   Number         0  printf8.o ABSOLUTE
    ../clib/microlib/printf/printf.c         0x00000000   Number         0  printfa.o ABSOLUTE
    ../clib/microlib/printf/stubs.s          0x00000000   Number         0  printfstubs.o ABSOLUTE
    ../clib/microlib/stdio/puts.c            0x00000000   Number         0  puts.o ABSOLUTE
    ../clib/microlib/stdio/puts.c            0x00000000   Number         0  puts_e.o ABSOLUTE
    ../clib/microlib/string/memset.c         0x00000000   Number         0  memseta.o ABSOLUTE
    ../clib/microlib/stubs.s                 0x00000000   Number         0  iusefp.o ABSOLUTE
    ../fplib/microlib/fpadd.c                0x00000000   Number         0  dadd.o ABSOLUTE
    ../fplib/microlib/fpdiv.c                0x00000000   Number         0  ddiv.o ABSOLUTE
    ../fplib/microlib/fpepilogue.c           0x00000000   Number         0  depilogue.o ABSOLUTE
    ../fplib/microlib/fpfix.c                0x00000000   Number         0  dfixul.o ABSOLUTE
    ../fplib/microlib/fpmul.c                0x00000000   Number         0  dmul.o ABSOLUTE
    cdrcmple.s                               0x00000000   Number         0  cdrcmple.o ABSOLUTE
    clk.c                                    0x00000000   Number         0  clk.o ABSOLUTE
    dc.s                                     0x00000000   Number         0  dc.o ABSOLUTE
    gpio.c                                   0x00000000   Number         0  gpio.o ABSOLUTE
    handlers.s                               0x00000000   Number         0  handlers.o ABSOLUTE
    i2c.c                                    0x00000000   Number         0  i2c.o ABSOLUTE
    i2c_max30102.c                           0x00000000   Number         0  i2c_max30102.o ABSOLUTE
    init.s                                   0x00000000   Number         0  init.o ABSOLUTE
    main.c                                   0x00000000   Number         0  main.o ABSOLUTE
    nsc.c                                    0x00000000   Number         0  nsc.o ABSOLUTE
    retarget.c                               0x00000000   Number         0  retarget.o ABSOLUTE
    sys.c                                    0x00000000   Number         0  sys.o ABSOLUTE
    system_M2351.c                           0x00000000   Number         0  system_m2351.o ABSOLUTE
    uart.c                                   0x00000000   Number         0  uart.o ABSOLUTE
    RESET                                    0x00000000   Section      472  startup_m2351.o(RESET)
    .ARM.Collect$$$$00000000                 0x000001d8   Section        0  entry.o(.ARM.Collect$$$$00000000)
    .ARM.Collect$$$$00000001                 0x000001d8   Section        4  entry2.o(.ARM.Collect$$$$00000001)
    .ARM.Collect$$$$00000004                 0x000001dc   Section        4  entry5.o(.ARM.Collect$$$$00000004)
    .ARM.Collect$$$$00000008                 0x000001e0   Section        0  entry7b.o(.ARM.Collect$$$$00000008)
    .ARM.Collect$$$$0000000A                 0x000001e0   Section        0  entry8b.o(.ARM.Collect$$$$0000000A)
    .ARM.Collect$$$$0000000B                 0x000001e0   Section        8  entry9a.o(.ARM.Collect$$$$0000000B)
    __lit__00000000                          0x000001e8   Data           4  entry2.o(.ARM.Collect$$$$00002712)
    .ARM.Collect$$$$0000000D                 0x000001e8   Section        0  entry10a.o(.ARM.Collect$$$$0000000D)
    .ARM.Collect$$$$0000000F                 0x000001e8   Section        0  entry11a.o(.ARM.Collect$$$$0000000F)
    .ARM.Collect$$$$00002712                 0x000001e8   Section        4  entry2.o(.ARM.Collect$$$$00002712)
    .text                                    0x000001ec   Section       68  startup_m2351.o(.text)
    .text                                    0x00000230   Section        0  memseta.o(.text)
    .text                                    0x00000254   Section        0  uldiv.o(.text)
    .text                                    0x000002b4   Section       36  init.o(.text)
    .text                                    0x000002d8   Section        0  llshl.o(.text)
    .text                                    0x000002f8   Section        0  llushr.o(.text)
    .text                                    0x0000031a   Section        0  __dczerorl2.o(.text)
    [Anonymous Symbol]                       0x00000370   Section        0  clk.o(.text.CLK_EnableModuleClock)
    __arm_cp.18_0                            0x00000388   Number         4  clk.o(.text.CLK_EnableModuleClock)
    [Anonymous Symbol]                       0x0000038c   Section        0  clk.o(.text.CLK_EnableXtalRC)
    [Anonymous Symbol]                       0x00000398   Section        0  clk.o(.text.CLK_GetCPUFreq)
    __arm_cp.9_0                             0x00000448   Number         4  clk.o(.text.CLK_GetCPUFreq)
    __arm_cp.9_1                             0x0000044c   Number         4  clk.o(.text.CLK_GetCPUFreq)
    __arm_cp.9_3                             0x00000454   Number         4  clk.o(.text.CLK_GetCPUFreq)
    __arm_cp.9_4                             0x00000458   Number         4  clk.o(.text.CLK_GetCPUFreq)
    __arm_cp.9_5                             0x0000045c   Number         4  clk.o(.text.CLK_GetCPUFreq)
    __arm_cp.9_8                             0x00000480   Number         4  clk.o(.text.CLK_GetCPUFreq)
    __arm_cp.9_9                             0x00000484   Number         4  clk.o(.text.CLK_GetCPUFreq)
    __arm_cp.9_10                            0x00000488   Number         4  clk.o(.text.CLK_GetCPUFreq)
    [Anonymous Symbol]                       0x0000048c   Section        0  clk.o(.text.CLK_GetHCLKFreq)
    [Anonymous Symbol]                       0x000004ac   Section        0  clk.o(.text.CLK_GetHXTFreq)
    [Anonymous Symbol]                       0x000004c8   Section        0  clk.o(.text.CLK_GetLXTFreq)
    [Anonymous Symbol]                       0x000004e4   Section        0  clk.o(.text.CLK_GetModuleClockDivider)
    __arm_cp.29_1                            0x00000530   Number         4  clk.o(.text.CLK_GetModuleClockDivider)
    [Anonymous Symbol]                       0x00000534   Section        0  clk.o(.text.CLK_GetModuleClockSource)
    __arm_cp.28_0                            0x000005ac   Number         4  clk.o(.text.CLK_GetModuleClockSource)
    __arm_cp.28_1                            0x000005b0   Number         4  clk.o(.text.CLK_GetModuleClockSource)
    [Anonymous Symbol]                       0x000005c4   Section        0  clk.o(.text.CLK_GetPCLK0Freq)
    [Anonymous Symbol]                       0x000005ec   Section        0  clk.o(.text.CLK_GetPCLK1Freq)
    __arm_cp.8_0                             0x00000614   Number         4  clk.o(.text.CLK_GetPCLK1Freq)
    __arm_cp.8_1                             0x00000618   Number         4  clk.o(.text.CLK_GetPCLK1Freq)
    [Anonymous Symbol]                       0x0000061c   Section        0  clk.o(.text.CLK_GetPLLClockFreq)
    __arm_cp.27_0                            0x00000660   Number         4  clk.o(.text.CLK_GetPLLClockFreq)
    __arm_cp.27_1                            0x00000664   Number         4  clk.o(.text.CLK_GetPLLClockFreq)
    __arm_cp.27_3                            0x0000066c   Number         4  clk.o(.text.CLK_GetPLLClockFreq)
    [Anonymous Symbol]                       0x00000670   Section        0  clk.o(.text.CLK_SetHCLK)
    __arm_cp.13_0                            0x000006dc   Number         4  clk.o(.text.CLK_SetHCLK)
    __arm_cp.13_1                            0x000006e0   Number         4  clk.o(.text.CLK_SetHCLK)
    __arm_cp.13_2                            0x000006e4   Number         4  clk.o(.text.CLK_SetHCLK)
    [Anonymous Symbol]                       0x000006e8   Section        0  clk.o(.text.CLK_WaitClockReady)
    __arm_cp.11_0                            0x00000704   Number         4  clk.o(.text.CLK_WaitClockReady)
    __arm_cp.11_1                            0x00000708   Number         4  clk.o(.text.CLK_WaitClockReady)
    [Anonymous Symbol]                       0x0000070c   Section        0  i2c_max30102.o(.text.Config_MAX30102)
    __arm_cp.1_0                             0x0000078c   Number         4  i2c_max30102.o(.text.Config_MAX30102)
    __arm_cp.1_1                             0x00000790   Number         4  i2c_max30102.o(.text.Config_MAX30102)
    __arm_cp.1_2                             0x00000794   Number         4  i2c_max30102.o(.text.Config_MAX30102)
    __arm_cp.1_3                             0x00000798   Number         4  i2c_max30102.o(.text.Config_MAX30102)
    __arm_cp.1_4                             0x0000079c   Number         4  i2c_max30102.o(.text.Config_MAX30102)
    __arm_cp.1_5                             0x000007a0   Number         4  i2c_max30102.o(.text.Config_MAX30102)
    __arm_cp.1_6                             0x000007a4   Number         4  i2c_max30102.o(.text.Config_MAX30102)
    [Anonymous Symbol]                       0x00000818   Section        0  main.o(.text.DEBUG_PORT_Init)
    __arm_cp.5_0                             0x00000824   Number         4  main.o(.text.DEBUG_PORT_Init)
    __arm_cp.5_1                             0x00000828   Number         4  main.o(.text.DEBUG_PORT_Init)
    [Anonymous Symbol]                       0x0000082c   Section        0  system_m2351.o(.text.FMC_NSBA_Setup)
    __arm_cp.0_0                             0x00000888   Number         4  system_m2351.o(.text.FMC_NSBA_Setup)
    __arm_cp.0_1                             0x0000088c   Number         4  system_m2351.o(.text.FMC_NSBA_Setup)
    __arm_cp.0_2                             0x00000890   Number         4  system_m2351.o(.text.FMC_NSBA_Setup)
    __arm_cp.0_3                             0x00000894   Number         4  system_m2351.o(.text.FMC_NSBA_Setup)
    [Anonymous Symbol]                       0x00000898   Section        0  gpio.o(.text.GPIO_SetMode)
    [Anonymous Symbol]                       0x000008cc   Section        0  nsc.o(.text.GetSystemCoreClock)
    __arm_cp.6_0                             0x000008e0   Number         4  nsc.o(.text.GetSystemCoreClock)
    [Anonymous Symbol]                       0x000008e4   Section        0  nsc.o(.text.Get_Pulse)
    [Anonymous Symbol]                       0x000008f8   Section        0  main.o(.text.I2C0_Init)
    __arm_cp.3_0                             0x00000920   Number         4  main.o(.text.I2C0_Init)
    __arm_cp.3_1                             0x00000924   Number         4  main.o(.text.I2C0_Init)
    [Anonymous Symbol]                       0x0000093c   Section        0  i2c.o(.text.I2C_GetBusClockFreq)
    [Anonymous Symbol]                       0x00000960   Section        0  i2c.o(.text.I2C_Open)
    __arm_cp.0_0                             0x000009a4   Number         4  i2c.o(.text.I2C_Open)
    [Anonymous Symbol]                       0x000009a8   Section        0  i2c.o(.text.I2C_SetSlaveAddr)
    [Anonymous Symbol]                       0x000009d4   Section        0  i2c.o(.text.I2C_WriteByteOneReg)
    [Anonymous Symbol]                       0x00000a48   Section        0  system_m2351.o(.text.NSC_Init)
    __arm_cp.5_0                             0x00000a64   Number         4  system_m2351.o(.text.NSC_Init)
    __arm_cp.5_1                             0x00000a68   Number         4  system_m2351.o(.text.NSC_Init)
    __arm_cp.5_2                             0x00000a6c   Number         4  system_m2351.o(.text.NSC_Init)
    [Anonymous Symbol]                       0x00000a70   Section        0  main.o(.text.Nonsecure_Init)
    __arm_cp.7_0                             0x00000b28   Number         4  main.o(.text.Nonsecure_Init)
    __arm_cp.7_1                             0x00000b2c   Number         4  main.o(.text.Nonsecure_Init)
    __arm_cp.7_4                             0x00000b74   Number         4  main.o(.text.Nonsecure_Init)
    __arm_cp.7_5                             0x00000b78   Number         4  main.o(.text.Nonsecure_Init)
    __arm_cp.7_6                             0x00000b7c   Number         4  main.o(.text.Nonsecure_Init)
    __arm_cp.7_7                             0x00000b80   Number         4  main.o(.text.Nonsecure_Init)
    [Anonymous Symbol]                       0x00000ba0   Section        0  nsc.o(.text.Print_Pulse)
    __arm_cp.7_0                             0x00000bc4   Number         4  nsc.o(.text.Print_Pulse)
    [Anonymous Symbol]                       0x00000be0   Section        0  retarget.o(.text.ProcessHardFault)
    __arm_cp.0_0                             0x00000db0   Number         4  retarget.o(.text.ProcessHardFault)
    __arm_cp.0_2                             0x00000de0   Number         4  retarget.o(.text.ProcessHardFault)
    __arm_cp.0_3                             0x00000de4   Number         4  retarget.o(.text.ProcessHardFault)
    __arm_cp.0_4                             0x00000de8   Number         4  retarget.o(.text.ProcessHardFault)
    __arm_cp.0_5                             0x00000dec   Number         4  retarget.o(.text.ProcessHardFault)
    __arm_cp.0_6                             0x00000df0   Number         4  retarget.o(.text.ProcessHardFault)
    __arm_cp.0_9                             0x00000e40   Number         4  retarget.o(.text.ProcessHardFault)
    __arm_cp.0_10                            0x00000e44   Number         4  retarget.o(.text.ProcessHardFault)
    __arm_cp.0_11                            0x00000e48   Number         4  retarget.o(.text.ProcessHardFault)
    __arm_cp.0_12                            0x00000e4c   Number         4  retarget.o(.text.ProcessHardFault)
    __arm_cp.0_13                            0x00000e50   Number         4  retarget.o(.text.ProcessHardFault)
    __arm_cp.0_14                            0x00000e54   Number         4  retarget.o(.text.ProcessHardFault)
    __arm_cp.0_15                            0x00000e58   Number         4  retarget.o(.text.ProcessHardFault)
    __arm_cp.0_16                            0x00000e5c   Number         4  retarget.o(.text.ProcessHardFault)
    __arm_cp.0_17                            0x00000e60   Number         4  retarget.o(.text.ProcessHardFault)
    __arm_cp.0_18                            0x00000e64   Number         4  retarget.o(.text.ProcessHardFault)
    [Anonymous Symbol]                       0x00000e68   Section        0  system_m2351.o(.text.SCU_IRQHandler)
    __arm_cp.4_0                             0x00000ed0   Number         4  system_m2351.o(.text.SCU_IRQHandler)
    __arm_cp.4_1                             0x00000ed4   Number         4  system_m2351.o(.text.SCU_IRQHandler)
    __arm_cp.4_2                             0x00000ed8   Number         4  system_m2351.o(.text.SCU_IRQHandler)
    __arm_cp.4_3                             0x00000edc   Number         4  system_m2351.o(.text.SCU_IRQHandler)
    __arm_cp.4_4                             0x00000ee0   Number         4  system_m2351.o(.text.SCU_IRQHandler)
    __arm_cp.4_5                             0x00000ee4   Number         4  system_m2351.o(.text.SCU_IRQHandler)
    __arm_cp.4_6                             0x00000ee8   Number         4  system_m2351.o(.text.SCU_IRQHandler)
    __arm_cp.4_7                             0x00000eec   Number         4  system_m2351.o(.text.SCU_IRQHandler)
    [Anonymous Symbol]                       0x00000f30   Section        0  system_m2351.o(.text.SCU_Setup)
    __arm_cp.2_0                             0x00000fb0   Number         4  system_m2351.o(.text.SCU_Setup)
    __arm_cp.2_1                             0x00000fb4   Number         4  system_m2351.o(.text.SCU_Setup)
    [Anonymous Symbol]                       0x00000fb8   Section        0  retarget.o(.text.SH_Return)
    [Anonymous Symbol]                       0x00000fbc   Section        0  main.o(.text.SYS_Init)
    __arm_cp.4_0                             0x000010a8   Number         4  main.o(.text.SYS_Init)
    __arm_cp.4_1                             0x000010ac   Number         4  main.o(.text.SYS_Init)
    __arm_cp.4_2                             0x000010b0   Number         4  main.o(.text.SYS_Init)
    __arm_cp.4_3                             0x000010b4   Number         4  main.o(.text.SYS_Init)
    __arm_cp.4_5                             0x000010b8   Number         4  main.o(.text.SYS_Init)
    __arm_cp.4_7                             0x000010bc   Number         4  main.o(.text.SYS_Init)
    __arm_cp.4_9                             0x000010c0   Number         4  main.o(.text.SYS_Init)
    SYS_LockReg                              0x000010c5   Thumb Code     8  main.o(.text.SYS_LockReg)
    [Anonymous Symbol]                       0x000010c4   Section        0  main.o(.text.SYS_LockReg)
    SYS_UnlockReg                            0x000010cd   Thumb Code    24  system_m2351.o(.text.SYS_UnlockReg)
    [Anonymous Symbol]                       0x000010cc   Section        0  system_m2351.o(.text.SYS_UnlockReg)
    SYS_UnlockReg                            0x000010e5   Thumb Code    28  main.o(.text.SYS_UnlockReg)
    [Anonymous Symbol]                       0x000010e4   Section        0  main.o(.text.SYS_UnlockReg)
    __arm_cp.9_0                             0x000010fc   Number         4  main.o(.text.SYS_UnlockReg)
    [Anonymous Symbol]                       0x00001100   Section        0  nsc.o(.text.Secure_PA11_LED_Off)
    [Anonymous Symbol]                       0x00001148   Section        0  nsc.o(.text.Secure_PA11_LED_On)
    __arm_cp.0_1                             0x00001190   Number         4  nsc.o(.text.Secure_PA11_LED_On)
    [Anonymous Symbol]                       0x00001194   Section        0  nsc.o(.text.Secure_PA12_LED_Off)
    [Anonymous Symbol]                       0x000011dc   Section        0  nsc.o(.text.Secure_PA12_LED_On)
    __arm_cp.2_1                             0x00001224   Number         4  nsc.o(.text.Secure_PA12_LED_On)
    [Anonymous Symbol]                       0x00001228   Section        0  nsc.o(.text.Secure_PA13_LED_Off)
    [Anonymous Symbol]                       0x00001270   Section        0  nsc.o(.text.Secure_PA13_LED_On)
    __arm_cp.4_1                             0x000012b8   Number         4  nsc.o(.text.Secure_PA13_LED_On)
    [Anonymous Symbol]                       0x000012bc   Section        0  retarget.o(.text.SendChar)
    [Anonymous Symbol]                       0x000012c4   Section        0  retarget.o(.text.SendChar_ToUART)
    __arm_cp.2_0                             0x000012e4   Number         4  retarget.o(.text.SendChar_ToUART)
    SysTick_Config                           0x000012e9   Thumb Code    32  main.o(.text.SysTick_Config)
    [Anonymous Symbol]                       0x000012e8   Section        0  main.o(.text.SysTick_Config)
    __arm_cp.11_0                            0x00001304   Number         4  main.o(.text.SysTick_Config)
    [Anonymous Symbol]                       0x00001308   Section        0  main.o(.text.SysTick_Handler)
    [Anonymous Symbol]                       0x0000130c   Section        0  system_m2351.o(.text.SystemCoreClockUpdate)
    __arm_cp.7_0                             0x00001330   Number         4  system_m2351.o(.text.SystemCoreClockUpdate)
    __arm_cp.7_1                             0x00001334   Number         4  system_m2351.o(.text.SystemCoreClockUpdate)
    __arm_cp.7_2                             0x00001338   Number         4  system_m2351.o(.text.SystemCoreClockUpdate)
    __arm_cp.7_3                             0x0000133c   Number         4  system_m2351.o(.text.SystemCoreClockUpdate)
    __arm_cp.7_4                             0x00001340   Number         4  system_m2351.o(.text.SystemCoreClockUpdate)
    [Anonymous Symbol]                       0x00001344   Section        0  system_m2351.o(.text.SystemInit)
    __arm_cp.8_0                             0x0000135c   Number         4  system_m2351.o(.text.SystemInit)
    __arm_cp.8_1                             0x00001360   Number         4  system_m2351.o(.text.SystemInit)
    [Anonymous Symbol]                       0x00001364   Section        0  system_m2351.o(.text.TZ_SAU_Setup)
    __arm_cp.6_0                             0x000013c4   Number         4  system_m2351.o(.text.TZ_SAU_Setup)
    __arm_cp.6_1                             0x000013c8   Number         4  system_m2351.o(.text.TZ_SAU_Setup)
    __arm_cp.6_2                             0x000013cc   Number         4  system_m2351.o(.text.TZ_SAU_Setup)
    __arm_cp.6_3                             0x000013d0   Number         4  system_m2351.o(.text.TZ_SAU_Setup)
    __arm_cp.6_4                             0x000013d4   Number         4  system_m2351.o(.text.TZ_SAU_Setup)
    __arm_cp.6_5                             0x000013d8   Number         4  system_m2351.o(.text.TZ_SAU_Setup)
    __arm_cp.6_6                             0x000013dc   Number         4  system_m2351.o(.text.TZ_SAU_Setup)
    __arm_cp.6_7                             0x000013e0   Number         4  system_m2351.o(.text.TZ_SAU_Setup)
    __arm_cp.6_8                             0x000013e4   Number         4  system_m2351.o(.text.TZ_SAU_Setup)
    __arm_cp.6_9                             0x000013e8   Number         4  system_m2351.o(.text.TZ_SAU_Setup)
    __arm_cp.6_10                            0x000013ec   Number         4  system_m2351.o(.text.TZ_SAU_Setup)
    [Anonymous Symbol]                       0x000013f0   Section        0  main.o(.text.WIFI_PORT_Init)
    __arm_cp.6_0                             0x00001420   Number         4  main.o(.text.WIFI_PORT_Init)
    __arm_cp.6_1                             0x00001424   Number         4  main.o(.text.WIFI_PORT_Init)
    __arm_cp.6_2                             0x00001428   Number         4  main.o(.text.WIFI_PORT_Init)
    __arm_cp.6_3                             0x0000142c   Number         4  main.o(.text.WIFI_PORT_Init)
    __NVIC_EnableIRQ                         0x00001431   Thumb Code    12  system_m2351.o(.text.__NVIC_EnableIRQ)
    [Anonymous Symbol]                       0x00001430   Section        0  system_m2351.o(.text.__NVIC_EnableIRQ)
    __arm_cp.3_0                             0x00001438   Number         4  system_m2351.o(.text.__NVIC_EnableIRQ)
    __NVIC_SetPriority                       0x0000143d   Thumb Code    24  main.o(.text.__NVIC_SetPriority)
    [Anonymous Symbol]                       0x0000143c   Section        0  main.o(.text.__NVIC_SetPriority)
    __arm_cp.12_0                            0x00001450   Number         4  main.o(.text.__NVIC_SetPriority)
    [Anonymous Symbol]                       0x00001454   Section        0  retarget.o(.text.fputc)
    [Anonymous Symbol]                       0x00001460   Section        0  main.o(.text.main)
    __arm_cp.8_0                             0x000014c0   Number         4  main.o(.text.main)
    __arm_cp.8_1                             0x000014c4   Number         4  main.o(.text.main)
    __arm_cp.8_2                             0x000014c8   Number         4  main.o(.text.main)
    __arm_cp.8_3                             0x000014cc   Number         4  main.o(.text.main)
    i.__0printf$8                            0x00001530   Section        0  printf8.o(i.__0printf$8)
    i.__scatterload_copy                     0x00001550   Section       14  handlers.o(i.__scatterload_copy)
    i.__scatterload_null                     0x0000155e   Section        2  handlers.o(i.__scatterload_null)
    i.__scatterload_zeroinit                 0x00001560   Section       14  handlers.o(i.__scatterload_zeroinit)
    _printf_core                             0x00001571   Thumb Code  1020  printf8.o(i._printf_core)
    i._printf_core                           0x00001570   Section        0  printf8.o(i._printf_core)
    _printf_post_padding                     0x00001999   Thumb Code    32  printf8.o(i._printf_post_padding)
    i._printf_post_padding                   0x00001998   Section        0  printf8.o(i._printf_post_padding)
    _printf_pre_padding                      0x000019b9   Thumb Code    44  printf8.o(i._printf_pre_padding)
    i._printf_pre_padding                    0x000019b8   Section        0  printf8.o(i._printf_pre_padding)
    i.puts                                   0x000019e4   Section        0  puts.o(i.puts)
    [Anonymous Symbol]                       0x00001a04   Section        0  system_m2351.o(.rodata..L__const.SCU_IRQHandler.ipname)
    .L.str.1                                 0x00001a50   Data           6  system_m2351.o(.rodata.str1.1)
    .L.str.20                                0x00001a50   Data           6  system_m2351.o(.rodata.str1.1)
    [Anonymous Symbol]                       0x00001a50   Section        0  system_m2351.o(.rodata.str1.1)
    .L.str.6                                 0x00001a56   Data           5  system_m2351.o(.rodata.str1.1)
    .L.str.2                                 0x00001a5b   Data           5  system_m2351.o(.rodata.str1.1)
    .L.str.24                                0x00001a5b   Data           5  system_m2351.o(.rodata.str1.1)
    .L.str.11                                0x00001a60   Data           6  system_m2351.o(.rodata.str1.1)
    .L.str.21                                0x00001a66   Data           6  system_m2351.o(.rodata.str1.1)
    .L.str.5                                 0x00001a66   Data           6  system_m2351.o(.rodata.str1.1)
    .L.str.7                                 0x00001a6c   Data           5  system_m2351.o(.rodata.str1.1)
    .L.str.12                                0x00001a71   Data           6  system_m2351.o(.rodata.str1.1)
    .L.str.13                                0x00001a77   Data           4  system_m2351.o(.rodata.str1.1)
    .L.str.23                                0x00001a77   Data           4  system_m2351.o(.rodata.str1.1)
    .L.str.10                                0x00001a7b   Data           4  system_m2351.o(.rodata.str1.1)
    .L.str.27                                0x00001a7b   Data           4  system_m2351.o(.rodata.str1.1)
    .L.str.22                                0x00001a7f   Data           5  system_m2351.o(.rodata.str1.1)
    .L.str.4                                 0x00001a7f   Data           5  system_m2351.o(.rodata.str1.1)
    .L.str.14                                0x00001a84   Data           6  system_m2351.o(.rodata.str1.1)
    .L.str.25                                0x00001a8a   Data           4  system_m2351.o(.rodata.str1.1)
    .L.str.9                                 0x00001a8a   Data           4  system_m2351.o(.rodata.str1.1)
    .L.str.8                                 0x00001a8e   Data           5  system_m2351.o(.rodata.str1.1)
    .L.str                                   0x00001a93   Data           4  system_m2351.o(.rodata.str1.1)
    .L.str.16                                0x00001a93   Data           4  system_m2351.o(.rodata.str1.1)
    .L.str.28                                0x00001a97   Data           5  system_m2351.o(.rodata.str1.1)
    .L.str.3                                 0x00001a97   Data           5  system_m2351.o(.rodata.str1.1)
    .L.str.15                                0x00001a9c   Data           4  system_m2351.o(.rodata.str1.1)
    .L.str.26                                0x00001a9c   Data           4  system_m2351.o(.rodata.str1.1)
    .L.str                                   0x00001aa0   Data           4  system_m2351.o(.rodata.str1.1)
    .L.str.80                                0x00001aa4   Data          46  retarget.o(.rodata.str1.1)
    [Anonymous Symbol]                       0x00001aa4   Section        0  retarget.o(.rodata.str1.1)
    .L.str.83                                0x00001ad2   Data          79  retarget.o(.rodata.str1.1)
    .L.str.75                                0x00001b21   Data          33  retarget.o(.rodata.str1.1)
    .L.str.78                                0x00001b42   Data          34  retarget.o(.rodata.str1.1)
    .L.str.84                                0x00001b64   Data          67  retarget.o(.rodata.str1.1)
    .L.str.72                                0x00001ba7   Data          51  retarget.o(.rodata.str1.1)
    .Lstr                                    0x00001bda   Data          68  retarget.o(.rodata.str1.1)
    .Lstr.86                                 0x00001bda   Data          68  retarget.o(.rodata.str1.1)
    .Lstr.88                                 0x00001c1e   Data          43  retarget.o(.rodata.str1.1)
    .L.str.55                                0x00001c49   Data           5  retarget.o(.rodata.str1.1)
    .L.str.34                                0x00001c4e   Data           5  retarget.o(.rodata.str1.1)
    .L.str.58                                0x00001c53   Data           4  retarget.o(.rodata.str1.1)
    .L.str.68                                0x00001c57   Data           6  retarget.o(.rodata.str1.1)
    .L.str.62                                0x00001c5d   Data           5  retarget.o(.rodata.str1.1)
    .L.str.44                                0x00001c62   Data           6  retarget.o(.rodata.str1.1)
    .L.str.45                                0x00001c63   Data           5  retarget.o(.rodata.str1.1)
    .L.str.42                                0x00001c68   Data           6  retarget.o(.rodata.str1.1)
    .L.str.40                                0x00001c6e   Data           6  retarget.o(.rodata.str1.1)
    .L.str.61                                0x00001c74   Data           5  retarget.o(.rodata.str1.1)
    .L.str.64                                0x00001c79   Data           6  retarget.o(.rodata.str1.1)
    .L.str.36                                0x00001c7f   Data           5  retarget.o(.rodata.str1.1)
    .L.str.49                                0x00001c84   Data           6  retarget.o(.rodata.str1.1)
    .L.str.33                                0x00001c8a   Data           7  retarget.o(.rodata.str1.1)
    .L.str.38                                0x00001c91   Data           6  retarget.o(.rodata.str1.1)
    .L.str.56                                0x00001c97   Data           5  retarget.o(.rodata.str1.1)
    .L.str.35                                0x00001c9c   Data           5  retarget.o(.rodata.str1.1)
    .L.str.59                                0x00001ca1   Data           4  retarget.o(.rodata.str1.1)
    .L.str.69                                0x00001ca5   Data           6  retarget.o(.rodata.str1.1)
    .L.str.63                                0x00001cab   Data           5  retarget.o(.rodata.str1.1)
    .L.str.46                                0x00001cb0   Data           5  retarget.o(.rodata.str1.1)
    .L.str.43                                0x00001cb5   Data           6  retarget.o(.rodata.str1.1)
    .L.str.41                                0x00001cbb   Data           6  retarget.o(.rodata.str1.1)
    .L.str.65                                0x00001cc1   Data           6  retarget.o(.rodata.str1.1)
    .L.str.50                                0x00001cc7   Data           6  retarget.o(.rodata.str1.1)
    .L.str.57                                0x00001ccd   Data           5  retarget.o(.rodata.str1.1)
    .L.str.60                                0x00001cd2   Data           4  retarget.o(.rodata.str1.1)
    .L.str.47                                0x00001cd6   Data           5  retarget.o(.rodata.str1.1)
    .L.str.51                                0x00001cdb   Data           6  retarget.o(.rodata.str1.1)
    .L.str.39                                0x00001ce1   Data           6  retarget.o(.rodata.str1.1)
    .L.str.48                                0x00001ce7   Data           5  retarget.o(.rodata.str1.1)
    .L.str.52                                0x00001cec   Data           6  retarget.o(.rodata.str1.1)
    .L.str.53                                0x00001cf2   Data           6  retarget.o(.rodata.str1.1)
    .L.str.54                                0x00001cf8   Data           6  retarget.o(.rodata.str1.1)
    .L.str.3                                 0x00001cfe   Data           6  retarget.o(.rodata.str1.1)
    .L.str.12                                0x00001d04   Data           3  retarget.o(.rodata.str1.1)
    .L.str.4                                 0x00001d07   Data           6  retarget.o(.rodata.str1.1)
    .L.str.13                                0x00001d0d   Data           3  retarget.o(.rodata.str1.1)
    .L.str.32                                0x00001d10   Data           5  retarget.o(.rodata.str1.1)
    .L.str.5                                 0x00001d15   Data           6  retarget.o(.rodata.str1.1)
    .L.str.14                                0x00001d1b   Data           3  retarget.o(.rodata.str1.1)
    .L.str.31                                0x00001d1e   Data           4  retarget.o(.rodata.str1.1)
    .L.str.67                                0x00001d22   Data           5  retarget.o(.rodata.str1.1)
    .L.str.6                                 0x00001d27   Data           6  retarget.o(.rodata.str1.1)
    .L.str.15                                0x00001d2d   Data           3  retarget.o(.rodata.str1.1)
    .L.str.7                                 0x00001d30   Data           6  retarget.o(.rodata.str1.1)
    .L.str.16                                0x00001d36   Data           3  retarget.o(.rodata.str1.1)
    .L.str.8                                 0x00001d39   Data           6  retarget.o(.rodata.str1.1)
    .L.str.17                                0x00001d3f   Data           3  retarget.o(.rodata.str1.1)
    .L.str.66                                0x00001d42   Data           5  retarget.o(.rodata.str1.1)
    .L.str.9                                 0x00001d47   Data           6  retarget.o(.rodata.str1.1)
    .L.str.18                                0x00001d4d   Data           3  retarget.o(.rodata.str1.1)
    .L.str.37                                0x00001d50   Data           4  retarget.o(.rodata.str1.1)
    .L.str.10                                0x00001d54   Data           6  retarget.o(.rodata.str1.1)
    .L.str.19                                0x00001d5a   Data           3  retarget.o(.rodata.str1.1)
    .L.str.1                                 0x00001d5d   Data           4  retarget.o(.rodata.str1.1)
    .L.str.11                                0x00001d61   Data          11  retarget.o(.rodata.str1.1)
    .L.str.76                                0x00001d6c   Data           4  retarget.o(.rodata.str1.1)
    .L.str.77                                0x00001d70   Data           4  retarget.o(.rodata.str1.1)
    .L.str.30                                0x00001d74   Data           5  retarget.o(.rodata.str1.1)
    .L.str.29                                0x00001d75   Data           4  retarget.o(.rodata.str1.1)
    .L.str.2                                 0x00001d79   Data           4  retarget.o(.rodata.str1.1)
    .L.str.82                                0x00001d7d   Data           7  retarget.o(.rodata.str1.1)
    .L.str.81                                0x00001d84   Data          10  retarget.o(.rodata.str1.1)
    .L.str.6                                 0x00001d8e   Data          54  i2c_max30102.o(.rodata.str1.1)
    [Anonymous Symbol]                       0x00001d8e   Section        0  i2c_max30102.o(.rodata.str1.1)
    .L.str.5                                 0x00001dc4   Data          54  i2c_max30102.o(.rodata.str1.1)
    .L.str.4                                 0x00001dfa   Data          54  i2c_max30102.o(.rodata.str1.1)
    .Lstr.10                                 0x00001e30   Data          58  i2c_max30102.o(.rodata.str1.1)
    .Lstr.12                                 0x00001e30   Data          58  i2c_max30102.o(.rodata.str1.1)
    .Lstr.11                                 0x00001e6a   Data          58  i2c_max30102.o(.rodata.str1.1)
    .Lstr.12                                 0x00001ea4   Data          48  main.o(.rodata.str1.1)
    [Anonymous Symbol]                       0x00001ea4   Section        0  main.o(.rodata.str1.1)
    STACK                                    0x200003b8   Section     2048  startup_m2351.o(STACK)

    Global Symbols

    Symbol Name                              Value     Ov Type        Size  Object(Section)

    BuildAttributes$$THM_ISAv3M$S$8M$PE$A:L22$X:L11$S22$IEEE1$IW$~IW$USESV6$~STKCKD$USESV7$~SHL$OTIME$ROPI$EBA8$MICROLIB$REQ8$PRES8$EABIv2 0x00000000   Number         0  anon$$obj.o ABSOLUTE
    __Vectors                                0x00000000   Data           4  startup_m2351.o(RESET)
    _printf_a                                0x00000000   Number         0  printfstubs.o ABSOLUTE
    _printf_c                                0x00000000   Number         0  printfstubs.o ABSOLUTE
    _printf_charcount                        0x00000000   Number         0  printfstubs.o ABSOLUTE
    _printf_d                                0x00000000   Number         0  printfstubs.o ABSOLUTE
    _printf_e                                0x00000000   Number         0  printfstubs.o ABSOLUTE
    _printf_f                                0x00000000   Number         0  printfstubs.o ABSOLUTE
    _printf_flags                            0x00000000   Number         0  printfstubs.o ABSOLUTE
    _printf_fp_dec                           0x00000000   Number         0  printfstubs.o ABSOLUTE
    _printf_fp_hex                           0x00000000   Number         0  printfstubs.o ABSOLUTE
    _printf_g                                0x00000000   Number         0  printfstubs.o ABSOLUTE
    _printf_i                                0x00000000   Number         0  printfstubs.o ABSOLUTE
    _printf_int_dec                          0x00000000   Number         0  printfstubs.o ABSOLUTE
    _printf_l                                0x00000000   Number         0  printfstubs.o ABSOLUTE
    _printf_lc                               0x00000000   Number         0  printfstubs.o ABSOLUTE
    _printf_ll                               0x00000000   Number         0  printfstubs.o ABSOLUTE
    _printf_lld                              0x00000000   Number         0  printfstubs.o ABSOLUTE
    _printf_lli                              0x00000000   Number         0  printfstubs.o ABSOLUTE
    _printf_llo                              0x00000000   Number         0  printfstubs.o ABSOLUTE
    _printf_llu                              0x00000000   Number         0  printfstubs.o ABSOLUTE
    _printf_llx                              0x00000000   Number         0  printfstubs.o ABSOLUTE
    _printf_longlong_dec                     0x00000000   Number         0  printfstubs.o ABSOLUTE
    _printf_longlong_hex                     0x00000000   Number         0  printfstubs.o ABSOLUTE
    _printf_longlong_oct                     0x00000000   Number         0  printfstubs.o ABSOLUTE
    _printf_ls                               0x00000000   Number         0  printfstubs.o ABSOLUTE
    _printf_mbtowc                           0x00000000   Number         0  printfstubs.o ABSOLUTE
    _printf_n                                0x00000000   Number         0  printfstubs.o ABSOLUTE
    _printf_o                                0x00000000   Number         0  printfstubs.o ABSOLUTE
    _printf_p                                0x00000000   Number         0  printfstubs.o ABSOLUTE
    _printf_percent                          0x00000000   Number         0  printfstubs.o ABSOLUTE
    _printf_pre_padding                      0x00000000   Number         0  printfstubs.o ABSOLUTE
    _printf_return_value                     0x00000000   Number         0  printfstubs.o ABSOLUTE
    _printf_s                                0x00000000   Number         0  printfstubs.o ABSOLUTE
    _printf_sizespec                         0x00000000   Number         0  printfstubs.o ABSOLUTE
    _printf_str                              0x00000000   Number         0  printfstubs.o ABSOLUTE
    _printf_truncate_signed                  0x00000000   Number         0  printfstubs.o ABSOLUTE
    _printf_truncate_unsigned                0x00000000   Number         0  printfstubs.o ABSOLUTE
    _printf_u                                0x00000000   Number         0  printfstubs.o ABSOLUTE
    _printf_wc                               0x00000000   Number         0  printfstubs.o ABSOLUTE
    _printf_wctomb                           0x00000000   Number         0  printfstubs.o ABSOLUTE
    _printf_widthprec                        0x00000000   Number         0  printfstubs.o ABSOLUTE
    _printf_x                                0x00000000   Number         0  printfstubs.o ABSOLUTE
    __cpp_initialize__aeabi_                  - Undefined Weak Reference
    __cxa_finalize                            - Undefined Weak Reference
    _clock_init                               - Undefined Weak Reference
    _microlib_exit                            - Undefined Weak Reference
    __Vectors_End                            0x000001d8   Data           0  startup_m2351.o(RESET)
    __Vectors_Size                           0x000001d8   Number         0  startup_m2351.o ABSOLUTE
    __main                                   0x000001d9   Thumb Code     0  entry.o(.ARM.Collect$$$$00000000)
    _main_stk                                0x000001d9   Thumb Code     0  entry2.o(.ARM.Collect$$$$00000001)
    _main_scatterload                        0x000001dd   Thumb Code     0  entry5.o(.ARM.Collect$$$$00000004)
    __main_after_scatterload                 0x000001e1   Thumb Code     0  entry5.o(.ARM.Collect$$$$00000004)
    _main_clock                              0x000001e1   Thumb Code     0  entry7b.o(.ARM.Collect$$$$00000008)
    _main_cpp_init                           0x000001e1   Thumb Code     0  entry8b.o(.ARM.Collect$$$$0000000A)
    _main_init                               0x000001e1   Thumb Code     0  entry9a.o(.ARM.Collect$$$$0000000B)
    __rt_final_cpp                           0x000001e9   Thumb Code     0  entry10a.o(.ARM.Collect$$$$0000000D)
    __rt_final_exit                          0x000001e9   Thumb Code     0  entry11a.o(.ARM.Collect$$$$0000000F)
    Reset_Handler                            0x000001ed   Thumb Code     8  startup_m2351.o(.text)
    NMI_Handler                              0x000001f5   Thumb Code     2  startup_m2351.o(.text)
    HardFault_Handler                        0x000001f7   Thumb Code    16  startup_m2351.o(.text)
    SVC_Handler                              0x00000207   Thumb Code     2  startup_m2351.o(.text)
    PendSV_Handler                           0x00000209   Thumb Code     2  startup_m2351.o(.text)
    ACMP01_IRQHandler                        0x0000020d   Thumb Code     0  startup_m2351.o(.text)
    BOD_IRQHandler                           0x0000020d   Thumb Code     0  startup_m2351.o(.text)
    BPWM0_IRQHandler                         0x0000020d   Thumb Code     0  startup_m2351.o(.text)
    BPWM1_IRQHandler                         0x0000020d   Thumb Code     0  startup_m2351.o(.text)
    BRAKE0_IRQHandler                        0x0000020d   Thumb Code     0  startup_m2351.o(.text)
    BRAKE1_IRQHandler                        0x0000020d   Thumb Code     0  startup_m2351.o(.text)
    CAN0_IRQHandler                          0x0000020d   Thumb Code     0  startup_m2351.o(.text)
    CAN1_IRQHandler                          0x0000020d   Thumb Code     0  startup_m2351.o(.text)
    CLKFAIL_IRQHandler                       0x0000020d   Thumb Code     0  startup_m2351.o(.text)
    CRPT_IRQHandler                          0x0000020d   Thumb Code     0  startup_m2351.o(.text)
    DAC_IRQHandler                           0x0000020d   Thumb Code     0  startup_m2351.o(.text)
    DEFAULT_IRQHandler                       0x0000020d   Thumb Code     0  startup_m2351.o(.text)
    EADC0_IRQHandler                         0x0000020d   Thumb Code     0  startup_m2351.o(.text)
    EADC1_IRQHandler                         0x0000020d   Thumb Code     0  startup_m2351.o(.text)
    EADC2_IRQHandler                         0x0000020d   Thumb Code     0  startup_m2351.o(.text)
    EADC3_IRQHandler                         0x0000020d   Thumb Code     0  startup_m2351.o(.text)
    ECAP0_IRQHandler                         0x0000020d   Thumb Code     0  startup_m2351.o(.text)
    ECAP1_IRQHandler                         0x0000020d   Thumb Code     0  startup_m2351.o(.text)
    EINT0_IRQHandler                         0x0000020d   Thumb Code     0  startup_m2351.o(.text)
    EINT1_IRQHandler                         0x0000020d   Thumb Code     0  startup_m2351.o(.text)
    EINT2_IRQHandler                         0x0000020d   Thumb Code     0  startup_m2351.o(.text)
    EINT3_IRQHandler                         0x0000020d   Thumb Code     0  startup_m2351.o(.text)
    EINT4_IRQHandler                         0x0000020d   Thumb Code     0  startup_m2351.o(.text)
    EINT5_IRQHandler                         0x0000020d   Thumb Code     0  startup_m2351.o(.text)
    EINT6_IRQHandler                         0x0000020d   Thumb Code     0  startup_m2351.o(.text)
    EINT7_IRQHandler                         0x0000020d   Thumb Code     0  startup_m2351.o(.text)
    EPWM0_P0_IRQHandler                      0x0000020d   Thumb Code     0  startup_m2351.o(.text)
    EPWM0_P1_IRQHandler                      0x0000020d   Thumb Code     0  startup_m2351.o(.text)
    EPWM0_P2_IRQHandler                      0x0000020d   Thumb Code     0  startup_m2351.o(.text)
    EPWM1_P0_IRQHandler                      0x0000020d   Thumb Code     0  startup_m2351.o(.text)
    EPWM1_P1_IRQHandler                      0x0000020d   Thumb Code     0  startup_m2351.o(.text)
    EPWM1_P2_IRQHandler                      0x0000020d   Thumb Code     0  startup_m2351.o(.text)
    GPA_IRQHandler                           0x0000020d   Thumb Code     0  startup_m2351.o(.text)
    GPB_IRQHandler                           0x0000020d   Thumb Code     0  startup_m2351.o(.text)
    GPC_IRQHandler                           0x0000020d   Thumb Code     0  startup_m2351.o(.text)
    GPD_IRQHandler                           0x0000020d   Thumb Code     0  startup_m2351.o(.text)
    GPE_IRQHandler                           0x0000020d   Thumb Code     0  startup_m2351.o(.text)
    GPF_IRQHandler                           0x0000020d   Thumb Code     0  startup_m2351.o(.text)
    GPG_IRQHandler                           0x0000020d   Thumb Code     0  startup_m2351.o(.text)
    GPH_IRQHandler                           0x0000020d   Thumb Code     0  startup_m2351.o(.text)
    I2C0_IRQHandler                          0x0000020d   Thumb Code     0  startup_m2351.o(.text)
    I2C1_IRQHandler                          0x0000020d   Thumb Code     0  startup_m2351.o(.text)
    I2C2_IRQHandler                          0x0000020d   Thumb Code     0  startup_m2351.o(.text)
    I2S0_IRQHandler                          0x0000020d   Thumb Code     0  startup_m2351.o(.text)
    IRC_IRQHandler                           0x0000020d   Thumb Code     0  startup_m2351.o(.text)
    OPA0_IRQHandler                          0x0000020d   Thumb Code     0  startup_m2351.o(.text)
    PDMA0_IRQHandler                         0x0000020d   Thumb Code     0  startup_m2351.o(.text)
    PDMA1_IRQHandler                         0x0000020d   Thumb Code     0  startup_m2351.o(.text)
    PWRWU_IRQHandler                         0x0000020d   Thumb Code     0  startup_m2351.o(.text)
    QEI0_IRQHandler                          0x0000020d   Thumb Code     0  startup_m2351.o(.text)
    QEI1_IRQHandler                          0x0000020d   Thumb Code     0  startup_m2351.o(.text)
    QSPI0_IRQHandler                         0x0000020d   Thumb Code     0  startup_m2351.o(.text)
    RTC_IRQHandler                           0x0000020d   Thumb Code     0  startup_m2351.o(.text)
    SC0_IRQHandler                           0x0000020d   Thumb Code     0  startup_m2351.o(.text)
    SC1_IRQHandler                           0x0000020d   Thumb Code     0  startup_m2351.o(.text)
    SC2_IRQHandler                           0x0000020d   Thumb Code     0  startup_m2351.o(.text)
    SC3_IRQHandler                           0x0000020d   Thumb Code     0  startup_m2351.o(.text)
    SDH0_IRQHandler                          0x0000020d   Thumb Code     0  startup_m2351.o(.text)
    SDH1_IRQHandler                          0x0000020d   Thumb Code     0  startup_m2351.o(.text)
    SPI0_IRQHandler                          0x0000020d   Thumb Code     0  startup_m2351.o(.text)
    SPI1_IRQHandler                          0x0000020d   Thumb Code     0  startup_m2351.o(.text)
    SPI2_IRQHandler                          0x0000020d   Thumb Code     0  startup_m2351.o(.text)
    SPI3_IRQHandler                          0x0000020d   Thumb Code     0  startup_m2351.o(.text)
    SRAM_IRQHandler                          0x0000020d   Thumb Code     0  startup_m2351.o(.text)
    TAMPER_IRQHandler                        0x0000020d   Thumb Code     0  startup_m2351.o(.text)
    TMR0_IRQHandler                          0x0000020d   Thumb Code     0  startup_m2351.o(.text)
    TMR1_IRQHandler                          0x0000020d   Thumb Code     0  startup_m2351.o(.text)
    TMR2_IRQHandler                          0x0000020d   Thumb Code     0  startup_m2351.o(.text)
    TMR3_IRQHandler                          0x0000020d   Thumb Code     0  startup_m2351.o(.text)
    TRNG_IRQHandler                          0x0000020d   Thumb Code     0  startup_m2351.o(.text)
    UART0_IRQHandler                         0x0000020d   Thumb Code     0  startup_m2351.o(.text)
    UART1_IRQHandler                         0x0000020d   Thumb Code     0  startup_m2351.o(.text)
    UART2_IRQHandler                         0x0000020d   Thumb Code     0  startup_m2351.o(.text)
    UART3_IRQHandler                         0x0000020d   Thumb Code     0  startup_m2351.o(.text)
    UART4_IRQHandler                         0x0000020d   Thumb Code     0  startup_m2351.o(.text)
    UART5_IRQHandler                         0x0000020d   Thumb Code     0  startup_m2351.o(.text)
    USBD_IRQHandler                          0x0000020d   Thumb Code     0  startup_m2351.o(.text)
    USBH_IRQHandler                          0x0000020d   Thumb Code     0  startup_m2351.o(.text)
    USBOTG_IRQHandler                        0x0000020d   Thumb Code     0  startup_m2351.o(.text)
    USCI0_IRQHandler                         0x0000020d   Thumb Code     0  startup_m2351.o(.text)
    USCI1_IRQHandler                         0x0000020d   Thumb Code     0  startup_m2351.o(.text)
    WDT_IRQHandler                           0x0000020d   Thumb Code     0  startup_m2351.o(.text)
    WWDT_IRQHandler                          0x0000020d   Thumb Code     0  startup_m2351.o(.text)
    SH_DoCommand                             0x00000211   Thumb Code    10  startup_m2351.o(.text)
    __PC                                     0x0000021b   Thumb Code     6  startup_m2351.o(.text)
    __aeabi_memset                           0x00000231   Thumb Code    14  memseta.o(.text)
    __aeabi_memset4                          0x00000231   Thumb Code     0  memseta.o(.text)
    __aeabi_memset8                          0x00000231   Thumb Code     0  memseta.o(.text)
    __aeabi_memclr                           0x0000023f   Thumb Code     4  memseta.o(.text)
    __aeabi_memclr4                          0x0000023f   Thumb Code     0  memseta.o(.text)
    __aeabi_memclr8                          0x0000023f   Thumb Code     0  memseta.o(.text)
    _memset$wrapper                          0x00000243   Thumb Code    18  memseta.o(.text)
    __aeabi_uldivmod                         0x00000255   Thumb Code    96  uldiv.o(.text)
    __scatterload                            0x000002b5   Thumb Code    28  init.o(.text)
    __scatterload_rt2                        0x000002b5   Thumb Code     0  init.o(.text)
    __aeabi_llsl                             0x000002d9   Thumb Code    32  llshl.o(.text)
    _ll_shift_l                              0x000002d9   Thumb Code     0  llshl.o(.text)
    __aeabi_llsr                             0x000002f9   Thumb Code    34  llushr.o(.text)
    _ll_ushift_r                             0x000002f9   Thumb Code     0  llushr.o(.text)
    __decompress                             0x0000031b   Thumb Code     0  __dczerorl2.o(.text)
    __decompress1                            0x0000031b   Thumb Code    86  __dczerorl2.o(.text)
    CLK_EnableModuleClock                    0x00000371   Thumb Code    28  clk.o(.text.CLK_EnableModuleClock)
    CLK_EnableXtalRC                         0x0000038d   Thumb Code    12  clk.o(.text.CLK_EnableXtalRC)
    __acle_se_CLK_GetCPUFreq                 0x00000399   Thumb Code     0  clk.o(.text.CLK_GetCPUFreq)
    __acle_se_CLK_GetHCLKFreq                0x0000048d   Thumb Code     0  clk.o(.text.CLK_GetHCLKFreq)
    __acle_se_CLK_GetHXTFreq                 0x000004ad   Thumb Code     0  clk.o(.text.CLK_GetHXTFreq)
    __acle_se_CLK_GetLXTFreq                 0x000004c9   Thumb Code     0  clk.o(.text.CLK_GetLXTFreq)
    __acle_se_CLK_GetModuleClockDivider      0x000004e5   Thumb Code     0  clk.o(.text.CLK_GetModuleClockDivider)
    __acle_se_CLK_GetModuleClockSource       0x00000535   Thumb Code     0  clk.o(.text.CLK_GetModuleClockSource)
    __acle_se_CLK_GetPCLK0Freq               0x000005c5   Thumb Code     0  clk.o(.text.CLK_GetPCLK0Freq)
    __acle_se_CLK_GetPCLK1Freq               0x000005ed   Thumb Code     0  clk.o(.text.CLK_GetPCLK1Freq)
    __acle_se_CLK_GetPLLClockFreq            0x0000061d   Thumb Code     0  clk.o(.text.CLK_GetPLLClockFreq)
    CLK_SetHCLK                              0x00000671   Thumb Code   120  clk.o(.text.CLK_SetHCLK)
    CLK_WaitClockReady                       0x000006e9   Thumb Code    36  clk.o(.text.CLK_WaitClockReady)
    Config_MAX30102                          0x0000070d   Thumb Code   268  i2c_max30102.o(.text.Config_MAX30102)
    DEBUG_PORT_Init                          0x00000819   Thumb Code    20  main.o(.text.DEBUG_PORT_Init)
    FMC_NSBA_Setup                           0x0000082d   Thumb Code   108  system_m2351.o(.text.FMC_NSBA_Setup)
    GPIO_SetMode                             0x00000899   Thumb Code    52  gpio.o(.text.GPIO_SetMode)
    __acle_se_GetSystemCoreClock             0x000008cd   Thumb Code     0  nsc.o(.text.GetSystemCoreClock)
    __acle_se_Get_Pulse                      0x000008e5   Thumb Code     0  nsc.o(.text.Get_Pulse)
    I2C0_Init                                0x000008f9   Thumb Code    68  main.o(.text.I2C0_Init)
    I2C_GetBusClockFreq                      0x0000093d   Thumb Code    36  i2c.o(.text.I2C_GetBusClockFreq)
    I2C_Open                                 0x00000961   Thumb Code    72  i2c.o(.text.I2C_Open)
    I2C_SetSlaveAddr                         0x000009a9   Thumb Code    44  i2c.o(.text.I2C_SetSlaveAddr)
    I2C_WriteByteOneReg                      0x000009d5   Thumb Code   114  i2c.o(.text.I2C_WriteByteOneReg)
    NSC_Init                                 0x00000a49   Thumb Code    40  system_m2351.o(.text.NSC_Init)
    Nonsecure_Init                           0x00000a71   Thumb Code   304  main.o(.text.Nonsecure_Init)
    __acle_se_Print_Pulse                    0x00000ba1   Thumb Code     0  nsc.o(.text.Print_Pulse)
    ProcessHardFault                         0x00000be1   Thumb Code   648  retarget.o(.text.ProcessHardFault)
    SCU_IRQHandler                           0x00000e69   Thumb Code   200  system_m2351.o(.text.SCU_IRQHandler)
    SCU_Setup                                0x00000f31   Thumb Code   136  system_m2351.o(.text.SCU_Setup)
    SH_Return                                0x00000fb9   Thumb Code     4  retarget.o(.text.SH_Return)
    SYS_Init                                 0x00000fbd   Thumb Code   264  main.o(.text.SYS_Init)
    __acle_se_Secure_PA11_LED_Off            0x00001101   Thumb Code     0  nsc.o(.text.Secure_PA11_LED_Off)
    __acle_se_Secure_PA11_LED_On             0x00001149   Thumb Code     0  nsc.o(.text.Secure_PA11_LED_On)
    __acle_se_Secure_PA12_LED_Off            0x00001195   Thumb Code     0  nsc.o(.text.Secure_PA12_LED_Off)
    __acle_se_Secure_PA12_LED_On             0x000011dd   Thumb Code     0  nsc.o(.text.Secure_PA12_LED_On)
    __acle_se_Secure_PA13_LED_Off            0x00001229   Thumb Code     0  nsc.o(.text.Secure_PA13_LED_Off)
    __acle_se_Secure_PA13_LED_On             0x00001271   Thumb Code     0  nsc.o(.text.Secure_PA13_LED_On)
    SendChar                                 0x000012bd   Thumb Code     8  retarget.o(.text.SendChar)
    SendChar_ToUART                          0x000012c5   Thumb Code    36  retarget.o(.text.SendChar_ToUART)
    SysTick_Handler                          0x00001309   Thumb Code     2  main.o(.text.SysTick_Handler)
    SystemCoreClockUpdate                    0x0000130d   Thumb Code    56  system_m2351.o(.text.SystemCoreClockUpdate)
    SystemInit                               0x00001345   Thumb Code    32  system_m2351.o(.text.SystemInit)
    TZ_SAU_Setup                             0x00001365   Thumb Code   140  system_m2351.o(.text.TZ_SAU_Setup)
    WIFI_PORT_Init                           0x000013f1   Thumb Code    64  main.o(.text.WIFI_PORT_Init)
    fputc                                    0x00001455   Thumb Code    12  retarget.o(.text.fputc)
    main                                     0x00001461   Thumb Code   208  main.o(.text.main)
    __0printf$8                              0x00001531   Thumb Code    24  printf8.o(i.__0printf$8)
    __1printf$8                              0x00001531   Thumb Code     0  printf8.o(i.__0printf$8)
    __2printf                                0x00001531   Thumb Code     0  printf8.o(i.__0printf$8)
    __scatterload_copy                       0x00001551   Thumb Code    14  handlers.o(i.__scatterload_copy)
    __scatterload_null                       0x0000155f   Thumb Code     2  handlers.o(i.__scatterload_null)
    __scatterload_zeroinit                   0x00001561   Thumb Code    14  handlers.o(i.__scatterload_zeroinit)
    puts                                     0x000019e5   Thumb Code    28  puts.o(i.puts)
    Region$$Table$$Base                      0x00001ed4   Number         0  anon$$obj.o(Region$$Table)
    Region$$Table$$Limit                     0x00001ef4   Number         0  anon$$obj.o(Region$$Table)
    CLK_GetCPUFreq                           0x00001f01   Thumb Code     8  anon$$obj.o(Veneer$$CMSE)
    Image$$NSC_ROM$$XO$$Base                 0x00001f00   Number         0  anon$$obj.o ABSOLUTE
    CLK_GetHCLKFreq                          0x00001f09   Thumb Code     8  anon$$obj.o(Veneer$$CMSE)
    CLK_GetHXTFreq                           0x00001f11   Thumb Code     8  anon$$obj.o(Veneer$$CMSE)
    CLK_GetLXTFreq                           0x00001f19   Thumb Code     8  anon$$obj.o(Veneer$$CMSE)
    CLK_GetModuleClockDivider                0x00001f21   Thumb Code     8  anon$$obj.o(Veneer$$CMSE)
    CLK_GetModuleClockSource                 0x00001f29   Thumb Code     8  anon$$obj.o(Veneer$$CMSE)
    CLK_GetPCLK0Freq                         0x00001f31   Thumb Code     8  anon$$obj.o(Veneer$$CMSE)
    CLK_GetPCLK1Freq                         0x00001f39   Thumb Code     8  anon$$obj.o(Veneer$$CMSE)
    CLK_GetPLLClockFreq                      0x00001f41   Thumb Code     8  anon$$obj.o(Veneer$$CMSE)
    GetSystemCoreClock                       0x00001f49   Thumb Code     8  anon$$obj.o(Veneer$$CMSE)
    Get_Pulse                                0x00001f51   Thumb Code     8  anon$$obj.o(Veneer$$CMSE)
    Print_Pulse                              0x00001f59   Thumb Code     8  anon$$obj.o(Veneer$$CMSE)
    Secure_PA11_LED_Off                      0x00001f61   Thumb Code     8  anon$$obj.o(Veneer$$CMSE)
    Secure_PA11_LED_On                       0x00001f69   Thumb Code     8  anon$$obj.o(Veneer$$CMSE)
    Secure_PA12_LED_Off                      0x00001f71   Thumb Code     8  anon$$obj.o(Veneer$$CMSE)
    Secure_PA12_LED_On                       0x00001f79   Thumb Code     8  anon$$obj.o(Veneer$$CMSE)
    Secure_PA13_LED_Off                      0x00001f81   Thumb Code     8  anon$$obj.o(Veneer$$CMSE)
    Secure_PA13_LED_On                       0x00001f89   Thumb Code     8  anon$$obj.o(Veneer$$CMSE)
    Image$$NSC_ROM$$XO$$Limit                0x00001fa0   Number         0  anon$$obj.o ABSOLUTE
    CyclesPerUs                              0x20000000   Data           4  system_m2351.o(.data.CyclesPerUs)
    PllClock                                 0x20000004   Data           4  system_m2351.o(.data.PllClock)
    SystemCoreClock                          0x20000008   Data           4  system_m2351.o(.data.SystemCoreClock)
    ip_tbl                                   0x2000000c   Data         852  retarget.o(.data.ip_tbl)
    __stdout                                 0x20000360   Data          84  retarget.o(.bss.__stdout)
    hr_val                                   0x200003b4   Data           4  i2c_max30102.o(.bss.hr_val)
    __initial_sp                             0x20000bb8   Data           0  startup_m2351.o(STACK)



==============================================================================

Memory Map of the image

  Image Entry point : 0x000001d9

  Load Region LR_ROM (Base: 0x00000000, Size: 0x00002300, Max: 0x00040000, ABSOLUTE, COMPRESSED[0x00002198])

    Execution Region EXE_ROM (Exec base: 0x00000000, Load base: 0x00000000, Size: 0x00001ef4, Max: 0xffffffff, ABSOLUTE)

    Exec Addr    Load Addr    Size         Type   Attr      Idx    E Section Name        Object

    0x00000000   0x00000000   0x000001d8   Data   RO            3    RESET               startup_m2351.o
    0x000001d8   0x000001d8   0x00000000   Code   RO          405  * .ARM.Collect$$$$00000000  mc_p.l(entry.o)
    0x000001d8   0x000001d8   0x00000004   Code   RO          675    .ARM.Collect$$$$00000001  mc_p.l(entry2.o)
    0x000001dc   0x000001dc   0x00000004   Code   RO          678    .ARM.Collect$$$$00000004  mc_p.l(entry5.o)
    0x000001e0   0x000001e0   0x00000000   Code   RO          680    .ARM.Collect$$$$00000008  mc_p.l(entry7b.o)
    0x000001e0   0x000001e0   0x00000000   Code   RO          682    .ARM.Collect$$$$0000000A  mc_p.l(entry8b.o)
    0x000001e0   0x000001e0   0x00000008   Code   RO          683    .ARM.Collect$$$$0000000B  mc_p.l(entry9a.o)
    0x000001e8   0x000001e8   0x00000000   Code   RO          685    .ARM.Collect$$$$0000000D  mc_p.l(entry10a.o)
    0x000001e8   0x000001e8   0x00000000   Code   RO          687    .ARM.Collect$$$$0000000F  mc_p.l(entry11a.o)
    0x000001e8   0x000001e8   0x00000004   Code   RO          676    .ARM.Collect$$$$00002712  mc_p.l(entry2.o)
    0x000001ec   0x000001ec   0x00000044   Code   RO            4    .text               startup_m2351.o
    0x00000230   0x00000230   0x00000024   Code   RO          412    .text               mc_p.l(memseta.o)
    0x00000254   0x00000254   0x00000060   Code   RO          695    .text               mc_p.l(uldiv.o)
    0x000002b4   0x000002b4   0x00000024   Code   RO          708    .text               mc_p.l(init.o)
    0x000002d8   0x000002d8   0x00000020   Code   RO          720    .text               mc_p.l(llshl.o)
    0x000002f8   0x000002f8   0x00000022   Code   RO          722    .text               mc_p.l(llushr.o)
    0x0000031a   0x0000031a   0x00000056   Code   RO          739    .text               mc_p.l(__dczerorl2.o)
    0x00000370   0x00000370   0x0000001c   Code   RO           79    .text.CLK_EnableModuleClock  clk.o
    0x0000038c   0x0000038c   0x0000000c   Code   RO           75    .text.CLK_EnableXtalRC  clk.o
    0x00000398   0x00000398   0x000000f4   Code   RO           61    .text.CLK_GetCPUFreq  clk.o
    0x0000048c   0x0000048c   0x00000020   Code   RO           55    .text.CLK_GetHCLKFreq  clk.o
    0x000004ac   0x000004ac   0x0000001c   Code   RO           51    .text.CLK_GetHXTFreq  clk.o
    0x000004c8   0x000004c8   0x0000001c   Code   RO           53    .text.CLK_GetLXTFreq  clk.o
    0x000004e4   0x000004e4   0x00000050   Code   RO          101    .text.CLK_GetModuleClockDivider  clk.o
    0x00000534   0x00000534   0x00000090   Code   RO           99    .text.CLK_GetModuleClockSource  clk.o
    0x000005c4   0x000005c4   0x00000028   Code   RO           57    .text.CLK_GetPCLK0Freq  clk.o
    0x000005ec   0x000005ec   0x00000030   Code   RO           59    .text.CLK_GetPCLK1Freq  clk.o
    0x0000061c   0x0000061c   0x00000054   Code   RO           97    .text.CLK_GetPLLClockFreq  clk.o
    0x00000670   0x00000670   0x00000078   Code   RO           69    .text.CLK_SetHCLK   clk.o
    0x000006e8   0x000006e8   0x00000024   Code   RO           65    .text.CLK_WaitClockReady  clk.o
    0x0000070c   0x0000070c   0x0000010c   Code   RO          330    .text.Config_MAX30102  i2c_max30102.o
    0x00000818   0x00000818   0x00000014   Code   RO          354    .text.DEBUG_PORT_Init  main.o
    0x0000082c   0x0000082c   0x0000006c   Code   RO           11    .text.FMC_NSBA_Setup  system_m2351.o
    0x00000898   0x00000898   0x00000034   Code   RO          310    .text.GPIO_SetMode  gpio.o
    0x000008cc   0x000008cc   0x00000018   Code   RO          392    .text.GetSystemCoreClock  nsc.o
    0x000008e4   0x000008e4   0x00000014   Code   RO          396    .text.Get_Pulse     nsc.o
    0x000008f8   0x000008f8   0x00000044   Code   RO          350    .text.I2C0_Init     main.o
    0x0000093c   0x0000093c   0x00000024   Code   RO          123    .text.I2C_GetBusClockFreq  i2c.o
    0x00000960   0x00000960   0x00000048   Code   RO          111    .text.I2C_Open      i2c.o
    0x000009a8   0x000009a8   0x0000002c   Code   RO          135    .text.I2C_SetSlaveAddr  i2c.o
    0x000009d4   0x000009d4   0x00000072   Code   RO          171    .text.I2C_WriteByteOneReg  i2c.o
    0x00000a46   0x00000a46   0x00000002   PAD
    0x00000a48   0x00000a48   0x00000028   Code   RO           21    .text.NSC_Init      system_m2351.o
    0x00000a70   0x00000a70   0x00000130   Code   RO          358    .text.Nonsecure_Init  main.o
    0x00000ba0   0x00000ba0   0x00000040   Code   RO          394    .text.Print_Pulse   nsc.o
    0x00000be0   0x00000be0   0x00000288   Code   RO          199    .text.ProcessHardFault  retarget.o
    0x00000e68   0x00000e68   0x000000c8   Code   RO           19    .text.SCU_IRQHandler  system_m2351.o
    0x00000f30   0x00000f30   0x00000088   Code   RO           15    .text.SCU_Setup     system_m2351.o
    0x00000fb8   0x00000fb8   0x00000004   Code   RO          201    .text.SH_Return     retarget.o
    0x00000fbc   0x00000fbc   0x00000108   Code   RO          352    .text.SYS_Init      main.o
    0x000010c4   0x000010c4   0x00000008   Code   RO          364    .text.SYS_LockReg   main.o
    0x000010cc   0x000010cc   0x00000018   Code   RO           13    .text.SYS_UnlockReg  system_m2351.o
    0x000010e4   0x000010e4   0x0000001c   Code   RO          362    .text.SYS_UnlockReg  main.o
    0x00001100   0x00001100   0x00000048   Code   RO          382    .text.Secure_PA11_LED_Off  nsc.o
    0x00001148   0x00001148   0x0000004c   Code   RO          380    .text.Secure_PA11_LED_On  nsc.o
    0x00001194   0x00001194   0x00000048   Code   RO          386    .text.Secure_PA12_LED_Off  nsc.o
    0x000011dc   0x000011dc   0x0000004c   Code   RO          384    .text.Secure_PA12_LED_On  nsc.o
    0x00001228   0x00001228   0x00000048   Code   RO          390    .text.Secure_PA13_LED_Off  nsc.o
    0x00001270   0x00001270   0x0000004c   Code   RO          388    .text.Secure_PA13_LED_On  nsc.o
    0x000012bc   0x000012bc   0x00000008   Code   RO          205    .text.SendChar      retarget.o
    0x000012c4   0x000012c4   0x00000024   Code   RO          203    .text.SendChar_ToUART  retarget.o
    0x000012e8   0x000012e8   0x00000020   Code   RO          366    .text.SysTick_Config  main.o
    0x00001308   0x00001308   0x00000002   Code   RO          348    .text.SysTick_Handler  main.o
    0x0000130a   0x0000130a   0x00000002   PAD
    0x0000130c   0x0000130c   0x00000038   Code   RO           25    .text.SystemCoreClockUpdate  system_m2351.o
    0x00001344   0x00001344   0x00000020   Code   RO           27    .text.SystemInit    system_m2351.o
    0x00001364   0x00001364   0x0000008c   Code   RO           23    .text.TZ_SAU_Setup  system_m2351.o
    0x000013f0   0x000013f0   0x00000040   Code   RO          356    .text.WIFI_PORT_Init  main.o
    0x00001430   0x00001430   0x0000000c   Code   RO           17    .text.__NVIC_EnableIRQ  system_m2351.o
    0x0000143c   0x0000143c   0x00000018   Code   RO          368    .text.__NVIC_SetPriority  main.o
    0x00001454   0x00001454   0x0000000c   Code   RO          215    .text.fputc         retarget.o
    0x00001460   0x00001460   0x000000d0   Code   RO          360    .text.main          main.o
    0x00001530   0x00001530   0x00000020   Code   RO          621    i.__0printf$8       mc_p.l(printf8.o)
    0x00001550   0x00001550   0x0000000e   Code   RO          733    i.__scatterload_copy  mc_p.l(handlers.o)
    0x0000155e   0x0000155e   0x00000002   Code   RO          734    i.__scatterload_null  mc_p.l(handlers.o)
    0x00001560   0x00001560   0x0000000e   Code   RO          735    i.__scatterload_zeroinit  mc_p.l(handlers.o)
    0x0000156e   0x0000156e   0x00000002   PAD
    0x00001570   0x00001570   0x00000428   Code   RO          628    i._printf_core      mc_p.l(printf8.o)
    0x00001998   0x00001998   0x00000020   Code   RO          629    i._printf_post_padding  mc_p.l(printf8.o)
    0x000019b8   0x000019b8   0x0000002c   Code   RO          630    i._printf_pre_padding  mc_p.l(printf8.o)
    0x000019e4   0x000019e4   0x00000020   Code   RO          408    i.puts              mc_p.l(puts.o)
    0x00001a04   0x00001a04   0x0000004c   Data   RO           34    .rodata..L__const.SCU_IRQHandler.ipname  system_m2351.o
    0x00001a50   0x00001a50   0x00000054   Data   RO           33    .rodata.str1.1      system_m2351.o
    0x00001aa4   0x00001aa4   0x000002ea   Data   RO          221    .rodata.str1.1      retarget.o
    0x00001d8e   0x00001d8e   0x00000116   Data   RO          334    .rodata.str1.1      i2c_max30102.o
    0x00001ea4   0x00001ea4   0x00000030   Data   RO          370    .rodata.str1.1      main.o
    0x00001ed4   0x00001ed4   0x00000020   Data   RO          731    Region$$Table       anon$$obj.o


    Execution Region NSC_ROM (Exec base: 0x00001f00, Load base: 0x00001f00, Size: 0x000000a0, Max: 0xffffffff, ABSOLUTE)

    Exec Addr    Load Addr    Size         Type   Attr      Idx    E Section Name        Object

    0x00001f00   0x00001f00   0x000000a0   Code   XO          732    Veneer$$CMSE        anon$$obj.o


    Execution Region EXE_RAM (Exec base: 0x20000000, Load base: 0x00001fa0, Size: 0x00000bb8, Max: 0x00008000, ABSOLUTE, COMPRESSED[0x000001f8])

    Exec Addr    Load Addr    Size         Type   Attr      Idx    E Section Name        Object

    0x20000000   COMPRESSED   0x00000004   Data   RW           30    .data.CyclesPerUs   system_m2351.o
    0x20000004   COMPRESSED   0x00000004   Data   RW           31    .data.PllClock      system_m2351.o
    0x20000008   COMPRESSED   0x00000004   Data   RW           29    .data.SystemCoreClock  system_m2351.o
    0x2000000c   COMPRESSED   0x00000354   Data   RW          222    .data.ip_tbl        retarget.o
    0x20000360        -       0x00000054   Zero   RW          223    .bss.__stdout       retarget.o
    0x200003b4        -       0x00000004   Zero   RW          333    .bss.hr_val         i2c_max30102.o
    0x200003b8        -       0x00000800   Zero   RW            1    STACK               startup_m2351.o


==============================================================================

Image component sizes


      Code (inc. data)   RO Data    RW Data    ZI Data      Debug   Object Name

       924        160          0          0          0      13498   clk.o
        52          0          0          0          0       2333   gpio.o
       266          4          0          0          0      18422   i2c.o
       268        140        278          0          4       1792   i2c_max30102.o
      1022        324         48          0          0       8603   main.o
       552        260          0          0          0       1879   nsc.o
       708        188        746        852         84       6340   retarget.o
        68         20        472          0       2048        868   startup_m2351.o
       748        208        160         12          0       8114   system_m2351.o

    ----------------------------------------------------------------------
      4772       1304       1736        864       2136      61849   Object Totals
       160          0         32          0          0          0   (incl. Generated)
         4          0          0          0          0          0   (incl. Padding)

    ----------------------------------------------------------------------

      Code (inc. data)   RO Data    RW Data    ZI Data      Debug   Library Member Name

        86          0          0          0          0          0   __dczerorl2.o
         0          0          0          0          0          0   entry.o
         0          0          0          0          0          0   entry10a.o
         0          0          0          0          0          0   entry11a.o
         8          4          0          0          0          0   entry2.o
         4          0          0          0          0          0   entry5.o
         0          0          0          0          0          0   entry7b.o
         0          0          0          0          0          0   entry8b.o
         8          4          0          0          0          0   entry9a.o
        30          0          0          0          0          0   handlers.o
        36          8          0          0          0         68   init.o
        32          0          0          0          0         68   llshl.o
        34          0          0          0          0         68   llushr.o
        36          0          0          0          0        100   memseta.o
      1172         52          0          0          0        324   printf8.o
        32          4          0          0          0         68   puts.o
        96          0          0          0          0         84   uldiv.o

    ----------------------------------------------------------------------
      1576         72          0          0          0        780   Library Totals
         2          0          0          0          0          0   (incl. Padding)

    ----------------------------------------------------------------------

      Code (inc. data)   RO Data    RW Data    ZI Data      Debug   Library Name

      1574         72          0          0          0        780   mc_p.l

    ----------------------------------------------------------------------
      1576         72          0          0          0        780   Library Totals

    ----------------------------------------------------------------------

==============================================================================


      Code (inc. data)   RO Data    RW Data    ZI Data      Debug   

      6348       1376       1736        864       2136      62433   Grand Totals
      6348       1376       1736        504       2136      62433   ELF Image Totals (compressed)
      6348       1376       1736        504          0          0   ROM Totals

==============================================================================

    Total RO  Size (Code + RO Data)                 8084 (   7.89kB)
    Total RW  Size (RW Data + ZI Data)              3000 (   2.93kB)
    Total ROM Size (Code + RO Data + RW Data)       8588 (   8.39kB)

==============================================================================

