	.text
	.syntax unified
	.eabi_attribute	67, "2.09"	@ Tag_conformance
	.cpu	cortex-m23
	.eabi_attribute	6, 16	@ Tag_CPU_arch
	.eabi_attribute	7, 77	@ Tag_CPU_arch_profile
	.eabi_attribute	8, 0	@ Tag_ARM_ISA_use
	.eabi_attribute	9, 3	@ Tag_THUMB_ISA_use
	.eabi_attribute	34, 0	@ Tag_CPU_unaligned_access
	.eabi_attribute	17, 1	@ Tag_ABI_PCS_GOT_use
	.eabi_attribute	20, 2	@ Tag_ABI_FP_denormal
	.eabi_attribute	21, 0	@ Tag_ABI_FP_exceptions
	.eabi_attribute	23, 1	@ Tag_ABI_FP_number_model
	.eabi_attribute	24, 1	@ Tag_ABI_align_needed
	.eabi_attribute	25, 1	@ Tag_ABI_align_preserved
	.eabi_attribute	38, 1	@ Tag_ABI_FP_16bit_format
	.eabi_attribute	18, 2	@ Tag_ABI_PCS_wchar_t
	.eabi_attribute	26, 1	@ Tag_ABI_enum_size
	.eabi_attribute	14, 0	@ Tag_ABI_PCS_R9_use
	.file	"nsc.c"
	.file	1 "C:\\" "Keil_v5\\ARM\\ARMCLANG\\Bin\\..\\include\\stdint.h"
	.section	.text.Secure_PA11_LED_On,"ax",%progbits
	.hidden	Secure_PA11_LED_On              @ -- Begin function Secure_PA11_LED_On
	.globl	Secure_PA11_LED_On
	.p2align	2
	.type	Secure_PA11_LED_On,%function
	.code	16                              @ @Secure_PA11_LED_On
	.thumb_func
	.globl	__acle_se_Secure_PA11_LED_On
	.type	__acle_se_Secure_PA11_LED_On,%function
__acle_se_Secure_PA11_LED_On:
Secure_PA11_LED_On:
.Lfunc_begin0:
	.file	2 "C:\\Users\\shw26\\OneDrive\\Desktop\\2021\\2021-1\\\354\272\241\354\212\244\355\206\244\353\224\224\354\236\220\354\235\2702\\Nuvoton\\M2351_BSP_v3.00.004\\M2351Series_BSP_CMSIS_V3.00.004\\MyProject\\I2C_MAX30102" "nsc.c"
	.loc	2 23 0                          @ nsc.c:23:0
	.fnstart
	.cfi_sections .debug_frame
	.cfi_startproc
@ %bb.0:
	@DEBUG_VALUE: Secure_PA11_LED_On:num <- $r0
	.save	{r7, lr}
	push	{r7, lr}
	.cfi_def_cfa_offset 8
	.cfi_offset lr, -4
	.cfi_offset r7, -8
.Ltmp0:
	.loc	2 24 5 prologue_end             @ nsc.c:24:5
	adr	r0, .LCPI0_0
.Ltmp1:
	@DEBUG_VALUE: Secure_PA11_LED_On:num <- [DW_OP_LLVM_entry_value 1] $r0
	bl	puts
	ldr	r1, __arm_cp.0_1
	movs	r0, #0
	.loc	2 25 10                         @ nsc.c:25:10
	str	r0, [r1]
	.loc	2 26 5                          @ nsc.c:26:5
	pop	{r7}
	pop	{r1}
	mov	lr, r1
	mov	r1, lr
	mov	r2, lr
	mov	r3, lr
	mov	r12, lr
	msr	apsr, lr
	bxns	lr
.Ltmp2:
	.p2align	2
@ %bb.1:
	.loc	2 0 5 is_stmt 0                 @ nsc.c:0:5
.LCPI0_0:
.Lstr:
	.asciz	"Secure PA11 LED On call by secure\000\000"
__arm_cp.0_1:
	.long	1073760300                      @ 0x4000482c
.Lcpi_end0:
	.size	__arm_cp.0_1, .Lcpi_end0-__arm_cp.0_1
.Lfunc_end0:
	.size	Secure_PA11_LED_On, .Lfunc_end0-Secure_PA11_LED_On
	.cfi_endproc
	.cantunwind
	.fnend
                                        @ -- End function
	.section	.text.Secure_PA11_LED_Off,"ax",%progbits
	.hidden	Secure_PA11_LED_Off             @ -- Begin function Secure_PA11_LED_Off
	.globl	Secure_PA11_LED_Off
	.p2align	2
	.type	Secure_PA11_LED_Off,%function
	.code	16                              @ @Secure_PA11_LED_Off
	.thumb_func
	.globl	__acle_se_Secure_PA11_LED_Off
	.type	__acle_se_Secure_PA11_LED_Off,%function
__acle_se_Secure_PA11_LED_Off:
Secure_PA11_LED_Off:
.Lfunc_begin1:
	.loc	2 31 0 is_stmt 1                @ nsc.c:31:0
	.fnstart
	.cfi_startproc
@ %bb.0:
	@DEBUG_VALUE: Secure_PA11_LED_Off:num <- $r0
	.save	{r7, lr}
	push	{r7, lr}
	.cfi_def_cfa_offset 8
	.cfi_offset lr, -4
	.cfi_offset r7, -8
.Ltmp3:
	.loc	2 32 5 prologue_end             @ nsc.c:32:5
	adr	r0, .LCPI1_0
.Ltmp4:
	@DEBUG_VALUE: Secure_PA11_LED_Off:num <- [DW_OP_LLVM_entry_value 1] $r0
	bl	puts
	ldr	r1, __arm_cp.1_1
	movs	r0, #1
	.loc	2 33 10                         @ nsc.c:33:10
	str	r0, [r1]
	.loc	2 34 5                          @ nsc.c:34:5
	pop	{r7}
	pop	{r1}
	mov	lr, r1
	mov	r1, lr
	mov	r2, lr
	mov	r3, lr
	mov	r12, lr
	msr	apsr, lr
	bxns	lr
.Ltmp5:
	.p2align	2
@ %bb.1:
	.loc	2 0 5 is_stmt 0                 @ nsc.c:0:5
.LCPI1_0:
.Lstr.7:
	.asciz	"Secure PA11 LED Off call by secure\000"
__arm_cp.1_1:
	.long	1073760300                      @ 0x4000482c
.Lcpi_end1:
	.size	__arm_cp.1_1, .Lcpi_end1-__arm_cp.1_1
.Lfunc_end1:
	.size	Secure_PA11_LED_Off, .Lfunc_end1-Secure_PA11_LED_Off
	.cfi_endproc
	.cantunwind
	.fnend
                                        @ -- End function
	.section	.text.Secure_PA12_LED_On,"ax",%progbits
	.hidden	Secure_PA12_LED_On              @ -- Begin function Secure_PA12_LED_On
	.globl	Secure_PA12_LED_On
	.p2align	2
	.type	Secure_PA12_LED_On,%function
	.code	16                              @ @Secure_PA12_LED_On
	.thumb_func
	.globl	__acle_se_Secure_PA12_LED_On
	.type	__acle_se_Secure_PA12_LED_On,%function
__acle_se_Secure_PA12_LED_On:
Secure_PA12_LED_On:
.Lfunc_begin2:
	.loc	2 39 0 is_stmt 1                @ nsc.c:39:0
	.fnstart
	.cfi_startproc
@ %bb.0:
	@DEBUG_VALUE: Secure_PA12_LED_On:num <- $r0
	.save	{r7, lr}
	push	{r7, lr}
	.cfi_def_cfa_offset 8
	.cfi_offset lr, -4
	.cfi_offset r7, -8
.Ltmp6:
	.loc	2 40 5 prologue_end             @ nsc.c:40:5
	adr	r0, .LCPI2_0
.Ltmp7:
	@DEBUG_VALUE: Secure_PA12_LED_On:num <- [DW_OP_LLVM_entry_value 1] $r0
	bl	puts
	ldr	r1, __arm_cp.2_1
	movs	r0, #0
	.loc	2 41 10                         @ nsc.c:41:10
	str	r0, [r1]
	.loc	2 42 5                          @ nsc.c:42:5
	pop	{r7}
	pop	{r1}
	mov	lr, r1
	mov	r1, lr
	mov	r2, lr
	mov	r3, lr
	mov	r12, lr
	msr	apsr, lr
	bxns	lr
.Ltmp8:
	.p2align	2
@ %bb.1:
	.loc	2 0 5 is_stmt 0                 @ nsc.c:0:5
.LCPI2_0:
.Lstr.8:
	.asciz	"Secure PA12 LED On call by secure\000\000"
__arm_cp.2_1:
	.long	1073760304                      @ 0x40004830
.Lcpi_end2:
	.size	__arm_cp.2_1, .Lcpi_end2-__arm_cp.2_1
.Lfunc_end2:
	.size	Secure_PA12_LED_On, .Lfunc_end2-Secure_PA12_LED_On
	.cfi_endproc
	.cantunwind
	.fnend
                                        @ -- End function
	.section	.text.Secure_PA12_LED_Off,"ax",%progbits
	.hidden	Secure_PA12_LED_Off             @ -- Begin function Secure_PA12_LED_Off
	.globl	Secure_PA12_LED_Off
	.p2align	2
	.type	Secure_PA12_LED_Off,%function
	.code	16                              @ @Secure_PA12_LED_Off
	.thumb_func
	.globl	__acle_se_Secure_PA12_LED_Off
	.type	__acle_se_Secure_PA12_LED_Off,%function
__acle_se_Secure_PA12_LED_Off:
Secure_PA12_LED_Off:
.Lfunc_begin3:
	.loc	2 47 0 is_stmt 1                @ nsc.c:47:0
	.fnstart
	.cfi_startproc
@ %bb.0:
	@DEBUG_VALUE: Secure_PA12_LED_Off:num <- $r0
	.save	{r7, lr}
	push	{r7, lr}
	.cfi_def_cfa_offset 8
	.cfi_offset lr, -4
	.cfi_offset r7, -8
.Ltmp9:
	.loc	2 48 5 prologue_end             @ nsc.c:48:5
	adr	r0, .LCPI3_0
.Ltmp10:
	@DEBUG_VALUE: Secure_PA12_LED_Off:num <- [DW_OP_LLVM_entry_value 1] $r0
	bl	puts
	ldr	r1, __arm_cp.3_1
	movs	r0, #1
	.loc	2 49 10                         @ nsc.c:49:10
	str	r0, [r1]
	.loc	2 50 5                          @ nsc.c:50:5
	pop	{r7}
	pop	{r1}
	mov	lr, r1
	mov	r1, lr
	mov	r2, lr
	mov	r3, lr
	mov	r12, lr
	msr	apsr, lr
	bxns	lr
.Ltmp11:
	.p2align	2
@ %bb.1:
	.loc	2 0 5 is_stmt 0                 @ nsc.c:0:5
.LCPI3_0:
.Lstr.9:
	.asciz	"Secure PA12 LED Off call by secure\000"
__arm_cp.3_1:
	.long	1073760304                      @ 0x40004830
.Lcpi_end3:
	.size	__arm_cp.3_1, .Lcpi_end3-__arm_cp.3_1
.Lfunc_end3:
	.size	Secure_PA12_LED_Off, .Lfunc_end3-Secure_PA12_LED_Off
	.cfi_endproc
	.cantunwind
	.fnend
                                        @ -- End function
	.section	.text.Secure_PA13_LED_On,"ax",%progbits
	.hidden	Secure_PA13_LED_On              @ -- Begin function Secure_PA13_LED_On
	.globl	Secure_PA13_LED_On
	.p2align	2
	.type	Secure_PA13_LED_On,%function
	.code	16                              @ @Secure_PA13_LED_On
	.thumb_func
	.globl	__acle_se_Secure_PA13_LED_On
	.type	__acle_se_Secure_PA13_LED_On,%function
__acle_se_Secure_PA13_LED_On:
Secure_PA13_LED_On:
.Lfunc_begin4:
	.loc	2 55 0 is_stmt 1                @ nsc.c:55:0
	.fnstart
	.cfi_startproc
@ %bb.0:
	@DEBUG_VALUE: Secure_PA13_LED_On:num <- $r0
	.save	{r7, lr}
	push	{r7, lr}
	.cfi_def_cfa_offset 8
	.cfi_offset lr, -4
	.cfi_offset r7, -8
.Ltmp12:
	.loc	2 56 5 prologue_end             @ nsc.c:56:5
	adr	r0, .LCPI4_0
.Ltmp13:
	@DEBUG_VALUE: Secure_PA13_LED_On:num <- [DW_OP_LLVM_entry_value 1] $r0
	bl	puts
	ldr	r1, __arm_cp.4_1
	movs	r0, #0
	.loc	2 57 10                         @ nsc.c:57:10
	str	r0, [r1]
	.loc	2 58 5                          @ nsc.c:58:5
	pop	{r7}
	pop	{r1}
	mov	lr, r1
	mov	r1, lr
	mov	r2, lr
	mov	r3, lr
	mov	r12, lr
	msr	apsr, lr
	bxns	lr
.Ltmp14:
	.p2align	2
@ %bb.1:
	.loc	2 0 5 is_stmt 0                 @ nsc.c:0:5
.LCPI4_0:
.Lstr.10:
	.asciz	"Secure PA13 LED On call by secure\000\000"
__arm_cp.4_1:
	.long	1073760308                      @ 0x40004834
.Lcpi_end4:
	.size	__arm_cp.4_1, .Lcpi_end4-__arm_cp.4_1
.Lfunc_end4:
	.size	Secure_PA13_LED_On, .Lfunc_end4-Secure_PA13_LED_On
	.cfi_endproc
	.cantunwind
	.fnend
                                        @ -- End function
	.section	.text.Secure_PA13_LED_Off,"ax",%progbits
	.hidden	Secure_PA13_LED_Off             @ -- Begin function Secure_PA13_LED_Off
	.globl	Secure_PA13_LED_Off
	.p2align	2
	.type	Secure_PA13_LED_Off,%function
	.code	16                              @ @Secure_PA13_LED_Off
	.thumb_func
	.globl	__acle_se_Secure_PA13_LED_Off
	.type	__acle_se_Secure_PA13_LED_Off,%function
__acle_se_Secure_PA13_LED_Off:
Secure_PA13_LED_Off:
.Lfunc_begin5:
	.loc	2 63 0 is_stmt 1                @ nsc.c:63:0
	.fnstart
	.cfi_startproc
@ %bb.0:
	@DEBUG_VALUE: Secure_PA13_LED_Off:num <- $r0
	.save	{r7, lr}
	push	{r7, lr}
	.cfi_def_cfa_offset 8
	.cfi_offset lr, -4
	.cfi_offset r7, -8
.Ltmp15:
	.loc	2 64 5 prologue_end             @ nsc.c:64:5
	adr	r0, .LCPI5_0
.Ltmp16:
	@DEBUG_VALUE: Secure_PA13_LED_Off:num <- [DW_OP_LLVM_entry_value 1] $r0
	bl	puts
	ldr	r1, __arm_cp.5_1
	movs	r0, #1
	.loc	2 65 10                         @ nsc.c:65:10
	str	r0, [r1]
	.loc	2 66 5                          @ nsc.c:66:5
	pop	{r7}
	pop	{r1}
	mov	lr, r1
	mov	r1, lr
	mov	r2, lr
	mov	r3, lr
	mov	r12, lr
	msr	apsr, lr
	bxns	lr
.Ltmp17:
	.p2align	2
@ %bb.1:
	.loc	2 0 5 is_stmt 0                 @ nsc.c:0:5
.LCPI5_0:
.Lstr.11:
	.asciz	"Secure PA13 LED Off call by secure\000"
__arm_cp.5_1:
	.long	1073760308                      @ 0x40004834
.Lcpi_end5:
	.size	__arm_cp.5_1, .Lcpi_end5-__arm_cp.5_1
.Lfunc_end5:
	.size	Secure_PA13_LED_Off, .Lfunc_end5-Secure_PA13_LED_Off
	.cfi_endproc
	.cantunwind
	.fnend
                                        @ -- End function
	.section	.text.GetSystemCoreClock,"ax",%progbits
	.hidden	GetSystemCoreClock              @ -- Begin function GetSystemCoreClock
	.globl	GetSystemCoreClock
	.p2align	2
	.type	GetSystemCoreClock,%function
	.code	16                              @ @GetSystemCoreClock
	.thumb_func
	.globl	__acle_se_GetSystemCoreClock
	.type	__acle_se_GetSystemCoreClock,%function
__acle_se_GetSystemCoreClock:
GetSystemCoreClock:
.Lfunc_begin6:
	.loc	2 71 0 is_stmt 1                @ nsc.c:71:0
	.fnstart
	.cfi_startproc
@ %bb.0:
	.loc	2 73 12 prologue_end            @ nsc.c:73:12
	ldr	r0, __arm_cp.6_0
	ldr	r0, [r0]
	.loc	2 73 5 is_stmt 0                @ nsc.c:73:5
	mov	r1, lr
	mov	r2, lr
	mov	r3, lr
	mov	r12, lr
	msr	apsr, lr
	bxns	lr
.Ltmp18:
	.p2align	2
@ %bb.1:
	.loc	2 0 5                           @ nsc.c:0:5
__arm_cp.6_0:
	.long	SystemCoreClock
.Lcpi_end6:
	.size	__arm_cp.6_0, .Lcpi_end6-__arm_cp.6_0
.Lfunc_end6:
	.size	GetSystemCoreClock, .Lfunc_end6-GetSystemCoreClock
	.cfi_endproc
	.cantunwind
	.fnend
                                        @ -- End function
	.section	.text.Print_Pulse,"ax",%progbits
	.hidden	Print_Pulse                     @ -- Begin function Print_Pulse
	.globl	Print_Pulse
	.p2align	2
	.type	Print_Pulse,%function
	.code	16                              @ @Print_Pulse
	.thumb_func
	.globl	__acle_se_Print_Pulse
	.type	__acle_se_Print_Pulse,%function
__acle_se_Print_Pulse:
Print_Pulse:
.Lfunc_begin7:
	.loc	2 79 0 is_stmt 1                @ nsc.c:79:0
	.fnstart
	.cfi_startproc
@ %bb.0:
	.save	{r7, lr}
	push	{r7, lr}
	.cfi_def_cfa_offset 8
	.cfi_offset lr, -4
	.cfi_offset r7, -8
.Ltmp19:
	.loc	2 80 38 prologue_end            @ nsc.c:80:38
	ldr	r0, __arm_cp.7_0
	ldr	r1, [r0]
	.loc	2 80 46 is_stmt 0               @ nsc.c:80:46
	ldr	r2, [r0]
	.loc	2 80 3                          @ nsc.c:80:3
	adr	r0, .LCPI7_1
	bl	__2printf
	.loc	2 81 1 is_stmt 1                @ nsc.c:81:1
	pop	{r7}
	pop	{r0}
	mov	lr, r0
	mov	r0, lr
	mov	r1, lr
	mov	r2, lr
	mov	r3, lr
	mov	r12, lr
	msr	apsr, lr
	bxns	lr
.Ltmp20:
	.p2align	2
@ %bb.1:
	.loc	2 0 1 is_stmt 0                 @ nsc.c:0:1
__arm_cp.7_0:
	.long	hr_val
.Lcpi_end7:
	.size	__arm_cp.7_0, .Lcpi_end7-__arm_cp.7_0
.LCPI7_1:
.L.str.6:
	.asciz	"HR_val : %#08x(%d),\t \n\000"
.Lfunc_end7:
	.size	Print_Pulse, .Lfunc_end7-Print_Pulse
	.cfi_endproc
	.cantunwind
	.fnend
                                        @ -- End function
	.section	.text.Get_Pulse,"ax",%progbits
	.hidden	Get_Pulse                       @ -- Begin function Get_Pulse
	.globl	Get_Pulse
	.p2align	2
	.type	Get_Pulse,%function
	.code	16                              @ @Get_Pulse
	.thumb_func
	.globl	__acle_se_Get_Pulse
	.type	__acle_se_Get_Pulse,%function
__acle_se_Get_Pulse:
Get_Pulse:
.Lfunc_begin8:
	.loc	2 85 0 is_stmt 1                @ nsc.c:85:0
	.fnstart
	.cfi_startproc
@ %bb.0:
	.loc	2 86 10 prologue_end            @ nsc.c:86:10
	ldr	r0, __arm_cp.8_0
	ldr	r0, [r0]
	.loc	2 86 3 is_stmt 0                @ nsc.c:86:3
	mov	r1, lr
	mov	r2, lr
	mov	r3, lr
	mov	r12, lr
	msr	apsr, lr
	bxns	lr
.Ltmp21:
	.p2align	2
@ %bb.1:
	.loc	2 0 3                           @ nsc.c:0:3
__arm_cp.8_0:
	.long	hr_val
.Lcpi_end8:
	.size	__arm_cp.8_0, .Lcpi_end8-__arm_cp.8_0
.Lfunc_end8:
	.size	Get_Pulse, .Lfunc_end8-Get_Pulse
	.cfi_endproc
	.cantunwind
	.fnend
                                        @ -- End function
	.globl	_printf_percent
	.globl	_printf_flags
	.globl	_printf_widthprec
	.globl	_printf_pre_padding
	.globl	_printf_x
	.globl	_printf_d
	.globl	_printf_int_dec
	.globl	_printf_longlong_hex
	.hidden	_printf_percent
	.hidden	_printf_flags
	.hidden	_printf_widthprec
	.hidden	_printf_pre_padding
	.hidden	_printf_x
	.hidden	_printf_d
	.hidden	_printf_int_dec
	.hidden	_printf_longlong_hex
	.section	.debug_loc,"",%progbits
.Ldebug_loc0:
	.long	-1
	.long	.Lfunc_begin0                   @   base address
	.long	.Lfunc_begin0-.Lfunc_begin0
	.long	.Ltmp1-.Lfunc_begin0
	.short	1                               @ Loc expr size
	.byte	80                              @ DW_OP_reg0
	.long	.Ltmp1-.Lfunc_begin0
	.long	.Ltmp2-.Lfunc_begin0
	.short	3                               @ Loc expr size
	.byte	163                             @ DW_OP_entry_value
	.byte	1                               @ 1
	.byte	80                              @ DW_OP_reg0
	.long	0
	.long	0
.Ldebug_loc1:
	.long	-1
	.long	.Lfunc_begin1                   @   base address
	.long	.Lfunc_begin1-.Lfunc_begin1
	.long	.Ltmp4-.Lfunc_begin1
	.short	1                               @ Loc expr size
	.byte	80                              @ DW_OP_reg0
	.long	.Ltmp4-.Lfunc_begin1
	.long	.Ltmp5-.Lfunc_begin1
	.short	3                               @ Loc expr size
	.byte	163                             @ DW_OP_entry_value
	.byte	1                               @ 1
	.byte	80                              @ DW_OP_reg0
	.long	0
	.long	0
.Ldebug_loc2:
	.long	-1
	.long	.Lfunc_begin2                   @   base address
	.long	.Lfunc_begin2-.Lfunc_begin2
	.long	.Ltmp7-.Lfunc_begin2
	.short	1                               @ Loc expr size
	.byte	80                              @ DW_OP_reg0
	.long	.Ltmp7-.Lfunc_begin2
	.long	.Ltmp8-.Lfunc_begin2
	.short	3                               @ Loc expr size
	.byte	163                             @ DW_OP_entry_value
	.byte	1                               @ 1
	.byte	80                              @ DW_OP_reg0
	.long	0
	.long	0
.Ldebug_loc3:
	.long	-1
	.long	.Lfunc_begin3                   @   base address
	.long	.Lfunc_begin3-.Lfunc_begin3
	.long	.Ltmp10-.Lfunc_begin3
	.short	1                               @ Loc expr size
	.byte	80                              @ DW_OP_reg0
	.long	.Ltmp10-.Lfunc_begin3
	.long	.Ltmp11-.Lfunc_begin3
	.short	3                               @ Loc expr size
	.byte	163                             @ DW_OP_entry_value
	.byte	1                               @ 1
	.byte	80                              @ DW_OP_reg0
	.long	0
	.long	0
.Ldebug_loc4:
	.long	-1
	.long	.Lfunc_begin4                   @   base address
	.long	.Lfunc_begin4-.Lfunc_begin4
	.long	.Ltmp13-.Lfunc_begin4
	.short	1                               @ Loc expr size
	.byte	80                              @ DW_OP_reg0
	.long	.Ltmp13-.Lfunc_begin4
	.long	.Ltmp14-.Lfunc_begin4
	.short	3                               @ Loc expr size
	.byte	163                             @ DW_OP_entry_value
	.byte	1                               @ 1
	.byte	80                              @ DW_OP_reg0
	.long	0
	.long	0
.Ldebug_loc5:
	.long	-1
	.long	.Lfunc_begin5                   @   base address
	.long	.Lfunc_begin5-.Lfunc_begin5
	.long	.Ltmp16-.Lfunc_begin5
	.short	1                               @ Loc expr size
	.byte	80                              @ DW_OP_reg0
	.long	.Ltmp16-.Lfunc_begin5
	.long	.Ltmp17-.Lfunc_begin5
	.short	3                               @ Loc expr size
	.byte	163                             @ DW_OP_entry_value
	.byte	1                               @ 1
	.byte	80                              @ DW_OP_reg0
	.long	0
	.long	0
	.section	.debug_abbrev,"",%progbits
	.byte	1                               @ Abbreviation Code
	.byte	17                              @ DW_TAG_compile_unit
	.byte	1                               @ DW_CHILDREN_yes
	.byte	37                              @ DW_AT_producer
	.byte	14                              @ DW_FORM_strp
	.byte	19                              @ DW_AT_language
	.byte	5                               @ DW_FORM_data2
	.byte	3                               @ DW_AT_name
	.byte	14                              @ DW_FORM_strp
	.byte	16                              @ DW_AT_stmt_list
	.byte	6                               @ DW_FORM_data4
	.byte	27                              @ DW_AT_comp_dir
	.byte	14                              @ DW_FORM_strp
	.byte	17                              @ DW_AT_low_pc
	.byte	1                               @ DW_FORM_addr
	.byte	85                              @ DW_AT_ranges
	.byte	6                               @ DW_FORM_data4
	.byte	0                               @ EOM(1)
	.byte	0                               @ EOM(2)
	.byte	2                               @ Abbreviation Code
	.byte	15                              @ DW_TAG_pointer_type
	.byte	0                               @ DW_CHILDREN_no
	.byte	73                              @ DW_AT_type
	.byte	19                              @ DW_FORM_ref4
	.byte	0                               @ EOM(1)
	.byte	0                               @ EOM(2)
	.byte	3                               @ Abbreviation Code
	.byte	53                              @ DW_TAG_volatile_type
	.byte	0                               @ DW_CHILDREN_no
	.byte	73                              @ DW_AT_type
	.byte	19                              @ DW_FORM_ref4
	.byte	0                               @ EOM(1)
	.byte	0                               @ EOM(2)
	.byte	4                               @ Abbreviation Code
	.byte	22                              @ DW_TAG_typedef
	.byte	0                               @ DW_CHILDREN_no
	.byte	73                              @ DW_AT_type
	.byte	19                              @ DW_FORM_ref4
	.byte	3                               @ DW_AT_name
	.byte	14                              @ DW_FORM_strp
	.byte	58                              @ DW_AT_decl_file
	.byte	11                              @ DW_FORM_data1
	.byte	59                              @ DW_AT_decl_line
	.byte	11                              @ DW_FORM_data1
	.byte	0                               @ EOM(1)
	.byte	0                               @ EOM(2)
	.byte	5                               @ Abbreviation Code
	.byte	36                              @ DW_TAG_base_type
	.byte	0                               @ DW_CHILDREN_no
	.byte	3                               @ DW_AT_name
	.byte	14                              @ DW_FORM_strp
	.byte	62                              @ DW_AT_encoding
	.byte	11                              @ DW_FORM_data1
	.byte	11                              @ DW_AT_byte_size
	.byte	11                              @ DW_FORM_data1
	.byte	0                               @ EOM(1)
	.byte	0                               @ EOM(2)
	.byte	6                               @ Abbreviation Code
	.byte	46                              @ DW_TAG_subprogram
	.byte	1                               @ DW_CHILDREN_yes
	.byte	17                              @ DW_AT_low_pc
	.byte	1                               @ DW_FORM_addr
	.byte	18                              @ DW_AT_high_pc
	.byte	1                               @ DW_FORM_addr
	.byte	64                              @ DW_AT_frame_base
	.byte	10                              @ DW_FORM_block1
	.byte	3                               @ DW_AT_name
	.byte	14                              @ DW_FORM_strp
	.byte	58                              @ DW_AT_decl_file
	.byte	11                              @ DW_FORM_data1
	.byte	59                              @ DW_AT_decl_line
	.byte	11                              @ DW_FORM_data1
	.byte	39                              @ DW_AT_prototyped
	.byte	12                              @ DW_FORM_flag
	.byte	73                              @ DW_AT_type
	.byte	19                              @ DW_FORM_ref4
	.byte	63                              @ DW_AT_external
	.byte	12                              @ DW_FORM_flag
	.byte	0                               @ EOM(1)
	.byte	0                               @ EOM(2)
	.byte	7                               @ Abbreviation Code
	.byte	5                               @ DW_TAG_formal_parameter
	.byte	0                               @ DW_CHILDREN_no
	.byte	2                               @ DW_AT_location
	.byte	6                               @ DW_FORM_data4
	.byte	3                               @ DW_AT_name
	.byte	14                              @ DW_FORM_strp
	.byte	58                              @ DW_AT_decl_file
	.byte	11                              @ DW_FORM_data1
	.byte	59                              @ DW_AT_decl_line
	.byte	11                              @ DW_FORM_data1
	.byte	73                              @ DW_AT_type
	.byte	19                              @ DW_FORM_ref4
	.byte	0                               @ EOM(1)
	.byte	0                               @ EOM(2)
	.byte	8                               @ Abbreviation Code
	.byte	46                              @ DW_TAG_subprogram
	.byte	0                               @ DW_CHILDREN_no
	.byte	17                              @ DW_AT_low_pc
	.byte	1                               @ DW_FORM_addr
	.byte	18                              @ DW_AT_high_pc
	.byte	1                               @ DW_FORM_addr
	.byte	64                              @ DW_AT_frame_base
	.byte	10                              @ DW_FORM_block1
	.byte	3                               @ DW_AT_name
	.byte	14                              @ DW_FORM_strp
	.byte	58                              @ DW_AT_decl_file
	.byte	11                              @ DW_FORM_data1
	.byte	59                              @ DW_AT_decl_line
	.byte	11                              @ DW_FORM_data1
	.byte	39                              @ DW_AT_prototyped
	.byte	12                              @ DW_FORM_flag
	.byte	73                              @ DW_AT_type
	.byte	19                              @ DW_FORM_ref4
	.byte	63                              @ DW_AT_external
	.byte	12                              @ DW_FORM_flag
	.byte	0                               @ EOM(1)
	.byte	0                               @ EOM(2)
	.byte	9                               @ Abbreviation Code
	.byte	46                              @ DW_TAG_subprogram
	.byte	0                               @ DW_CHILDREN_no
	.byte	17                              @ DW_AT_low_pc
	.byte	1                               @ DW_FORM_addr
	.byte	18                              @ DW_AT_high_pc
	.byte	1                               @ DW_FORM_addr
	.byte	64                              @ DW_AT_frame_base
	.byte	10                              @ DW_FORM_block1
	.byte	3                               @ DW_AT_name
	.byte	14                              @ DW_FORM_strp
	.byte	58                              @ DW_AT_decl_file
	.byte	11                              @ DW_FORM_data1
	.byte	59                              @ DW_AT_decl_line
	.byte	11                              @ DW_FORM_data1
	.byte	63                              @ DW_AT_external
	.byte	12                              @ DW_FORM_flag
	.byte	0                               @ EOM(1)
	.byte	0                               @ EOM(2)
	.byte	10                              @ Abbreviation Code
	.byte	46                              @ DW_TAG_subprogram
	.byte	0                               @ DW_CHILDREN_no
	.byte	17                              @ DW_AT_low_pc
	.byte	1                               @ DW_FORM_addr
	.byte	18                              @ DW_AT_high_pc
	.byte	1                               @ DW_FORM_addr
	.byte	64                              @ DW_AT_frame_base
	.byte	10                              @ DW_FORM_block1
	.byte	3                               @ DW_AT_name
	.byte	14                              @ DW_FORM_strp
	.byte	58                              @ DW_AT_decl_file
	.byte	11                              @ DW_FORM_data1
	.byte	59                              @ DW_AT_decl_line
	.byte	11                              @ DW_FORM_data1
	.byte	73                              @ DW_AT_type
	.byte	19                              @ DW_FORM_ref4
	.byte	63                              @ DW_AT_external
	.byte	12                              @ DW_FORM_flag
	.byte	0                               @ EOM(1)
	.byte	0                               @ EOM(2)
	.byte	0                               @ EOM(3)
	.section	.debug_info,"",%progbits
.Lcu_begin0:
	.long	.Ldebug_info_end0-.Ldebug_info_start0 @ Length of Unit
.Ldebug_info_start0:
	.short	3                               @ DWARF version number
	.long	.debug_abbrev                   @ Offset Into Abbrev. Section
	.byte	4                               @ Address Size (in bytes)
	.byte	1                               @ Abbrev [1] 0xb:0x173 DW_TAG_compile_unit
	.long	.Linfo_string0                  @ DW_AT_producer
	.short	12                              @ DW_AT_language
	.long	.Linfo_string1                  @ DW_AT_name
	.long	.Lline_table_start0             @ DW_AT_stmt_list
	.long	.Linfo_string2                  @ DW_AT_comp_dir
	.long	0                               @ DW_AT_low_pc
	.long	.Ldebug_ranges0                 @ DW_AT_ranges
	.byte	2                               @ Abbrev [2] 0x26:0x5 DW_TAG_pointer_type
	.long	43                              @ DW_AT_type
	.byte	3                               @ Abbrev [3] 0x2b:0x5 DW_TAG_volatile_type
	.long	48                              @ DW_AT_type
	.byte	4                               @ Abbrev [4] 0x30:0xb DW_TAG_typedef
	.long	59                              @ DW_AT_type
	.long	.Linfo_string4                  @ DW_AT_name
	.byte	1                               @ DW_AT_decl_file
	.byte	64                              @ DW_AT_decl_line
	.byte	5                               @ Abbrev [5] 0x3b:0x7 DW_TAG_base_type
	.long	.Linfo_string3                  @ DW_AT_name
	.byte	7                               @ DW_AT_encoding
	.byte	4                               @ DW_AT_byte_size
	.byte	6                               @ Abbrev [6] 0x42:0x27 DW_TAG_subprogram
	.long	.Lfunc_begin0                   @ DW_AT_low_pc
	.long	.Lfunc_end0                     @ DW_AT_high_pc
	.byte	1                               @ DW_AT_frame_base
	.byte	93
	.long	.Linfo_string5                  @ DW_AT_name
	.byte	2                               @ DW_AT_decl_file
	.byte	22                              @ DW_AT_decl_line
	.byte	1                               @ DW_AT_prototyped
	.long	363                             @ DW_AT_type
	.byte	1                               @ DW_AT_external
	.byte	7                               @ Abbrev [7] 0x59:0xf DW_TAG_formal_parameter
	.long	.Ldebug_loc0                    @ DW_AT_location
	.long	.Linfo_string16                 @ DW_AT_name
	.byte	2                               @ DW_AT_decl_file
	.byte	22                              @ DW_AT_decl_line
	.long	48                              @ DW_AT_type
	.byte	0                               @ End Of Children Mark
	.byte	6                               @ Abbrev [6] 0x69:0x27 DW_TAG_subprogram
	.long	.Lfunc_begin1                   @ DW_AT_low_pc
	.long	.Lfunc_end1                     @ DW_AT_high_pc
	.byte	1                               @ DW_AT_frame_base
	.byte	93
	.long	.Linfo_string8                  @ DW_AT_name
	.byte	2                               @ DW_AT_decl_file
	.byte	30                              @ DW_AT_decl_line
	.byte	1                               @ DW_AT_prototyped
	.long	363                             @ DW_AT_type
	.byte	1                               @ DW_AT_external
	.byte	7                               @ Abbrev [7] 0x80:0xf DW_TAG_formal_parameter
	.long	.Ldebug_loc1                    @ DW_AT_location
	.long	.Linfo_string16                 @ DW_AT_name
	.byte	2                               @ DW_AT_decl_file
	.byte	30                              @ DW_AT_decl_line
	.long	48                              @ DW_AT_type
	.byte	0                               @ End Of Children Mark
	.byte	6                               @ Abbrev [6] 0x90:0x27 DW_TAG_subprogram
	.long	.Lfunc_begin2                   @ DW_AT_low_pc
	.long	.Lfunc_end2                     @ DW_AT_high_pc
	.byte	1                               @ DW_AT_frame_base
	.byte	93
	.long	.Linfo_string9                  @ DW_AT_name
	.byte	2                               @ DW_AT_decl_file
	.byte	38                              @ DW_AT_decl_line
	.byte	1                               @ DW_AT_prototyped
	.long	363                             @ DW_AT_type
	.byte	1                               @ DW_AT_external
	.byte	7                               @ Abbrev [7] 0xa7:0xf DW_TAG_formal_parameter
	.long	.Ldebug_loc2                    @ DW_AT_location
	.long	.Linfo_string16                 @ DW_AT_name
	.byte	2                               @ DW_AT_decl_file
	.byte	38                              @ DW_AT_decl_line
	.long	48                              @ DW_AT_type
	.byte	0                               @ End Of Children Mark
	.byte	6                               @ Abbrev [6] 0xb7:0x27 DW_TAG_subprogram
	.long	.Lfunc_begin3                   @ DW_AT_low_pc
	.long	.Lfunc_end3                     @ DW_AT_high_pc
	.byte	1                               @ DW_AT_frame_base
	.byte	93
	.long	.Linfo_string10                 @ DW_AT_name
	.byte	2                               @ DW_AT_decl_file
	.byte	46                              @ DW_AT_decl_line
	.byte	1                               @ DW_AT_prototyped
	.long	363                             @ DW_AT_type
	.byte	1                               @ DW_AT_external
	.byte	7                               @ Abbrev [7] 0xce:0xf DW_TAG_formal_parameter
	.long	.Ldebug_loc3                    @ DW_AT_location
	.long	.Linfo_string16                 @ DW_AT_name
	.byte	2                               @ DW_AT_decl_file
	.byte	46                              @ DW_AT_decl_line
	.long	48                              @ DW_AT_type
	.byte	0                               @ End Of Children Mark
	.byte	6                               @ Abbrev [6] 0xde:0x27 DW_TAG_subprogram
	.long	.Lfunc_begin4                   @ DW_AT_low_pc
	.long	.Lfunc_end4                     @ DW_AT_high_pc
	.byte	1                               @ DW_AT_frame_base
	.byte	93
	.long	.Linfo_string11                 @ DW_AT_name
	.byte	2                               @ DW_AT_decl_file
	.byte	54                              @ DW_AT_decl_line
	.byte	1                               @ DW_AT_prototyped
	.long	363                             @ DW_AT_type
	.byte	1                               @ DW_AT_external
	.byte	7                               @ Abbrev [7] 0xf5:0xf DW_TAG_formal_parameter
	.long	.Ldebug_loc4                    @ DW_AT_location
	.long	.Linfo_string16                 @ DW_AT_name
	.byte	2                               @ DW_AT_decl_file
	.byte	54                              @ DW_AT_decl_line
	.long	48                              @ DW_AT_type
	.byte	0                               @ End Of Children Mark
	.byte	6                               @ Abbrev [6] 0x105:0x27 DW_TAG_subprogram
	.long	.Lfunc_begin5                   @ DW_AT_low_pc
	.long	.Lfunc_end5                     @ DW_AT_high_pc
	.byte	1                               @ DW_AT_frame_base
	.byte	93
	.long	.Linfo_string12                 @ DW_AT_name
	.byte	2                               @ DW_AT_decl_file
	.byte	62                              @ DW_AT_decl_line
	.byte	1                               @ DW_AT_prototyped
	.long	363                             @ DW_AT_type
	.byte	1                               @ DW_AT_external
	.byte	7                               @ Abbrev [7] 0x11c:0xf DW_TAG_formal_parameter
	.long	.Ldebug_loc5                    @ DW_AT_location
	.long	.Linfo_string16                 @ DW_AT_name
	.byte	2                               @ DW_AT_decl_file
	.byte	62                              @ DW_AT_decl_line
	.long	48                              @ DW_AT_type
	.byte	0                               @ End Of Children Mark
	.byte	8                               @ Abbrev [8] 0x12c:0x17 DW_TAG_subprogram
	.long	.Lfunc_begin6                   @ DW_AT_low_pc
	.long	.Lfunc_end6                     @ DW_AT_high_pc
	.byte	1                               @ DW_AT_frame_base
	.byte	93
	.long	.Linfo_string13                 @ DW_AT_name
	.byte	2                               @ DW_AT_decl_file
	.byte	70                              @ DW_AT_decl_line
	.byte	1                               @ DW_AT_prototyped
	.long	48                              @ DW_AT_type
	.byte	1                               @ DW_AT_external
	.byte	9                               @ Abbrev [9] 0x143:0x12 DW_TAG_subprogram
	.long	.Lfunc_begin7                   @ DW_AT_low_pc
	.long	.Lfunc_end7                     @ DW_AT_high_pc
	.byte	1                               @ DW_AT_frame_base
	.byte	93
	.long	.Linfo_string14                 @ DW_AT_name
	.byte	2                               @ DW_AT_decl_file
	.byte	78                              @ DW_AT_decl_line
	.byte	1                               @ DW_AT_external
	.byte	10                              @ Abbrev [10] 0x155:0x16 DW_TAG_subprogram
	.long	.Lfunc_begin8                   @ DW_AT_low_pc
	.long	.Lfunc_end8                     @ DW_AT_high_pc
	.byte	1                               @ DW_AT_frame_base
	.byte	93
	.long	.Linfo_string15                 @ DW_AT_name
	.byte	2                               @ DW_AT_decl_file
	.byte	84                              @ DW_AT_decl_line
	.long	363                             @ DW_AT_type
	.byte	1                               @ DW_AT_external
	.byte	4                               @ Abbrev [4] 0x16b:0xb DW_TAG_typedef
	.long	374                             @ DW_AT_type
	.long	.Linfo_string7                  @ DW_AT_name
	.byte	1                               @ DW_AT_decl_file
	.byte	58                              @ DW_AT_decl_line
	.byte	5                               @ Abbrev [5] 0x176:0x7 DW_TAG_base_type
	.long	.Linfo_string6                  @ DW_AT_name
	.byte	5                               @ DW_AT_encoding
	.byte	4                               @ DW_AT_byte_size
	.byte	0                               @ End Of Children Mark
.Ldebug_info_end0:
	.section	.debug_ranges,"",%progbits
.Ldebug_ranges0:
	.long	.Lfunc_begin0
	.long	.Lfunc_end0
	.long	.Lfunc_begin1
	.long	.Lfunc_end1
	.long	.Lfunc_begin2
	.long	.Lfunc_end2
	.long	.Lfunc_begin3
	.long	.Lfunc_end3
	.long	.Lfunc_begin4
	.long	.Lfunc_end4
	.long	.Lfunc_begin5
	.long	.Lfunc_end5
	.long	.Lfunc_begin6
	.long	.Lfunc_end6
	.long	.Lfunc_begin7
	.long	.Lfunc_end7
	.long	.Lfunc_begin8
	.long	.Lfunc_end8
	.long	0
	.long	0
	.section	.debug_str,"MS",%progbits,1
.Linfo_string0:
	.asciz	"Component: ARM Compiler 6.15 Tool: armclang [5dd79400]" @ string offset=0
.Linfo_string1:
	.asciz	"../I2C_MAX30102\\nsc.c"        @ string offset=55
.Linfo_string2:
	.asciz	"C:\\Users\\shw26\\OneDrive\\Desktop\\2021\\2021-1\\\354\272\241\354\212\244\355\206\244\353\224\224\354\236\220\354\235\2702\\Nuvoton\\M2351_BSP_v3.00.004\\M2351Series_BSP_CMSIS_V3.00.004\\MyProject\\I2C_MAX30102" @ string offset=77
.Linfo_string3:
	.asciz	"unsigned int"                  @ string offset=224
.Linfo_string4:
	.asciz	"uint32_t"                      @ string offset=237
.Linfo_string5:
	.asciz	"Secure_PA11_LED_On"            @ string offset=246
.Linfo_string6:
	.asciz	"int"                           @ string offset=265
.Linfo_string7:
	.asciz	"int32_t"                       @ string offset=269
.Linfo_string8:
	.asciz	"Secure_PA11_LED_Off"           @ string offset=277
.Linfo_string9:
	.asciz	"Secure_PA12_LED_On"            @ string offset=297
.Linfo_string10:
	.asciz	"Secure_PA12_LED_Off"           @ string offset=316
.Linfo_string11:
	.asciz	"Secure_PA13_LED_On"            @ string offset=336
.Linfo_string12:
	.asciz	"Secure_PA13_LED_Off"           @ string offset=355
.Linfo_string13:
	.asciz	"GetSystemCoreClock"            @ string offset=375
.Linfo_string14:
	.asciz	"Print_Pulse"                   @ string offset=394
.Linfo_string15:
	.asciz	"Get_Pulse"                     @ string offset=406
.Linfo_string16:
	.asciz	"num"                           @ string offset=416
	.ident	"Component: ARM Compiler 6.15 Tool: armclang [5dd79400]"
	.section	".note.GNU-stack","",%progbits
	.eabi_attribute	30, 1	@ Tag_ABI_optimization_goals
	.ARM_attribute	16, 1	@ Tag_AV_eba
	.section	.debug_line,"",%progbits
.Lline_table_start0:
